Log.SchemaVersion=2
Log.SessionId=20260814T174053.714Z-358076-42FB589846E
Event.Sequence=1
Event.Utc=2026-08-14T17:40:53.714Z
Event.MonotonicUs=10
Event.ProcessId=358076
Event.ThreadId=357128
Event.Level=Info
Event.Name=Process.Startup
Product.Version=0.1.0-alpha.12
Process.Mode=interactive
---
Log.SchemaVersion=2
Log.SessionId=20260814T174053.714Z-358076-42FB589846E
Event.Sequence=2
Event.Utc=2026-08-14T17:40:53.715Z
Event.MonotonicUs=1568
Event.ProcessId=358076
Event.ThreadId=357128
Event.Level=Info
Event.Name=Message
Event.Message=Package.Identity=absent;FullNameError=0x00003D54;PathError=0x00003D54
---
Log.SchemaVersion=2
Log.SessionId=20260814T174053.714Z-358076-42FB589846E
Event.Sequence=3
Event.Utc=2026-08-14T17:40:54.005Z
Event.MonotonicUs=292325
Event.ProcessId=358076
Event.ThreadId=357128
Event.Level=Info
Event.Name=Message
Event.Message=IPC control service started
---
Log.SchemaVersion=2
Log.SessionId=20260814T174053.714Z-358076-42FB589846E
Event.Sequence=4
Event.Utc=2026-08-14T17:40:54.006Z
Event.MonotonicUs=292999
Event.ProcessId=358076
Event.ThreadId=357128
Event.Level=Info
Event.Name=Message
Event.Message=BackgroundCapture.Action.Begin=stop-sensor;Index=0
---
Log.SchemaVersion=2
Log.SessionId=20260814T174053.714Z-358076-42FB589846E
Event.Sequence=5
Event.Utc=2026-08-14T17:40:54.007Z
Event.MonotonicUs=293480
Event.ProcessId=358076
Event.ThreadId=357128
Event.Level=Info
Event.Name=Message
Event.Message=BackgroundCapture.Action.End=stop-sensor;Index=0;Succeeded=true;ElapsedUs=0
---
Log.SchemaVersion=2
Log.SessionId=20260814T174053.714Z-358076-42FB589846E
Event.Sequence=6
Event.Utc=2026-08-14T17:40:54.007Z
Event.MonotonicUs=293784
Event.ProcessId=358076
Event.ThreadId=357128
Event.Level=Info
Event.Name=Message
Event.Message=BackgroundCapture.Action.Begin=set-affinity-excluded;Index=1
---
Log.SchemaVersion=2
Log.SessionId=20260814T174053.714Z-358076-42FB589846E
Event.Sequence=7
Event.Utc=2026-08-14T17:40:54.010Z
Event.MonotonicUs=296217
Event.ProcessId=358076
Event.ThreadId=357128
Event.Level=Info
Event.Name=Message
Event.Message=Capture.Exclusion.Requested=0x00000011;Observed=0x00000011;Set=succeeded;SetError=0x00000000;Query=succeeded;QueryError=0x00000000
---
Log.SchemaVersion=2
Log.SessionId=20260814T174053.714Z-358076-42FB589846E
Event.Sequence=8
Event.Utc=2026-08-14T17:40:54.010Z
Event.MonotonicUs=296561
Event.ProcessId=358076
Event.ThreadId=357128
Event.Level=Info
Event.Name=Message
Event.Message=BackgroundCapture.Action.End=set-affinity-excluded;Index=1;Succeeded=true;ElapsedUs=2472
---
Log.SchemaVersion=2
Log.SessionId=20260814T174053.714Z-358076-42FB589846E
Event.Sequence=9
Event.Utc=2026-08-14T17:40:54.010Z
Event.MonotonicUs=296851
Event.ProcessId=358076
Event.ThreadId=357128
Event.Level=Info
Event.Name=Message
Event.Message=BackgroundCapture.Action.Begin=apply-overlay-profile;Index=2
---
Log.SchemaVersion=2
Log.SessionId=20260814T174053.714Z-358076-42FB589846E
Event.Sequence=10
Event.Utc=2026-08-14T17:40:54.011Z
Event.MonotonicUs=297143
Event.ProcessId=358076
Event.ThreadId=357128
Event.Level=Info
Event.Name=Message
Event.Message=BackgroundCapture.Action.End=apply-overlay-profile;Index=2;Succeeded=true;ElapsedUs=0
---
Log.SchemaVersion=2
Log.SessionId=20260814T174053.714Z-358076-42FB589846E
Event.Sequence=11
Event.Utc=2026-08-14T17:40:54.011Z
Event.MonotonicUs=297405
Event.ProcessId=358076
Event.ThreadId=357128
Event.Level=Info
Event.Name=Message
Event.Message=BackgroundCapture.Action.Begin=start-sensor;Index=3
---
Log.SchemaVersion=2
Log.SessionId=20260814T174053.714Z-358076-42FB589846E
Event.Sequence=12
Event.Utc=2026-08-14T17:40:54.108Z
Event.MonotonicUs=394926
Event.ProcessId=358076
Event.ThreadId=357128
Event.Level=Info
Event.Name=Message
Event.Message=BackgroundCapture.Action.End=start-sensor;Index=3;Succeeded=true;ElapsedUs=97194
---
Log.SchemaVersion=2
Log.SessionId=20260814T174053.714Z-358076-42FB589846E
Event.Sequence=13
Event.Utc=2026-08-14T17:40:54.108Z
Event.MonotonicUs=395408
Event.ProcessId=358076
Event.ThreadId=357128
Event.Level=Info
Event.Name=Message
Event.Message=BackgroundCapture.Transaction.End;Actions=4;ElapsedUs=102482
---
Log.SchemaVersion=2
Log.SessionId=20260814T174053.714Z-358076-42FB589846E
Event.Sequence=14
Event.Utc=2026-08-14T17:40:54.110Z
Event.MonotonicUs=395923
Event.ProcessId=358076
Event.ThreadId=357128
Event.Level=Info
Event.Name=Message
Event.Message=WGC capture session active; system-border=visible-allowed; cursor=excluded
---
Log.SchemaVersion=2
Log.SessionId=20260814T174053.714Z-358076-42FB589846E
Event.Sequence=15
Event.Utc=2026-08-14T17:40:54.110Z
Event.MonotonicUs=396430
Event.ProcessId=358076
Event.ThreadId=357128
Event.Level=Info
Event.Name=SupportReport
Report.GeneratedUtc=2026-08-14T17:40:54.110Z
Product.Name=ba-click-fx-desktop
Product.Version=0.1.0-alpha.12
Status=Ready
Support.Scope=single-primary-monitor;fx-only-or-wgc;sdr-tested
Support.HDR=not-supported
Support.WGC=active
Support.MultiDisplay=not-supported
Configuration.SchemaVersion=7
IPC.ControlService=active
OS.Version=10.0.19045
OS.Architecture=x64
Display.Primary=3840x2160@0,0
Display.PrimaryDpi=144
Display.RefreshRateSource=dwm-composition-timing
Display.RefreshRateNumerator=170
Display.RefreshRateDenominator=1
Display.RefreshRateHz=170.000
Display.RefreshPeriodUs=5882.353
Display.ColorMode=rgb-full-g22-p709;capability-only;luminance-valid;alpha-scope-sdr-only
Display.DxgiColorSpaceValue=0x00000000
Display.BitsPerColor=10
Display.MinLuminanceNits=0.018
Display.MaxLuminanceNits=1435.000
Display.MaxFullFrameLuminanceNits=1374.000
Log.Path=D:\C++project\ba-click-fx-desktop\artifacts\local\performance-baseline-frame-pacing-v3-c87c83a-20260815\background-aware\ba-click-fx-desktop-support.log
Log.SchemaVersion=2
Log.SessionId=20260814T174053.714Z-358076-42FB589846E
Graphics.DriverType=Hardware
Graphics.Adapter=NVIDIA GeForce RTX 4060 Laptop GPU
Graphics.AdapterLuid=00000000:0001153F
Graphics.VendorId=0x000010DE
Graphics.DeviceId=0x000028E0
Graphics.SubsystemId=0x199D1043
Graphics.Revision=161
Graphics.DedicatedVideoMemory=8342470656
Graphics.DedicatedSystemMemory=0
Graphics.SharedSystemMemory=16760870912
Graphics.DriverVersion=32.0.16.1074
Graphics.FeatureLevel=11_1
Graphics.HardwareCreateHResult=0x00000000
Graphics.HardwareFallback=none
Exit.PrimaryHotKey=registered
Exit.FallbackHotKey=polling-fallback
Exit.NotificationIcon=available
Exit.PollingFallback=enabled
---
Log.SchemaVersion=2
Log.SessionId=20260814T174053.714Z-358076-42FB589846E
Event.Sequence=16
Event.Utc=2026-08-14T17:40:54.111Z
Event.MonotonicUs=396772
Event.ProcessId=358076
Event.ThreadId=357128
Event.Level=Info
Event.Name=Configuration.Applied
Configuration.Reason=startup
Configuration.SchemaVersion=7
Effects.Enabled=true
Effects.ClickEnabled=true
Effects.TrailEnabled=true
Effects.GlobalScale=1.000
Effects.TrailLength=1.000
Effects.TrailWidth=1.000
Effects.BloomIntensity=1.000
Effects.BloomQuality=high
Effects.BloomDiffusion=7.000
Background.Mode=background-aware
Background.CursorExcluded=true
Background.AllowSystemBorder=true
Input.LeftClick=true
Input.RightClick=true
Input.MiddleClick=false
Input.SamplingRateHz=0
Input.TrailOnlyWhilePressed=true
Performance.IdleOptimization=true
Performance.FramePacing=match-display
Output.Width=3840
Output.Height=2160
---
Log.SchemaVersion=2
Log.SessionId=20260814T174053.714Z-358076-42FB589846E
Event.Sequence=17
Event.Utc=2026-08-14T17:40:54.167Z
Event.MonotonicUs=453365
Event.ProcessId=358076
Event.ThreadId=357128
Event.Level=Info
Event.Name=Message
Event.Message=WGC background sample entered the final desktop composite
---
Log.SchemaVersion=2
Log.SessionId=20260814T174053.714Z-358076-42FB589846E
Event.Sequence=18
Event.Utc=2026-08-14T17:41:04.119Z
Event.MonotonicUs=10405539
Event.ProcessId=358076
Event.ThreadId=357128
Event.Level=Info
Event.Name=Performance.Interval
Configuration.SchemaVersion=7
Effects.Enabled=true
Effects.ClickEnabled=true
Effects.TrailEnabled=true
Effects.GlobalScale=1.000
Effects.TrailLength=1.000
Effects.TrailWidth=1.000
Effects.BloomIntensity=1.000
Effects.BloomQuality=high
Effects.BloomDiffusion=7.000
Background.Mode=background-aware
Background.CursorExcluded=true
Background.AllowSystemBorder=true
Input.LeftClick=true
Input.RightClick=true
Input.MiddleClick=false
Input.SamplingRateHz=0
Input.TrailOnlyWhilePressed=true
Performance.IdleOptimization=true
Performance.FramePacing=match-display
Output.Width=3840
Output.Height=2160
Window.Final=false
Window.DurationUs=10004072
Window.FrameCount=1659
Window.PresentedFps=165.832
Runtime.Paused=false
Background.CompositeStatus=participating
Timing.CpuSemantic=inclusive-api-call-duration-not-gpu-execution
Timing.PresentSemantic=Present-call-return-not-dwm-composition-or-scanout
Timing.InputSemantic=input-to-Present-return-not-photon-latency
Timing.GpuSemantic=asynchronous-D3D11-timestamp-command-execution-not-Present-DWM-or-scanout
GPU.SampleCompletionSemantic=completed-sample-may-belong-to-an-older-reporting-window
GPU.StageApplicabilitySemantic=WGC-drain-attempted-snapshot-attempted-and-visual-FX-only
WGC.ProducerSemantic=FrameArrived-callback-rate-proxy
Diagnostics.PreviousLogWriteCpuUs=0
WGC.ActiveFrames=1659
WGC.DrainPolicy=active-fx-only
WGC.DrainAttemptedFrames=1650
WGC.IdleDrainSkippedFrames=9
WGC.ProducerCallbacks=1676
WGC.ProducerCallbackFps=167.532
WGC.FramesAcquired=1676
WGC.FramesSuperseded=31
WGC.TimestampRejectedFrames=0
WGC.OwnedCopiesSubmitted=1645
WGC.SamplesAccepted=1645
WGC.AcceptedFps=164.433
Background.SnapshotAttempts=1645
Background.SnapshotsRefreshed=1645
Background.ParticipatingFrames=1650
Input.RawMessages=0
Input.MoveEvents=0
Input.ButtonEdges=0
Input.CancelEvents=0
Input.CompactedMoveEvents=0
Input.OverflowMoveDrops=0
Input.MessageTimeUnavailable=0
MessagePump.InputDispatched=0
MessagePump.OtherDispatched=706
MessagePump.InputBudgetExhaustions=0
MessagePump.OtherBudgetExhaustions=0
FramePacing.FrameReadyWakes=1659
FramePacing.MessageWakes=161
FramePacing.Timeouts=0
FramePacing.Failures=0
GPU.TimestampProfiler.Observed=true
GPU.TimestampProfiler.Available=true
GPU.TimestampProfiler.InitializationHresult=0x00000000
GPU.FramesStarted=1659
GPU.FramesSubmitted=1659
GPU.PendingPolls=0
GPU.RingFullSkipped=0
GPU.SamplesCompleted=1658
GPU.CancelledSlotsReclaimed=0
GPU.DisjointSamples=0
GPU.QueryFailures=0
GPU.StateErrors=0
Cpu.FrameTotal.Available=true
Cpu.FrameTotal.Unit=us
Cpu.FrameTotal.Samples=1659
Cpu.FrameTotal.RecordedSamples=1659
Cpu.FrameTotal.DroppedSamples=0
Cpu.FrameTotal.Min=125
Cpu.FrameTotal.Average=281.180
Cpu.FrameTotal.P50=256
Cpu.FrameTotal.P95=395
Cpu.FrameTotal.P99=620
Cpu.FrameTotal.Max=12992
Cpu.WgcDrainInclusive.Available=true
Cpu.WgcDrainInclusive.Unit=us
Cpu.WgcDrainInclusive.Samples=1650
Cpu.WgcDrainInclusive.RecordedSamples=1650
Cpu.WgcDrainInclusive.DroppedSamples=0
Cpu.WgcDrainInclusive.Min=1
Cpu.WgcDrainInclusive.Average=141.241
Cpu.WgcDrainInclusive.P50=132
Cpu.WgcDrainInclusive.P95=213
Cpu.WgcDrainInclusive.P99=310
Cpu.WgcDrainInclusive.Max=687
Cpu.WgcOwnedCopySubmit.Available=true
Cpu.WgcOwnedCopySubmit.Unit=us
Cpu.WgcOwnedCopySubmit.Samples=1645
Cpu.WgcOwnedCopySubmit.RecordedSamples=1645
Cpu.WgcOwnedCopySubmit.DroppedSamples=0
Cpu.WgcOwnedCopySubmit.Min=0
Cpu.WgcOwnedCopySubmit.Average=2.526
Cpu.WgcOwnedCopySubmit.P50=2
Cpu.WgcOwnedCopySubmit.P95=5
Cpu.WgcOwnedCopySubmit.P99=8
Cpu.WgcOwnedCopySubmit.Max=20
Cpu.BackgroundSnapshotSubmit.Available=true
Cpu.BackgroundSnapshotSubmit.Unit=us
Cpu.BackgroundSnapshotSubmit.Samples=1645
Cpu.BackgroundSnapshotSubmit.RecordedSamples=1645
Cpu.BackgroundSnapshotSubmit.DroppedSamples=0
Cpu.BackgroundSnapshotSubmit.Min=5
Cpu.BackgroundSnapshotSubmit.Average=10.940
Cpu.BackgroundSnapshotSubmit.P50=10
Cpu.BackgroundSnapshotSubmit.P95=15
Cpu.BackgroundSnapshotSubmit.P99=21
Cpu.BackgroundSnapshotSubmit.Max=668
Cpu.FxTotalSubmit.Available=true
Cpu.FxTotalSubmit.Unit=us
Cpu.FxTotalSubmit.Samples=1659
Cpu.FxTotalSubmit.RecordedSamples=1659
Cpu.FxTotalSubmit.DroppedSamples=0
Cpu.FxTotalSubmit.Min=2
Cpu.FxTotalSubmit.Average=43.910
Cpu.FxTotalSubmit.P50=43
Cpu.FxTotalSubmit.P95=62
Cpu.FxTotalSubmit.P99=77
Cpu.FxTotalSubmit.Max=582
Cpu.FxMaterialsSubmit.Available=true
Cpu.FxMaterialsSubmit.Unit=us
Cpu.FxMaterialsSubmit.Samples=1659
Cpu.FxMaterialsSubmit.RecordedSamples=1659
Cpu.FxMaterialsSubmit.DroppedSamples=0
Cpu.FxMaterialsSubmit.Min=0
Cpu.FxMaterialsSubmit.Average=24.699
Cpu.FxMaterialsSubmit.P50=24
Cpu.FxMaterialsSubmit.P95=34
Cpu.FxMaterialsSubmit.P99=47
Cpu.FxMaterialsSubmit.Max=475
Cpu.BloomAndCompositeSubmit.Available=true
Cpu.BloomAndCompositeSubmit.Unit=us
Cpu.BloomAndCompositeSubmit.Samples=1659
Cpu.BloomAndCompositeSubmit.RecordedSamples=1659
Cpu.BloomAndCompositeSubmit.DroppedSamples=0
Cpu.BloomAndCompositeSubmit.Min=0
Cpu.BloomAndCompositeSubmit.Average=17.935
Cpu.BloomAndCompositeSubmit.P50=17
Cpu.BloomAndCompositeSubmit.P95=26
Cpu.BloomAndCompositeSubmit.P99=39
Cpu.BloomAndCompositeSubmit.Max=103
Cpu.DiagnosticReadback.Available=false
Cpu.DiagnosticReadback.Unit=us
Cpu.DiagnosticReadback.Samples=0
Cpu.DiagnosticReadback.RecordedSamples=0
Cpu.DiagnosticReadback.DroppedSamples=0
Cpu.PresentCall.Available=true
Cpu.PresentCall.Unit=us
Cpu.PresentCall.Samples=1659
Cpu.PresentCall.RecordedSamples=1659
Cpu.PresentCall.DroppedSamples=0
Cpu.PresentCall.Min=31
Cpu.PresentCall.Average=78.428
Cpu.PresentCall.P50=60
Cpu.PresentCall.P95=93
Cpu.PresentCall.P99=172
Cpu.PresentCall.Max=12913
WGC.SampleAge.Available=true
WGC.SampleAge.Unit=us
WGC.SampleAge.Samples=600
WGC.SampleAge.RecordedSamples=600
WGC.SampleAge.DroppedSamples=0
WGC.SampleAge.Min=12
WGC.SampleAge.Average=237.542
WGC.SampleAge.P50=78
WGC.SampleAge.P95=186
WGC.SampleAge.P99=5983
WGC.SampleAge.Max=41327
Input.PendingEvents.Available=false
Input.PendingEvents.Unit=events
Input.PendingEvents.Samples=0
Input.PendingEvents.RecordedSamples=0
Input.PendingEvents.DroppedSamples=0
Input.Win32QueueAge.Available=false
Input.Win32QueueAge.Unit=ms
Input.Win32QueueAge.Samples=0
Input.Win32QueueAge.RecordedSamples=0
Input.Win32QueueAge.DroppedSamples=0
Input.DispatchToPresentReturn.Available=false
Input.DispatchToPresentReturn.Unit=us
Input.DispatchToPresentReturn.Samples=0
Input.DispatchToPresentReturn.RecordedSamples=0
Input.DispatchToPresentReturn.DroppedSamples=0
Input.MessageToPresentReturn.Available=false
Input.MessageToPresentReturn.Unit=ms
Input.MessageToPresentReturn.Samples=0
Input.MessageToPresentReturn.RecordedSamples=0
Input.MessageToPresentReturn.DroppedSamples=0
GPU.PendingFrames.Available=true
GPU.PendingFrames.Unit=slots
GPU.PendingFrames.Samples=1659
GPU.PendingFrames.RecordedSamples=1659
GPU.PendingFrames.DroppedSamples=0
GPU.PendingFrames.Min=1
GPU.PendingFrames.Average=1.000
GPU.PendingFrames.P50=1
GPU.PendingFrames.P95=1
GPU.PendingFrames.P99=1
GPU.PendingFrames.Max=1
GPU.WgcDrainAndCopy.Available=true
GPU.WgcDrainAndCopy.Unit=us
GPU.WgcDrainAndCopy.Samples=1649
GPU.WgcDrainAndCopy.RecordedSamples=1649
GPU.WgcDrainAndCopy.DroppedSamples=0
GPU.WgcDrainAndCopy.Min=0
GPU.WgcDrainAndCopy.Average=242.417
GPU.WgcDrainAndCopy.P50=234
GPU.WgcDrainAndCopy.P95=251
GPU.WgcDrainAndCopy.P99=475
GPU.WgcDrainAndCopy.Max=10091
GPU.BackgroundSnapshot.Available=true
GPU.BackgroundSnapshot.Unit=us
GPU.BackgroundSnapshot.Samples=1644
GPU.BackgroundSnapshot.RecordedSamples=1644
GPU.BackgroundSnapshot.DroppedSamples=0
GPU.BackgroundSnapshot.Min=165
GPU.BackgroundSnapshot.Average=231.765
GPU.BackgroundSnapshot.P50=233
GPU.BackgroundSnapshot.P95=256
GPU.BackgroundSnapshot.P99=263
GPU.BackgroundSnapshot.Max=2230
GPU.FxMaterials.Available=true
GPU.FxMaterials.Unit=us
GPU.FxMaterials.Samples=1649
GPU.FxMaterials.RecordedSamples=1649
GPU.FxMaterials.DroppedSamples=0
GPU.FxMaterials.Min=33
GPU.FxMaterials.Average=46.572
GPU.FxMaterials.P50=43
GPU.FxMaterials.P95=45
GPU.FxMaterials.P99=47
GPU.FxMaterials.Max=2307
GPU.BloomAndFinalComposite.Available=true
GPU.BloomAndFinalComposite.Unit=us
GPU.BloomAndFinalComposite.Samples=1649
GPU.BloomAndFinalComposite.RecordedSamples=1649
GPU.BloomAndFinalComposite.DroppedSamples=0
GPU.BloomAndFinalComposite.Min=699
GPU.BloomAndFinalComposite.Average=2620.389
GPU.BloomAndFinalComposite.P50=2659
GPU.BloomAndFinalComposite.P95=2883
GPU.BloomAndFinalComposite.P99=7650
GPU.BloomAndFinalComposite.Max=18991
GPU.FxTotal.Available=true
GPU.FxTotal.Unit=us
GPU.FxTotal.Samples=1649
GPU.FxTotal.RecordedSamples=1649
GPU.FxTotal.DroppedSamples=0
GPU.FxTotal.Min=741
GPU.FxTotal.Average=2667.268
GPU.FxTotal.P50=2702
GPU.FxTotal.P95=2927
GPU.FxTotal.P99=7693
GPU.FxTotal.Max=19034
GPU.RenderCommandSpan.Available=true
GPU.RenderCommandSpan.Unit=us
GPU.RenderCommandSpan.Samples=1658
GPU.RenderCommandSpan.RecordedSamples=1658
GPU.RenderCommandSpan.DroppedSamples=0
GPU.RenderCommandSpan.Min=263
GPU.RenderCommandSpan.Average=3128.072
GPU.RenderCommandSpan.P50=3168
GPU.RenderCommandSpan.P95=3428
GPU.RenderCommandSpan.P99=8698
GPU.RenderCommandSpan.Max=19476
---
Log.SchemaVersion=2
Log.SessionId=20260814T174053.714Z-358076-42FB589846E
Event.Sequence=19
Event.Utc=2026-08-14T17:41:04.619Z
Event.MonotonicUs=10904854
Event.ProcessId=358076
Event.ThreadId=357128
Event.Level=Info
Event.Name=Performance.Interval
Configuration.SchemaVersion=7
Effects.Enabled=true
Effects.ClickEnabled=true
Effects.TrailEnabled=true
Effects.GlobalScale=1.000
Effects.TrailLength=1.000
Effects.TrailWidth=1.000
Effects.BloomIntensity=1.000
Effects.BloomQuality=high
Effects.BloomDiffusion=7.000
Background.Mode=background-aware
Background.CursorExcluded=true
Background.AllowSystemBorder=true
Input.LeftClick=true
Input.RightClick=true
Input.MiddleClick=false
Input.SamplingRateHz=0
Input.TrailOnlyWhilePressed=true
Performance.IdleOptimization=true
Performance.FramePacing=match-display
Output.Width=3840
Output.Height=2160
Window.Final=true
Window.DurationUs=498322
Window.FrameCount=82
Window.PresentedFps=164.552
Runtime.Paused=false
Background.CompositeStatus=participating
Timing.CpuSemantic=inclusive-api-call-duration-not-gpu-execution
Timing.PresentSemantic=Present-call-return-not-dwm-composition-or-scanout
Timing.InputSemantic=input-to-Present-return-not-photon-latency
Timing.GpuSemantic=asynchronous-D3D11-timestamp-command-execution-not-Present-DWM-or-scanout
GPU.SampleCompletionSemantic=completed-sample-may-belong-to-an-older-reporting-window
GPU.StageApplicabilitySemantic=WGC-drain-attempted-snapshot-attempted-and-visual-FX-only
WGC.ProducerSemantic=FrameArrived-callback-rate-proxy
Diagnostics.PreviousLogWriteCpuUs=782
WGC.ActiveFrames=82
WGC.DrainPolicy=active-fx-only
WGC.DrainAttemptedFrames=82
WGC.IdleDrainSkippedFrames=0
WGC.ProducerCallbacks=84
WGC.ProducerCallbackFps=168.566
WGC.FramesAcquired=84
WGC.FramesSuperseded=2
WGC.TimestampRejectedFrames=0
WGC.OwnedCopiesSubmitted=82
WGC.SamplesAccepted=82
WGC.AcceptedFps=164.552
Background.SnapshotAttempts=82
Background.SnapshotsRefreshed=82
Background.ParticipatingFrames=82
Input.RawMessages=0
Input.MoveEvents=0
Input.ButtonEdges=0
Input.CancelEvents=0
Input.CompactedMoveEvents=0
Input.OverflowMoveDrops=0
Input.MessageTimeUnavailable=0
MessagePump.InputDispatched=0
MessagePump.OtherDispatched=0
MessagePump.InputBudgetExhaustions=0
MessagePump.OtherBudgetExhaustions=0
FramePacing.FrameReadyWakes=83
FramePacing.MessageWakes=0
FramePacing.Timeouts=0
FramePacing.Failures=0
GPU.TimestampProfiler.Observed=true
GPU.TimestampProfiler.Available=true
GPU.TimestampProfiler.InitializationHresult=0x00000000
GPU.FramesStarted=82
GPU.FramesSubmitted=82
GPU.PendingPolls=0
GPU.RingFullSkipped=0
GPU.SamplesCompleted=82
GPU.CancelledSlotsReclaimed=0
GPU.DisjointSamples=0
GPU.QueryFailures=0
GPU.StateErrors=0
Cpu.FrameTotal.Available=true
Cpu.FrameTotal.Unit=us
Cpu.FrameTotal.Samples=82
Cpu.FrameTotal.RecordedSamples=82
Cpu.FrameTotal.DroppedSamples=0
Cpu.FrameTotal.Min=207
Cpu.FrameTotal.Average=294.000
Cpu.FrameTotal.P50=282
Cpu.FrameTotal.P95=394
Cpu.FrameTotal.P99=531
Cpu.FrameTotal.Max=531
Cpu.WgcDrainInclusive.Available=true
Cpu.WgcDrainInclusive.Unit=us
Cpu.WgcDrainInclusive.Samples=82
Cpu.WgcDrainInclusive.RecordedSamples=82
Cpu.WgcDrainInclusive.DroppedSamples=0
Cpu.WgcDrainInclusive.Min=99
Cpu.WgcDrainInclusive.Average=153.000
Cpu.WgcDrainInclusive.P50=144
Cpu.WgcDrainInclusive.P95=206
Cpu.WgcDrainInclusive.P99=403
Cpu.WgcDrainInclusive.Max=403
Cpu.WgcOwnedCopySubmit.Available=true
Cpu.WgcOwnedCopySubmit.Unit=us
Cpu.WgcOwnedCopySubmit.Samples=82
Cpu.WgcOwnedCopySubmit.RecordedSamples=82
Cpu.WgcOwnedCopySubmit.DroppedSamples=0
Cpu.WgcOwnedCopySubmit.Min=1
Cpu.WgcOwnedCopySubmit.Average=2.537
Cpu.WgcOwnedCopySubmit.P50=2
Cpu.WgcOwnedCopySubmit.P95=4
Cpu.WgcOwnedCopySubmit.P99=5
Cpu.WgcOwnedCopySubmit.Max=5
Cpu.BackgroundSnapshotSubmit.Available=true
Cpu.BackgroundSnapshotSubmit.Unit=us
Cpu.BackgroundSnapshotSubmit.Samples=82
Cpu.BackgroundSnapshotSubmit.RecordedSamples=82
Cpu.BackgroundSnapshotSubmit.DroppedSamples=0
Cpu.BackgroundSnapshotSubmit.Min=7
Cpu.BackgroundSnapshotSubmit.Average=11.671
Cpu.BackgroundSnapshotSubmit.P50=11
Cpu.BackgroundSnapshotSubmit.P95=17
Cpu.BackgroundSnapshotSubmit.P99=27
Cpu.BackgroundSnapshotSubmit.Max=27
Cpu.FxTotalSubmit.Available=true
Cpu.FxTotalSubmit.Unit=us
Cpu.FxTotalSubmit.Samples=82
Cpu.FxTotalSubmit.RecordedSamples=82
Cpu.FxTotalSubmit.DroppedSamples=0
Cpu.FxTotalSubmit.Min=33
Cpu.FxTotalSubmit.Average=49.756
Cpu.FxTotalSubmit.P50=48
Cpu.FxTotalSubmit.P95=68
Cpu.FxTotalSubmit.P99=98
Cpu.FxTotalSubmit.Max=98
Cpu.FxMaterialsSubmit.Available=true
Cpu.FxMaterialsSubmit.Unit=us
Cpu.FxMaterialsSubmit.Samples=82
Cpu.FxMaterialsSubmit.RecordedSamples=82
Cpu.FxMaterialsSubmit.DroppedSamples=0
Cpu.FxMaterialsSubmit.Min=19
Cpu.FxMaterialsSubmit.Average=27.878
Cpu.FxMaterialsSubmit.P50=27
Cpu.FxMaterialsSubmit.P95=38
Cpu.FxMaterialsSubmit.P99=52
Cpu.FxMaterialsSubmit.Max=52
Cpu.BloomAndCompositeSubmit.Available=true
Cpu.BloomAndCompositeSubmit.Unit=us
Cpu.BloomAndCompositeSubmit.Samples=82
Cpu.BloomAndCompositeSubmit.RecordedSamples=82
Cpu.BloomAndCompositeSubmit.DroppedSamples=0
Cpu.BloomAndCompositeSubmit.Min=12
Cpu.BloomAndCompositeSubmit.Average=20.463
Cpu.BloomAndCompositeSubmit.P50=20
Cpu.BloomAndCompositeSubmit.P95=30
Cpu.BloomAndCompositeSubmit.P99=42
Cpu.BloomAndCompositeSubmit.Max=42
Cpu.DiagnosticReadback.Available=false
Cpu.DiagnosticReadback.Unit=us
Cpu.DiagnosticReadback.Samples=0
Cpu.DiagnosticReadback.RecordedSamples=0
Cpu.DiagnosticReadback.DroppedSamples=0
Cpu.PresentCall.Available=true
Cpu.PresentCall.Unit=us
Cpu.PresentCall.Samples=82
Cpu.PresentCall.RecordedSamples=82
Cpu.PresentCall.DroppedSamples=0
Cpu.PresentCall.Min=43
Cpu.PresentCall.Average=71.378
Cpu.PresentCall.P50=69
Cpu.PresentCall.P95=96
Cpu.PresentCall.P99=240
Cpu.PresentCall.Max=240
WGC.SampleAge.Available=true
WGC.SampleAge.Unit=us
WGC.SampleAge.Samples=82
WGC.SampleAge.RecordedSamples=82
WGC.SampleAge.DroppedSamples=0
WGC.SampleAge.Min=49
WGC.SampleAge.Average=87.744
WGC.SampleAge.P50=80
WGC.SampleAge.P95=148
WGC.SampleAge.P99=273
WGC.SampleAge.Max=273
Input.PendingEvents.Available=false
Input.PendingEvents.Unit=events
Input.PendingEvents.Samples=0
Input.PendingEvents.RecordedSamples=0
Input.PendingEvents.DroppedSamples=0
Input.Win32QueueAge.Available=false
Input.Win32QueueAge.Unit=ms
Input.Win32QueueAge.Samples=0
Input.Win32QueueAge.RecordedSamples=0
Input.Win32QueueAge.DroppedSamples=0
Input.DispatchToPresentReturn.Available=false
Input.DispatchToPresentReturn.Unit=us
Input.DispatchToPresentReturn.Samples=0
Input.DispatchToPresentReturn.RecordedSamples=0
Input.DispatchToPresentReturn.DroppedSamples=0
Input.MessageToPresentReturn.Available=false
Input.MessageToPresentReturn.Unit=ms
Input.MessageToPresentReturn.Samples=0
Input.MessageToPresentReturn.RecordedSamples=0
Input.MessageToPresentReturn.DroppedSamples=0
GPU.PendingFrames.Available=true
GPU.PendingFrames.Unit=slots
GPU.PendingFrames.Samples=82
GPU.PendingFrames.RecordedSamples=82
GPU.PendingFrames.DroppedSamples=0
GPU.PendingFrames.Min=1
GPU.PendingFrames.Average=1.000
GPU.PendingFrames.P50=1
GPU.PendingFrames.P95=1
GPU.PendingFrames.P99=1
GPU.PendingFrames.Max=1
GPU.WgcDrainAndCopy.Available=true
GPU.WgcDrainAndCopy.Unit=us
GPU.WgcDrainAndCopy.Samples=82
GPU.WgcDrainAndCopy.RecordedSamples=82
GPU.WgcDrainAndCopy.DroppedSamples=0
GPU.WgcDrainAndCopy.Min=171
GPU.WgcDrainAndCopy.Average=239.634
GPU.WgcDrainAndCopy.P50=235
GPU.WgcDrainAndCopy.P95=290
GPU.WgcDrainAndCopy.P99=442
GPU.WgcDrainAndCopy.Max=442
GPU.BackgroundSnapshot.Available=true
GPU.BackgroundSnapshot.Unit=us
GPU.BackgroundSnapshot.Samples=82
GPU.BackgroundSnapshot.RecordedSamples=82
GPU.BackgroundSnapshot.DroppedSamples=0
GPU.BackgroundSnapshot.Min=198
GPU.BackgroundSnapshot.Average=264.524
GPU.BackgroundSnapshot.P50=241
GPU.BackgroundSnapshot.P95=257
GPU.BackgroundSnapshot.P99=2143
GPU.BackgroundSnapshot.Max=2143
GPU.FxMaterials.Available=true
GPU.FxMaterials.Unit=us
GPU.FxMaterials.Samples=82
GPU.FxMaterials.RecordedSamples=82
GPU.FxMaterials.DroppedSamples=0
GPU.FxMaterials.Min=35
GPU.FxMaterials.Average=42.476
GPU.FxMaterials.P50=43
GPU.FxMaterials.P95=44
GPU.FxMaterials.P99=46
GPU.FxMaterials.Max=46
GPU.BloomAndFinalComposite.Available=true
GPU.BloomAndFinalComposite.Unit=us
GPU.BloomAndFinalComposite.Samples=82
GPU.BloomAndFinalComposite.RecordedSamples=82
GPU.BloomAndFinalComposite.DroppedSamples=0
GPU.BloomAndFinalComposite.Min=702
GPU.BloomAndFinalComposite.Average=2800.537
GPU.BloomAndFinalComposite.P50=2724
GPU.BloomAndFinalComposite.P95=2890
GPU.BloomAndFinalComposite.P99=9210
GPU.BloomAndFinalComposite.Max=9210
GPU.FxTotal.Available=true
GPU.FxTotal.Unit=us
GPU.FxTotal.Samples=82
GPU.FxTotal.RecordedSamples=82
GPU.FxTotal.DroppedSamples=0
GPU.FxTotal.Min=746
GPU.FxTotal.Average=2843.378
GPU.FxTotal.P50=2765
GPU.FxTotal.P95=2932
GPU.FxTotal.P99=9253
GPU.FxTotal.Max=9253
GPU.RenderCommandSpan.Available=true
GPU.RenderCommandSpan.Unit=us
GPU.RenderCommandSpan.Samples=82
GPU.RenderCommandSpan.RecordedSamples=82
GPU.RenderCommandSpan.DroppedSamples=0
GPU.RenderCommandSpan.Min=1210
GPU.RenderCommandSpan.Average=3348.683
GPU.RenderCommandSpan.P50=3246
GPU.RenderCommandSpan.P95=3474
GPU.RenderCommandSpan.P99=9735
GPU.RenderCommandSpan.Max=9735
---
Log.SchemaVersion=2
Log.SessionId=20260814T174053.714Z-358076-42FB589846E
Event.Sequence=20
Event.Utc=2026-08-14T17:41:04.619Z
Event.MonotonicUs=10905581
Event.ProcessId=358076
Event.ThreadId=357128
Event.Level=Info
Event.Name=Message
Event.Message=WGC final composite summary; composite-frames=1732; rendered-frames=1741
---
Log.SchemaVersion=2
Log.SessionId=20260814T174053.714Z-358076-42FB589846E
Event.Sequence=21
Event.Utc=2026-08-14T17:41:04.647Z
Event.MonotonicUs=10933509
Event.ProcessId=358076
Event.ThreadId=357128
Event.Level=Info
Event.Name=Process.Exited
---
