Log.SchemaVersion=2
Log.SessionId=20260815T074226.817Z-361332-4A545C5B8CE
Event.Sequence=1
Event.Utc=2026-08-15T07:42:26.817Z
Event.MonotonicUs=7
Event.ProcessId=361332
Event.ThreadId=348660
Event.Level=Info
Event.Name=Process.Startup
Product.Version=0.1.0-alpha.12
Process.Mode=interactive
---
Log.SchemaVersion=2
Log.SessionId=20260815T074226.817Z-361332-4A545C5B8CE
Event.Sequence=2
Event.Utc=2026-08-15T07:42:26.818Z
Event.MonotonicUs=1423
Event.ProcessId=361332
Event.ThreadId=348660
Event.Level=Info
Event.Name=Message
Event.Message=Package.Identity=absent;FullNameError=0x00003D54;PathError=0x00003D54
---
Log.SchemaVersion=2
Log.SessionId=20260815T074226.817Z-361332-4A545C5B8CE
Event.Sequence=3
Event.Utc=2026-08-15T07:42:27.104Z
Event.MonotonicUs=287269
Event.ProcessId=361332
Event.ThreadId=348660
Event.Level=Info
Event.Name=Graphics.DeviceRemovalNotification.Status
Phase=startup
Available=true
RegistrationHRESULT=0x00000000
---
Log.SchemaVersion=2
Log.SessionId=20260815T074226.817Z-361332-4A545C5B8CE
Event.Sequence=4
Event.Utc=2026-08-15T07:42:27.105Z
Event.MonotonicUs=287754
Event.ProcessId=361332
Event.ThreadId=348660
Event.Level=Info
Event.Name=Message
Event.Message=BackgroundCapture.Action.Begin=stop-sensor;Index=0
---
Log.SchemaVersion=2
Log.SessionId=20260815T074226.817Z-361332-4A545C5B8CE
Event.Sequence=5
Event.Utc=2026-08-15T07:42:27.105Z
Event.MonotonicUs=288149
Event.ProcessId=361332
Event.ThreadId=348660
Event.Level=Info
Event.Name=Message
Event.Message=BackgroundCapture.Stop.Phase=transaction;WGC.Stop.SensorPresent=false;WGC.Stop.FrameArrivedUnregisterFailed=false;WGC.Stop.ItemClosedUnregisterFailed=false;WGC.Stop.SessionCloseFailed=false;WGC.Stop.FramePoolCloseFailed=false;WGC.Stop.Completed=true;WGC.Stop.OverallSucceeded=true;WGC.Stop.DeferredReport=false;WGC.Stop.FrameArrivedUnregisterUs=0;WGC.Stop.ItemClosedUnregisterUs=0;WGC.Stop.SessionCloseUs=0;WGC.Stop.FramePoolCloseUs=0;WGC.Stop.TotalUs=0
---
Log.SchemaVersion=2
Log.SessionId=20260815T074226.817Z-361332-4A545C5B8CE
Event.Sequence=6
Event.Utc=2026-08-15T07:42:27.105Z
Event.MonotonicUs=288517
Event.ProcessId=361332
Event.ThreadId=348660
Event.Level=Info
Event.Name=Message
Event.Message=BackgroundCapture.Action.End=stop-sensor;Index=0;Succeeded=true;ElapsedUs=371
---
Log.SchemaVersion=2
Log.SessionId=20260815T074226.817Z-361332-4A545C5B8CE
Event.Sequence=7
Event.Utc=2026-08-15T07:42:27.106Z
Event.MonotonicUs=288889
Event.ProcessId=361332
Event.ThreadId=348660
Event.Level=Info
Event.Name=Message
Event.Message=BackgroundCapture.Action.Begin=set-affinity-excluded;Index=1
---
Log.SchemaVersion=2
Log.SessionId=20260815T074226.817Z-361332-4A545C5B8CE
Event.Sequence=8
Event.Utc=2026-08-15T07:42:27.108Z
Event.MonotonicUs=291525
Event.ProcessId=361332
Event.ThreadId=348660
Event.Level=Info
Event.Name=Message
Event.Message=Capture.Exclusion.Requested=0x00000011;Observed=0x00000011;Set=succeeded;SetError=0x00000000;Query=succeeded;QueryError=0x00000000
---
Log.SchemaVersion=2
Log.SessionId=20260815T074226.817Z-361332-4A545C5B8CE
Event.Sequence=9
Event.Utc=2026-08-15T07:42:27.109Z
Event.MonotonicUs=292180
Event.ProcessId=361332
Event.ThreadId=348660
Event.Level=Info
Event.Name=Message
Event.Message=BackgroundCapture.Action.End=set-affinity-excluded;Index=1;Succeeded=true;ElapsedUs=2750
---
Log.SchemaVersion=2
Log.SessionId=20260815T074226.817Z-361332-4A545C5B8CE
Event.Sequence=10
Event.Utc=2026-08-15T07:42:27.110Z
Event.MonotonicUs=292724
Event.ProcessId=361332
Event.ThreadId=348660
Event.Level=Info
Event.Name=Message
Event.Message=BackgroundCapture.Action.Begin=apply-overlay-profile;Index=2
---
Log.SchemaVersion=2
Log.SessionId=20260815T074226.817Z-361332-4A545C5B8CE
Event.Sequence=11
Event.Utc=2026-08-15T07:42:27.111Z
Event.MonotonicUs=293164
Event.ProcessId=361332
Event.ThreadId=348660
Event.Level=Info
Event.Name=Message
Event.Message=BackgroundCapture.Action.End=apply-overlay-profile;Index=2;Succeeded=true;ElapsedUs=0
---
Log.SchemaVersion=2
Log.SessionId=20260815T074226.817Z-361332-4A545C5B8CE
Event.Sequence=12
Event.Utc=2026-08-15T07:42:27.111Z
Event.MonotonicUs=293540
Event.ProcessId=361332
Event.ThreadId=348660
Event.Level=Info
Event.Name=Message
Event.Message=BackgroundCapture.Action.Begin=start-sensor;Index=3
---
Log.SchemaVersion=2
Log.SessionId=20260815T074226.817Z-361332-4A545C5B8CE
Event.Sequence=13
Event.Utc=2026-08-15T07:42:27.190Z
Event.MonotonicUs=372294
Event.ProcessId=361332
Event.ThreadId=348660
Event.Level=Info
Event.Name=Message
Event.Message=BackgroundCapture.Action.End=start-sensor;Index=3;Succeeded=true;ElapsedUs=78242
---
Log.SchemaVersion=2
Log.SessionId=20260815T074226.817Z-361332-4A545C5B8CE
Event.Sequence=14
Event.Utc=2026-08-15T07:42:27.190Z
Event.MonotonicUs=372736
Event.ProcessId=361332
Event.ThreadId=348660
Event.Level=Info
Event.Name=Message
Event.Message=BackgroundCapture.Transaction.End;Actions=4;ElapsedUs=84999
---
Log.SchemaVersion=2
Log.SessionId=20260815T074226.817Z-361332-4A545C5B8CE
Event.Sequence=15
Event.Utc=2026-08-15T07:42:27.190Z
Event.MonotonicUs=373071
Event.ProcessId=361332
Event.ThreadId=348660
Event.Level=Info
Event.Name=Message
Event.Message=BackgroundCapture.ResourceLedger.Phase=transaction;WGC.ResourceLedger.FramesAcquired=0;FramesClosed=0;FramePoolsCreated=1;FramePoolsClosed=0;FramePoolsRecreated=0;SessionsCreated=1;SessionsClosed=0;FrameArrivedRegistrations=1;FrameArrivedUnregistrations=0;ItemClosedRegistrations=1;ItemClosedUnregistrations=0;LiveFrames=0;LiveFramePools=1;LiveSessions=1;LiveFrameArrivedRegistrations=1;LiveItemClosedRegistrations=1;Failures=0;AllReleased=false
---
Log.SchemaVersion=2
Log.SessionId=20260815T074226.817Z-361332-4A545C5B8CE
Event.Sequence=16
Event.Utc=2026-08-15T07:42:27.191Z
Event.MonotonicUs=373414
Event.ProcessId=361332
Event.ThreadId=348660
Event.Level=Info
Event.Name=Message
Event.Message=WGC capture session active; system-border=visible-allowed; cursor=excluded
---
Log.SchemaVersion=2
Log.SessionId=20260815T074226.817Z-361332-4A545C5B8CE
Event.Sequence=17
Event.Utc=2026-08-15T07:42:27.191Z
Event.MonotonicUs=373944
Event.ProcessId=361332
Event.ThreadId=348660
Event.Level=Info
Event.Name=Configuration.Applied
Configuration.Reason=startup
Configuration.SchemaVersion=7
Effects.Enabled=true
Effects.ClickEnabled=true
Effects.TrailEnabled=true
Effects.GlobalScale=1.000
Effects.TrailLength=1.000
Effects.TrailWidth=1.000
Effects.BloomIntensity=1.000
Effects.BloomQuality=high
Effects.BloomDiffusion=7.000
Background.Mode=background-aware
Background.CursorExcluded=true
Background.AllowSystemBorder=true
Input.LeftClick=true
Input.RightClick=true
Input.MiddleClick=false
Input.SamplingRateHz=0
Input.TrailOnlyWhilePressed=true
Performance.IdleOptimization=true
Performance.FramePacing=match-display
Output.Width=3840
Output.Height=2160
---
Log.SchemaVersion=2
Log.SessionId=20260815T074226.817Z-361332-4A545C5B8CE
Event.Sequence=18
Event.Utc=2026-08-15T07:42:27.194Z
Event.MonotonicUs=376588
Event.ProcessId=361332
Event.ThreadId=348660
Event.Level=Info
Event.Name=Message
Event.Message=IPC control service started
---
Log.SchemaVersion=2
Log.SessionId=20260815T074226.817Z-361332-4A545C5B8CE
Event.Sequence=19
Event.Utc=2026-08-15T07:42:27.195Z
Event.MonotonicUs=377222
Event.ProcessId=361332
Event.ThreadId=348660
Event.Level=Info
Event.Name=SupportReport
Report.GeneratedUtc=2026-08-15T07:42:27.194Z
Product.Name=ba-click-fx-desktop
Product.Version=0.1.0-alpha.12
Status=Ready
Support.Scope=single-primary-monitor;fx-only-or-wgc;sdr-tested
Support.HDR=not-supported
Support.WGC=active
Support.MultiDisplay=not-supported
Configuration.SchemaVersion=7
IPC.ControlService=active
OS.Version=10.0.19045
OS.Architecture=x64
Display.Primary=3840x2160@0,0
Display.PrimaryDpi=144
Display.RefreshRateSource=dwm-composition-timing
Display.RefreshRateNumerator=144
Display.RefreshRateDenominator=1
Display.RefreshRateHz=144.000
Display.RefreshPeriodUs=6944.444
Display.ColorMode=rgb-full-g22-p709;capability-only;luminance-valid;alpha-scope-sdr-only
Display.DxgiColorSpaceValue=0x00000000
Display.BitsPerColor=8
Display.MinLuminanceNits=0.500
Display.MaxLuminanceNits=270.000
Display.MaxFullFrameLuminanceNits=270.000
Log.Path=D:\C++project\ba-click-fx-desktop\artifacts\local\spikes\spk-002-mode-switch\rtx4060-win10-19045-ab4be5a-switch-pause-20260815-154148\ba-click-fx-desktop-support.log
Log.SchemaVersion=2
Log.SessionId=20260815T074226.817Z-361332-4A545C5B8CE
Graphics.DriverType=Hardware
Graphics.Adapter=NVIDIA GeForce RTX 4060 Laptop GPU
Graphics.AdapterLuid=00000000:0001153F
Graphics.VendorId=0x000010DE
Graphics.DeviceId=0x000028E0
Graphics.SubsystemId=0x199D1043
Graphics.Revision=161
Graphics.DedicatedVideoMemory=8342470656
Graphics.DedicatedSystemMemory=0
Graphics.SharedSystemMemory=16760870912
Graphics.DriverVersion=32.0.16.1074
Graphics.FeatureLevel=11_1
Graphics.HardwareCreateHResult=0x00000000
Graphics.HardwareFallback=none
Exit.PrimaryHotKey=registered
Exit.FallbackHotKey=polling-fallback
Exit.NotificationIcon=available
Exit.PollingFallback=enabled
---
Log.SchemaVersion=2
Log.SessionId=20260815T074226.817Z-361332-4A545C5B8CE
Event.Sequence=20
Event.Utc=2026-08-15T07:42:27.260Z
Event.MonotonicUs=443219
Event.ProcessId=361332
Event.ThreadId=348660
Event.Level=Info
Event.Name=Message
Event.Message=BackgroundCapture.Action.Begin=stop-sensor;Index=0
---
Log.SchemaVersion=2
Log.SessionId=20260815T074226.817Z-361332-4A545C5B8CE
Event.Sequence=21
Event.Utc=2026-08-15T07:42:27.262Z
Event.MonotonicUs=445062
Event.ProcessId=361332
Event.ThreadId=348660
Event.Level=Info
Event.Name=Message
Event.Message=BackgroundCapture.Stop.Phase=transaction;WGC.Stop.SensorPresent=true;WGC.Stop.FrameArrivedUnregisterFailed=false;WGC.Stop.ItemClosedUnregisterFailed=false;WGC.Stop.SessionCloseFailed=false;WGC.Stop.FramePoolCloseFailed=false;WGC.Stop.Completed=true;WGC.Stop.OverallSucceeded=true;WGC.Stop.DeferredReport=false;WGC.Stop.FrameArrivedUnregisterUs=3;WGC.Stop.ItemClosedUnregisterUs=0;WGC.Stop.SessionCloseUs=903;WGC.Stop.FramePoolCloseUs=3;WGC.Stop.TotalUs=1387
---
Log.SchemaVersion=2
Log.SessionId=20260815T074226.817Z-361332-4A545C5B8CE
Event.Sequence=22
Event.Utc=2026-08-15T07:42:27.262Z
Event.MonotonicUs=445460
Event.ProcessId=361332
Event.ThreadId=348660
Event.Level=Info
Event.Name=Message
Event.Message=BackgroundCapture.Action.End=stop-sensor;Index=0;Succeeded=true;ElapsedUs=1776
---
Log.SchemaVersion=2
Log.SessionId=20260815T074226.817Z-361332-4A545C5B8CE
Event.Sequence=23
Event.Utc=2026-08-15T07:42:27.263Z
Event.MonotonicUs=445800
Event.ProcessId=361332
Event.ThreadId=348660
Event.Level=Info
Event.Name=Message
Event.Message=BackgroundCapture.Action.Begin=set-affinity-included;Index=1
---
Log.SchemaVersion=2
Log.SessionId=20260815T074226.817Z-361332-4A545C5B8CE
Event.Sequence=24
Event.Utc=2026-08-15T07:42:27.263Z
Event.MonotonicUs=446119
Event.ProcessId=361332
Event.ThreadId=348660
Event.Level=Info
Event.Name=Message
Event.Message=Capture.Exclusion.Requested=0x00000000;Observed=0x00000000;Set=succeeded;SetError=0x00000000;Query=succeeded;QueryError=0x00000000
---
Log.SchemaVersion=2
Log.SessionId=20260815T074226.817Z-361332-4A545C5B8CE
Event.Sequence=25
Event.Utc=2026-08-15T07:42:27.263Z
Event.MonotonicUs=446439
Event.ProcessId=361332
Event.ThreadId=348660
Event.Level=Info
Event.Name=Message
Event.Message=BackgroundCapture.Action.End=set-affinity-included;Index=1;Succeeded=true;ElapsedUs=319
---
Log.SchemaVersion=2
Log.SessionId=20260815T074226.817Z-361332-4A545C5B8CE
Event.Sequence=26
Event.Utc=2026-08-15T07:42:27.264Z
Event.MonotonicUs=446796
Event.ProcessId=361332
Event.ThreadId=348660
Event.Level=Info
Event.Name=Message
Event.Message=BackgroundCapture.Action.Begin=apply-overlay-profile;Index=2
---
Log.SchemaVersion=2
Log.SessionId=20260815T074226.817Z-361332-4A545C5B8CE
Event.Sequence=27
Event.Utc=2026-08-15T07:42:27.264Z
Event.MonotonicUs=447158
Event.ProcessId=361332
Event.ThreadId=348660
Event.Level=Info
Event.Name=Message
Event.Message=BackgroundCapture.Action.End=apply-overlay-profile;Index=2;Succeeded=true;ElapsedUs=0
---
Log.SchemaVersion=2
Log.SessionId=20260815T074226.817Z-361332-4A545C5B8CE
Event.Sequence=28
Event.Utc=2026-08-15T07:42:27.264Z
Event.MonotonicUs=447504
Event.ProcessId=361332
Event.ThreadId=348660
Event.Level=Info
Event.Name=Message
Event.Message=BackgroundCapture.Transaction.End;Actions=3;ElapsedUs=4403
---
Log.SchemaVersion=2
Log.SessionId=20260815T074226.817Z-361332-4A545C5B8CE
Event.Sequence=29
Event.Utc=2026-08-15T07:42:27.265Z
Event.MonotonicUs=447958
Event.ProcessId=361332
Event.ThreadId=348660
Event.Level=Info
Event.Name=Message
Event.Message=BackgroundCapture.ResourceLedger.Phase=transaction;WGC.ResourceLedger.FramesAcquired=2;FramesClosed=2;FramePoolsCreated=1;FramePoolsClosed=1;FramePoolsRecreated=0;SessionsCreated=1;SessionsClosed=1;FrameArrivedRegistrations=1;FrameArrivedUnregistrations=1;ItemClosedRegistrations=1;ItemClosedUnregistrations=1;LiveFrames=0;LiveFramePools=0;LiveSessions=0;LiveFrameArrivedRegistrations=0;LiveItemClosedRegistrations=0;Failures=0;AllReleased=true
---
Log.SchemaVersion=2
Log.SessionId=20260815T074226.817Z-361332-4A545C5B8CE
Event.Sequence=30
Event.Utc=2026-08-15T07:42:27.265Z
Event.MonotonicUs=448328
Event.ProcessId=361332
Event.ThreadId=348660
Event.Level=Info
Event.Name=Message
Event.Message=WGC background capture disabled by configuration; using FX-only rendering
---
Log.SchemaVersion=2
Log.SessionId=20260815T074226.817Z-361332-4A545C5B8CE
Event.Sequence=31
Event.Utc=2026-08-15T07:42:27.266Z
Event.MonotonicUs=448663
Event.ProcessId=361332
Event.ThreadId=348660
Event.Level=Info
Event.Name=SupportReport
Report.GeneratedUtc=2026-08-15T07:42:27.266Z
Product.Name=ba-click-fx-desktop
Product.Version=0.1.0-alpha.12
Status=Ready
Support.Scope=single-primary-monitor;fx-only-or-wgc;sdr-tested
Support.HDR=not-supported
Support.WGC=fallback-fx-only
Support.MultiDisplay=not-supported
Configuration.SchemaVersion=7
IPC.ControlService=active
OS.Version=10.0.19045
OS.Architecture=x64
Display.Primary=3840x2160@0,0
Display.PrimaryDpi=144
Display.RefreshRateSource=dwm-composition-timing
Display.RefreshRateNumerator=144
Display.RefreshRateDenominator=1
Display.RefreshRateHz=144.000
Display.RefreshPeriodUs=6944.444
Display.ColorMode=rgb-full-g22-p709;capability-only;luminance-valid;alpha-scope-sdr-only
Display.DxgiColorSpaceValue=0x00000000
Display.BitsPerColor=8
Display.MinLuminanceNits=0.500
Display.MaxLuminanceNits=270.000
Display.MaxFullFrameLuminanceNits=270.000
Log.Path=D:\C++project\ba-click-fx-desktop\artifacts\local\spikes\spk-002-mode-switch\rtx4060-win10-19045-ab4be5a-switch-pause-20260815-154148\ba-click-fx-desktop-support.log
Log.SchemaVersion=2
Log.SessionId=20260815T074226.817Z-361332-4A545C5B8CE
Graphics.DriverType=Hardware
Graphics.Adapter=NVIDIA GeForce RTX 4060 Laptop GPU
Graphics.AdapterLuid=00000000:0001153F
Graphics.VendorId=0x000010DE
Graphics.DeviceId=0x000028E0
Graphics.SubsystemId=0x199D1043
Graphics.Revision=161
Graphics.DedicatedVideoMemory=8342470656
Graphics.DedicatedSystemMemory=0
Graphics.SharedSystemMemory=16760870912
Graphics.DriverVersion=32.0.16.1074
Graphics.FeatureLevel=11_1
Graphics.HardwareCreateHResult=0x00000000
Graphics.HardwareFallback=none
Exit.PrimaryHotKey=registered
Exit.FallbackHotKey=polling-fallback
Exit.NotificationIcon=available
Exit.PollingFallback=enabled
---
Log.SchemaVersion=2
Log.SessionId=20260815T074226.817Z-361332-4A545C5B8CE
Event.Sequence=32
Event.Utc=2026-08-15T07:42:27.266Z
Event.MonotonicUs=448980
Event.ProcessId=361332
Event.ThreadId=348660
Event.Level=Info
Event.Name=Configuration.Applied
Configuration.Reason=control-generation
Configuration.SchemaVersion=7
Effects.Enabled=true
Effects.ClickEnabled=true
Effects.TrailEnabled=true
Effects.GlobalScale=1.000
Effects.TrailLength=1.000
Effects.TrailWidth=1.000
Effects.BloomIntensity=1.000
Effects.BloomQuality=high
Effects.BloomDiffusion=7.000
Background.Mode=recording-compatible
Background.CursorExcluded=true
Background.AllowSystemBorder=true
Input.LeftClick=true
Input.RightClick=true
Input.MiddleClick=false
Input.SamplingRateHz=0
Input.TrailOnlyWhilePressed=true
Performance.IdleOptimization=true
Performance.FramePacing=match-display
Output.Width=3840
Output.Height=2160
---
Log.SchemaVersion=2
Log.SessionId=20260815T074226.817Z-361332-4A545C5B8CE
Event.Sequence=33
Event.Utc=2026-08-15T07:42:27.331Z
Event.MonotonicUs=514642
Event.ProcessId=361332
Event.ThreadId=348660
Event.Level=Info
Event.Name=Message
Event.Message=BackgroundCapture.Action.Begin=stop-sensor;Index=0
---
Log.SchemaVersion=2
Log.SessionId=20260815T074226.817Z-361332-4A545C5B8CE
Event.Sequence=34
Event.Utc=2026-08-15T07:42:27.332Z
Event.MonotonicUs=515021
Event.ProcessId=361332
Event.ThreadId=348660
Event.Level=Info
Event.Name=Message
Event.Message=BackgroundCapture.Stop.Phase=transaction;WGC.Stop.SensorPresent=false;WGC.Stop.FrameArrivedUnregisterFailed=false;WGC.Stop.ItemClosedUnregisterFailed=false;WGC.Stop.SessionCloseFailed=false;WGC.Stop.FramePoolCloseFailed=false;WGC.Stop.Completed=true;WGC.Stop.OverallSucceeded=true;WGC.Stop.DeferredReport=false;WGC.Stop.FrameArrivedUnregisterUs=0;WGC.Stop.ItemClosedUnregisterUs=0;WGC.Stop.SessionCloseUs=0;WGC.Stop.FramePoolCloseUs=0;WGC.Stop.TotalUs=0
---
Log.SchemaVersion=2
Log.SessionId=20260815T074226.817Z-361332-4A545C5B8CE
Event.Sequence=35
Event.Utc=2026-08-15T07:42:27.332Z
Event.MonotonicUs=515369
Event.ProcessId=361332
Event.ThreadId=348660
Event.Level=Info
Event.Name=Message
Event.Message=BackgroundCapture.Action.End=stop-sensor;Index=0;Succeeded=true;ElapsedUs=342
---
Log.SchemaVersion=2
Log.SessionId=20260815T074226.817Z-361332-4A545C5B8CE
Event.Sequence=36
Event.Utc=2026-08-15T07:42:27.332Z
Event.MonotonicUs=515674
Event.ProcessId=361332
Event.ThreadId=348660
Event.Level=Info
Event.Name=Message
Event.Message=BackgroundCapture.Action.Begin=set-affinity-excluded;Index=1
---
Log.SchemaVersion=2
Log.SessionId=20260815T074226.817Z-361332-4A545C5B8CE
Event.Sequence=37
Event.Utc=2026-08-15T07:42:27.335Z
Event.MonotonicUs=518772
Event.ProcessId=361332
Event.ThreadId=348660
Event.Level=Info
Event.Name=Message
Event.Message=Capture.Exclusion.Requested=0x00000011;Observed=0x00000011;Set=succeeded;SetError=0x00000000;Query=succeeded;QueryError=0x00000000
---
Log.SchemaVersion=2
Log.SessionId=20260815T074226.817Z-361332-4A545C5B8CE
Event.Sequence=38
Event.Utc=2026-08-15T07:42:27.336Z
Event.MonotonicUs=519238
Event.ProcessId=361332
Event.ThreadId=348660
Event.Level=Info
Event.Name=Message
Event.Message=BackgroundCapture.Action.End=set-affinity-excluded;Index=1;Succeeded=true;ElapsedUs=3144
---
Log.SchemaVersion=2
Log.SessionId=20260815T074226.817Z-361332-4A545C5B8CE
Event.Sequence=39
Event.Utc=2026-08-15T07:42:27.336Z
Event.MonotonicUs=519684
Event.ProcessId=361332
Event.ThreadId=348660
Event.Level=Info
Event.Name=Message
Event.Message=BackgroundCapture.Action.Begin=apply-overlay-profile;Index=2
---
Log.SchemaVersion=2
Log.SessionId=20260815T074226.817Z-361332-4A545C5B8CE
Event.Sequence=40
Event.Utc=2026-08-15T07:42:27.337Z
Event.MonotonicUs=520014
Event.ProcessId=361332
Event.ThreadId=348660
Event.Level=Info
Event.Name=Message
Event.Message=BackgroundCapture.Action.End=apply-overlay-profile;Index=2;Succeeded=true;ElapsedUs=0
---
Log.SchemaVersion=2
Log.SessionId=20260815T074226.817Z-361332-4A545C5B8CE
Event.Sequence=41
Event.Utc=2026-08-15T07:42:27.337Z
Event.MonotonicUs=520397
Event.ProcessId=361332
Event.ThreadId=348660
Event.Level=Info
Event.Name=Message
Event.Message=BackgroundCapture.Action.Begin=start-sensor;Index=3
---
Log.SchemaVersion=2
Log.SessionId=20260815T074226.817Z-361332-4A545C5B8CE
Event.Sequence=42
Event.Utc=2026-08-15T07:42:27.412Z
Event.MonotonicUs=594803
Event.ProcessId=361332
Event.ThreadId=348660
Event.Level=Info
Event.Name=Message
Event.Message=BackgroundCapture.Action.End=start-sensor;Index=3;Succeeded=true;ElapsedUs=73971
---
Log.SchemaVersion=2
Log.SessionId=20260815T074226.817Z-361332-4A545C5B8CE
Event.Sequence=43
Event.Utc=2026-08-15T07:42:27.412Z
Event.MonotonicUs=595227
Event.ProcessId=361332
Event.ThreadId=348660
Event.Level=Info
Event.Name=Message
Event.Message=BackgroundCapture.Transaction.End;Actions=4;ElapsedUs=80616
---
Log.SchemaVersion=2
Log.SessionId=20260815T074226.817Z-361332-4A545C5B8CE
Event.Sequence=44
Event.Utc=2026-08-15T07:42:27.412Z
Event.MonotonicUs=595534
Event.ProcessId=361332
Event.ThreadId=348660
Event.Level=Info
Event.Name=Message
Event.Message=BackgroundCapture.ResourceLedger.Phase=transaction;WGC.ResourceLedger.FramesAcquired=2;FramesClosed=2;FramePoolsCreated=2;FramePoolsClosed=1;FramePoolsRecreated=0;SessionsCreated=2;SessionsClosed=1;FrameArrivedRegistrations=2;FrameArrivedUnregistrations=1;ItemClosedRegistrations=2;ItemClosedUnregistrations=1;LiveFrames=0;LiveFramePools=1;LiveSessions=1;LiveFrameArrivedRegistrations=1;LiveItemClosedRegistrations=1;Failures=0;AllReleased=false
---
Log.SchemaVersion=2
Log.SessionId=20260815T074226.817Z-361332-4A545C5B8CE
Event.Sequence=45
Event.Utc=2026-08-15T07:42:27.413Z
Event.MonotonicUs=595899
Event.ProcessId=361332
Event.ThreadId=348660
Event.Level=Info
Event.Name=Message
Event.Message=WGC capture session active; system-border=visible-allowed; cursor=excluded
---
Log.SchemaVersion=2
Log.SessionId=20260815T074226.817Z-361332-4A545C5B8CE
Event.Sequence=46
Event.Utc=2026-08-15T07:42:27.413Z
Event.MonotonicUs=596246
Event.ProcessId=361332
Event.ThreadId=348660
Event.Level=Info
Event.Name=SupportReport
Report.GeneratedUtc=2026-08-15T07:42:27.413Z
Product.Name=ba-click-fx-desktop
Product.Version=0.1.0-alpha.12
Status=Ready
Support.Scope=single-primary-monitor;fx-only-or-wgc;sdr-tested
Support.HDR=not-supported
Support.WGC=active
Support.MultiDisplay=not-supported
Configuration.SchemaVersion=7
IPC.ControlService=active
OS.Version=10.0.19045
OS.Architecture=x64
Display.Primary=3840x2160@0,0
Display.PrimaryDpi=144
Display.RefreshRateSource=dwm-composition-timing
Display.RefreshRateNumerator=144
Display.RefreshRateDenominator=1
Display.RefreshRateHz=144.000
Display.RefreshPeriodUs=6944.444
Display.ColorMode=rgb-full-g22-p709;capability-only;luminance-valid;alpha-scope-sdr-only
Display.DxgiColorSpaceValue=0x00000000
Display.BitsPerColor=8
Display.MinLuminanceNits=0.500
Display.MaxLuminanceNits=270.000
Display.MaxFullFrameLuminanceNits=270.000
Log.Path=D:\C++project\ba-click-fx-desktop\artifacts\local\spikes\spk-002-mode-switch\rtx4060-win10-19045-ab4be5a-switch-pause-20260815-154148\ba-click-fx-desktop-support.log
Log.SchemaVersion=2
Log.SessionId=20260815T074226.817Z-361332-4A545C5B8CE
Graphics.DriverType=Hardware
Graphics.Adapter=NVIDIA GeForce RTX 4060 Laptop GPU
Graphics.AdapterLuid=00000000:0001153F
Graphics.VendorId=0x000010DE
Graphics.DeviceId=0x000028E0
Graphics.SubsystemId=0x199D1043
Graphics.Revision=161
Graphics.DedicatedVideoMemory=8342470656
Graphics.DedicatedSystemMemory=0
Graphics.SharedSystemMemory=16760870912
Graphics.DriverVersion=32.0.16.1074
Graphics.FeatureLevel=11_1
Graphics.HardwareCreateHResult=0x00000000
Graphics.HardwareFallback=none
Exit.PrimaryHotKey=registered
Exit.FallbackHotKey=polling-fallback
Exit.NotificationIcon=available
Exit.PollingFallback=enabled
---
Log.SchemaVersion=2
Log.SessionId=20260815T074226.817Z-361332-4A545C5B8CE
Event.Sequence=47
Event.Utc=2026-08-15T07:42:27.414Z
Event.MonotonicUs=596646
Event.ProcessId=361332
Event.ThreadId=348660
Event.Level=Info
Event.Name=Configuration.Applied
Configuration.Reason=control-generation
Configuration.SchemaVersion=7
Effects.Enabled=true
Effects.ClickEnabled=true
Effects.TrailEnabled=true
Effects.GlobalScale=1.000
Effects.TrailLength=1.000
Effects.TrailWidth=1.000
Effects.BloomIntensity=1.000
Effects.BloomQuality=high
Effects.BloomDiffusion=7.000
Background.Mode=background-aware
Background.CursorExcluded=true
Background.AllowSystemBorder=true
Input.LeftClick=true
Input.RightClick=true
Input.MiddleClick=false
Input.SamplingRateHz=0
Input.TrailOnlyWhilePressed=true
Performance.IdleOptimization=true
Performance.FramePacing=match-display
Output.Width=3840
Output.Height=2160
---
Log.SchemaVersion=2
Log.SessionId=20260815T074226.817Z-361332-4A545C5B8CE
Event.Sequence=48
Event.Utc=2026-08-15T07:42:27.453Z
Event.MonotonicUs=636380
Event.ProcessId=361332
Event.ThreadId=348660
Event.Level=Info
Event.Name=Configuration.Applied
Configuration.Reason=control-generation
Configuration.SchemaVersion=7
Effects.Enabled=true
Effects.ClickEnabled=true
Effects.TrailEnabled=true
Effects.GlobalScale=1.000
Effects.TrailLength=1.000
Effects.TrailWidth=1.000
Effects.BloomIntensity=1.000
Effects.BloomQuality=high
Effects.BloomDiffusion=7.000
Background.Mode=background-aware
Background.CursorExcluded=true
Background.AllowSystemBorder=true
Input.LeftClick=true
Input.RightClick=true
Input.MiddleClick=false
Input.SamplingRateHz=0
Input.TrailOnlyWhilePressed=true
Performance.IdleOptimization=true
Performance.FramePacing=match-display
Output.Width=3840
Output.Height=2160
---
Log.SchemaVersion=2
Log.SessionId=20260815T074226.817Z-361332-4A545C5B8CE
Event.Sequence=49
Event.Utc=2026-08-15T07:42:29.531Z
Event.MonotonicUs=2714267
Event.ProcessId=361332
Event.ThreadId=348660
Event.Level=Info
Event.Name=Configuration.Applied
Configuration.Reason=control-generation
Configuration.SchemaVersion=7
Effects.Enabled=true
Effects.ClickEnabled=true
Effects.TrailEnabled=true
Effects.GlobalScale=1.000
Effects.TrailLength=1.000
Effects.TrailWidth=1.000
Effects.BloomIntensity=1.000
Effects.BloomQuality=high
Effects.BloomDiffusion=7.000
Background.Mode=background-aware
Background.CursorExcluded=true
Background.AllowSystemBorder=true
Input.LeftClick=true
Input.RightClick=true
Input.MiddleClick=false
Input.SamplingRateHz=0
Input.TrailOnlyWhilePressed=true
Performance.IdleOptimization=true
Performance.FramePacing=match-display
Output.Width=3840
Output.Height=2160
---
Log.SchemaVersion=2
Log.SessionId=20260815T074226.817Z-361332-4A545C5B8CE
Event.Sequence=50
Event.Utc=2026-08-15T07:42:35.281Z
Event.MonotonicUs=8464127
Event.ProcessId=361332
Event.ThreadId=348660
Event.Level=Info
Event.Name=BackgroundComposite.Participated
Control.Generation=5
Frame.Id=27945
WGC.Epoch=2
WGC.Generation=147
BackgroundSnapshot.Epoch=2
BackgroundSnapshot.Generation=147
---
Log.SchemaVersion=2
Log.SessionId=20260815T074226.817Z-361332-4A545C5B8CE
Event.Sequence=51
Event.Utc=2026-08-15T07:42:35.282Z
Event.MonotonicUs=8464676
Event.ProcessId=361332
Event.ThreadId=348660
Event.Level=Info
Event.Name=Message
Event.Message=WGC background sample entered the final desktop composite
---
Log.SchemaVersion=2
Log.SessionId=20260815T074226.817Z-361332-4A545C5B8CE
Event.Sequence=52
Event.Utc=2026-08-15T07:42:35.964Z
Event.MonotonicUs=9147037
Event.ProcessId=361332
Event.ThreadId=348660
Event.Level=Info
Event.Name=BackgroundSnapshot.Invalidated
Control.Generation=5
Frame.Id=28701
WGC.Epoch=2
WGC.Generation=187
BackgroundSnapshot.Epoch=2
BackgroundSnapshot.Generation=187
BackgroundSnapshot.InvalidationReason=visible-batch-ended
---
Log.SchemaVersion=2
Log.SessionId=20260815T074226.817Z-361332-4A545C5B8CE
Event.Sequence=53
Event.Utc=2026-08-15T07:42:37.195Z
Event.MonotonicUs=10378192
Event.ProcessId=361332
Event.ThreadId=348660
Event.Level=Info
Event.Name=Performance.Interval
Configuration.SchemaVersion=7
Effects.Enabled=true
Effects.ClickEnabled=true
Effects.TrailEnabled=true
Effects.GlobalScale=1.000
Effects.TrailLength=1.000
Effects.TrailWidth=1.000
Effects.BloomIntensity=1.000
Effects.BloomQuality=high
Effects.BloomDiffusion=7.000
Background.Mode=background-aware
Background.CursorExcluded=true
Background.AllowSystemBorder=true
Input.LeftClick=true
Input.RightClick=true
Input.MiddleClick=false
Input.SamplingRateHz=0
Input.TrailOnlyWhilePressed=true
Performance.IdleOptimization=true
Performance.FramePacing=match-display
Output.Width=3840
Output.Height=2160
Window.Final=false
Window.DurationUs=10000143
Window.FrameCount=35550
Window.PresentedFps=3554.949
Runtime.Paused=false
Background.CompositeStatus=waiting-for-frame
Timing.CpuSemantic=inclusive-api-call-duration-not-gpu-execution
Timing.PresentSemantic=Present-call-return-not-dwm-composition-or-scanout
Timing.PresentMode=interval-0-frame-latency-gated
Timing.InputSemantic=input-to-Present-return-not-photon-latency
Timing.GpuSemantic=asynchronous-D3D11-timestamp-command-execution-not-Present-DWM-or-scanout
GPU.SampleCompletionSemantic=completed-sample-may-belong-to-an-older-reporting-window
GPU.StageApplicabilitySemantic=WGC-drain-attempted-snapshot-attempted-and-visual-FX-only
ROI.ProductionPath=full-screen-fallback
ROI.VisualBounds.LastStatus=empty
ROI.Plan.LastStatus=empty
ROI.VisualBounds.OkFrames=756
ROI.VisualBounds.EmptyFrames=34794
ROI.VisualBounds.InvalidFrames=0
ROI.VisualBounds.OverflowFrames=0
ROI.DirtyRect.Frames=757
ROI.Plan.OkFrames=757
ROI.Plan.EmptyFrames=34793
ROI.Plan.InvalidRectFrames=0
ROI.Plan.InvalidFootprintFrames=0
ROI.Plan.OverflowFrames=0
WGC.ProducerSemantic=FrameArrived-callback-rate-proxy
Diagnostics.PreviousLogWriteCpuUs=0
WGC.ActiveFrames=35203
WGC.MaintenanceCycles=32
WGC.DrainPolicy=visible-every-frame-idle-sensor-only-max-20hz
WGC.DrainAttemptedFrames=930
WGC.VisibleDrainAttemptedFrames=756
WGC.IdleDrainAttemptedFrames=174
WGC.IdleDrainThrottledFrames=34305
WGC.ProducerCallbacks=378
WGC.ProducerCallbackFps=37.799
WGC.FramesAcquired=375
WGC.FramesSuperseded=163
WGC.TimestampRejectedFrames=0
WGC.OwnedCopiesSubmitted=212
WGC.SamplesAccepted=212
WGC.AcceptedFps=21.200
Background.SnapshotAttempts=41
Background.SnapshotsRefreshed=41
Background.ParticipatingFrames=756
Input.RawMessages=0
Input.MoveEvents=0
Input.ButtonEdges=0
Input.CancelEvents=0
Input.CompactedMoveEvents=0
Input.OverflowMoveDrops=0
Input.MessageTimeUnavailable=0
MessagePump.InputDispatched=0
MessagePump.OtherDispatched=7
MessagePump.InputBudgetExhaustions=0
MessagePump.OtherBudgetExhaustions=0
FramePacing.FrameReadyWakes=35550
FramePacing.DeviceRemovedWakes=0
FramePacing.MessageWakes=1
FramePacing.Timeouts=0
FramePacing.Failures=0
GPU.TimestampProfiler.Observed=true
GPU.TimestampProfiler.Available=true
GPU.TimestampProfiler.InitializationHresult=0x00000000
GPU.FramesStarted=35550
GPU.FramesSubmitted=35550
GPU.PendingPolls=0
GPU.RingFullSkipped=0
GPU.SamplesCompleted=35549
GPU.CancelledSlotsReclaimed=0
GPU.DisjointSamples=0
GPU.QueryFailures=0
GPU.StateErrors=0
Cpu.FrameTotal.Available=true
Cpu.FrameTotal.Unit=us
Cpu.FrameTotal.Samples=35550
Cpu.FrameTotal.RecordedSamples=4096
Cpu.FrameTotal.DroppedSamples=31454
Cpu.FrameTotal.Min=39
Cpu.FrameTotal.Average=57.902
Cpu.FrameTotal.P50=55
Cpu.FrameTotal.P95=79
Cpu.FrameTotal.P99=118
Cpu.FrameTotal.Max=8168
Cpu.WgcDrainInclusive.Available=true
Cpu.WgcDrainInclusive.Unit=us
Cpu.WgcDrainInclusive.Samples=930
Cpu.WgcDrainInclusive.RecordedSamples=930
Cpu.WgcDrainInclusive.DroppedSamples=0
Cpu.WgcDrainInclusive.Min=0
Cpu.WgcDrainInclusive.Average=34.872
Cpu.WgcDrainInclusive.P50=1
Cpu.WgcDrainInclusive.P95=174
Cpu.WgcDrainInclusive.P99=324
Cpu.WgcDrainInclusive.Max=824
Cpu.WgcOwnedCopySubmit.Available=true
Cpu.WgcOwnedCopySubmit.Unit=us
Cpu.WgcOwnedCopySubmit.Samples=212
Cpu.WgcOwnedCopySubmit.RecordedSamples=212
Cpu.WgcOwnedCopySubmit.DroppedSamples=0
Cpu.WgcOwnedCopySubmit.Min=0
Cpu.WgcOwnedCopySubmit.Average=2.500
Cpu.WgcOwnedCopySubmit.P50=2
Cpu.WgcOwnedCopySubmit.P95=5
Cpu.WgcOwnedCopySubmit.P99=8
Cpu.WgcOwnedCopySubmit.Max=16
Cpu.BackgroundSnapshotSubmit.Available=true
Cpu.BackgroundSnapshotSubmit.Unit=us
Cpu.BackgroundSnapshotSubmit.Samples=41
Cpu.BackgroundSnapshotSubmit.RecordedSamples=41
Cpu.BackgroundSnapshotSubmit.DroppedSamples=0
Cpu.BackgroundSnapshotSubmit.Min=4
Cpu.BackgroundSnapshotSubmit.Average=16.268
Cpu.BackgroundSnapshotSubmit.P50=7
Cpu.BackgroundSnapshotSubmit.P95=9
Cpu.BackgroundSnapshotSubmit.P99=398
Cpu.BackgroundSnapshotSubmit.Max=398
Cpu.FxTotalSubmit.Available=true
Cpu.FxTotalSubmit.Unit=us
Cpu.FxTotalSubmit.Samples=35550
Cpu.FxTotalSubmit.RecordedSamples=4096
Cpu.FxTotalSubmit.DroppedSamples=31454
Cpu.FxTotalSubmit.Min=0
Cpu.FxTotalSubmit.Average=1.661
Cpu.FxTotalSubmit.P50=1
Cpu.FxTotalSubmit.P95=2
Cpu.FxTotalSubmit.P99=3
Cpu.FxTotalSubmit.Max=685
Cpu.FxMaterialsSubmit.Available=true
Cpu.FxMaterialsSubmit.Unit=us
Cpu.FxMaterialsSubmit.Samples=35550
Cpu.FxMaterialsSubmit.RecordedSamples=4096
Cpu.FxMaterialsSubmit.DroppedSamples=31454
Cpu.FxMaterialsSubmit.Min=0
Cpu.FxMaterialsSubmit.Average=0.328
Cpu.FxMaterialsSubmit.P50=0
Cpu.FxMaterialsSubmit.P95=0
Cpu.FxMaterialsSubmit.P99=0
Cpu.FxMaterialsSubmit.Max=580
Cpu.BloomAndCompositeSubmit.Available=true
Cpu.BloomAndCompositeSubmit.Unit=us
Cpu.BloomAndCompositeSubmit.Samples=35550
Cpu.BloomAndCompositeSubmit.RecordedSamples=4096
Cpu.BloomAndCompositeSubmit.DroppedSamples=31454
Cpu.BloomAndCompositeSubmit.Min=0
Cpu.BloomAndCompositeSubmit.Average=0.228
Cpu.BloomAndCompositeSubmit.P50=0
Cpu.BloomAndCompositeSubmit.P95=0
Cpu.BloomAndCompositeSubmit.P99=0
Cpu.BloomAndCompositeSubmit.Max=187
Cpu.DiagnosticReadback.Available=false
Cpu.DiagnosticReadback.Unit=us
Cpu.DiagnosticReadback.Samples=0
Cpu.DiagnosticReadback.RecordedSamples=0
Cpu.DiagnosticReadback.DroppedSamples=0
Cpu.PresentCall.Available=true
Cpu.PresentCall.Unit=us
Cpu.PresentCall.Samples=35550
Cpu.PresentCall.RecordedSamples=4096
Cpu.PresentCall.DroppedSamples=31454
Cpu.PresentCall.Min=19
Cpu.PresentCall.Average=54.199
Cpu.PresentCall.P50=53
Cpu.PresentCall.P95=75
Cpu.PresentCall.P99=95
Cpu.PresentCall.Max=7079
WGC.SampleAge.Available=true
WGC.SampleAge.Unit=us
WGC.SampleAge.Samples=80
WGC.SampleAge.RecordedSamples=80
WGC.SampleAge.DroppedSamples=0
WGC.SampleAge.Min=0
WGC.SampleAge.Average=7855.950
WGC.SampleAge.P50=7320
WGC.SampleAge.P95=15050
WGC.SampleAge.P99=29131
WGC.SampleAge.Max=29131
Input.PendingEvents.Available=false
Input.PendingEvents.Unit=events
Input.PendingEvents.Samples=0
Input.PendingEvents.RecordedSamples=0
Input.PendingEvents.DroppedSamples=0
Input.Win32QueueAge.Available=false
Input.Win32QueueAge.Unit=ms
Input.Win32QueueAge.Samples=0
Input.Win32QueueAge.RecordedSamples=0
Input.Win32QueueAge.DroppedSamples=0
Input.DispatchToPresentReturn.Available=false
Input.DispatchToPresentReturn.Unit=us
Input.DispatchToPresentReturn.Samples=0
Input.DispatchToPresentReturn.RecordedSamples=0
Input.DispatchToPresentReturn.DroppedSamples=0
Input.MessageToPresentReturn.Available=false
Input.MessageToPresentReturn.Unit=ms
Input.MessageToPresentReturn.Samples=0
Input.MessageToPresentReturn.RecordedSamples=0
Input.MessageToPresentReturn.DroppedSamples=0
ROI.FullScreenPixels.Available=true
ROI.FullScreenPixels.Unit=pixels
ROI.FullScreenPixels.Samples=35550
ROI.FullScreenPixels.RecordedSamples=4096
ROI.FullScreenPixels.DroppedSamples=31454
ROI.FullScreenPixels.Min=8294400
ROI.FullScreenPixels.Average=8294400.000
ROI.FullScreenPixels.P50=8294400
ROI.FullScreenPixels.P95=8294400
ROI.FullScreenPixels.P99=8294400
ROI.FullScreenPixels.Max=8294400
ROI.BloomOutputPixels.Available=true
ROI.BloomOutputPixels.Unit=pixels
ROI.BloomOutputPixels.Samples=757
ROI.BloomOutputPixels.RecordedSamples=757
ROI.BloomOutputPixels.DroppedSamples=0
ROI.BloomOutputPixels.Min=2327150
ROI.BloomOutputPixels.Average=3405631.736
ROI.BloomOutputPixels.P50=3541924
ROI.BloomOutputPixels.P95=3779136
ROI.BloomOutputPixels.P99=3779136
ROI.BloomOutputPixels.Max=3779136
ROI.AlignedWorkPixels.Available=true
ROI.AlignedWorkPixels.Unit=pixels
ROI.AlignedWorkPixels.Samples=757
ROI.AlignedWorkPixels.RecordedSamples=757
ROI.AlignedWorkPixels.DroppedSamples=0
ROI.AlignedWorkPixels.Min=2768896
ROI.AlignedWorkPixels.Average=3891860.122
ROI.AlignedWorkPixels.P50=3932160
ROI.AlignedWorkPixels.P95=4423680
ROI.AlignedWorkPixels.P99=4423680
ROI.AlignedWorkPixels.Max=4423680
ROI.GuardX.Available=true
ROI.GuardX.Unit=pixels
ROI.GuardX.Samples=757
ROI.GuardX.RecordedSamples=757
ROI.GuardX.DroppedSamples=0
ROI.GuardX.Min=762
ROI.GuardX.Average=762.000
ROI.GuardX.P50=762
ROI.GuardX.P95=762
ROI.GuardX.P99=762
ROI.GuardX.Max=762
ROI.GuardY.Available=true
ROI.GuardY.Unit=pixels
ROI.GuardY.Samples=757
ROI.GuardY.RecordedSamples=757
ROI.GuardY.DroppedSamples=0
ROI.GuardY.Min=762
ROI.GuardY.Average=762.000
ROI.GuardY.P50=762
ROI.GuardY.P95=762
ROI.GuardY.P99=762
ROI.GuardY.Max=762
ROI.PhasePeriod.Available=true
ROI.PhasePeriod.Unit=pixels
ROI.PhasePeriod.Samples=757
ROI.PhasePeriod.RecordedSamples=757
ROI.PhasePeriod.DroppedSamples=0
ROI.PhasePeriod.Min=128
ROI.PhasePeriod.Average=128.000
ROI.PhasePeriod.P50=128
ROI.PhasePeriod.P95=128
ROI.PhasePeriod.P99=128
ROI.PhasePeriod.Max=128
ROI.LastDirtyRect.Available=true
ROI.LastDirtyRect.Left=1853
ROI.LastDirtyRect.Top=906
ROI.LastDirtyRect.Right=1854
ROI.LastDirtyRect.Bottom=908
ROI.LastBloomOutput.Available=true
ROI.LastBloomOutput.Left=1091
ROI.LastBloomOutput.Top=144
ROI.LastBloomOutput.Right=2616
ROI.LastBloomOutput.Bottom=1670
ROI.LastAlignedWork.Available=true
ROI.LastAlignedWork.Left=1024
ROI.LastAlignedWork.Top=128
ROI.LastAlignedWork.Right=2688
ROI.LastAlignedWork.Bottom=1792
GPU.PendingFrames.Available=true
GPU.PendingFrames.Unit=slots
GPU.PendingFrames.Samples=35550
GPU.PendingFrames.RecordedSamples=4096
GPU.PendingFrames.DroppedSamples=31454
GPU.PendingFrames.Min=1
GPU.PendingFrames.Average=1.000
GPU.PendingFrames.P50=1
GPU.PendingFrames.P95=1
GPU.PendingFrames.P99=1
GPU.PendingFrames.Max=1
GPU.WgcDrainAndCopy.Available=true
GPU.WgcDrainAndCopy.Unit=us
GPU.WgcDrainAndCopy.Samples=898
GPU.WgcDrainAndCopy.RecordedSamples=898
GPU.WgcDrainAndCopy.DroppedSamples=0
GPU.WgcDrainAndCopy.Min=0
GPU.WgcDrainAndCopy.Average=62.217
GPU.WgcDrainAndCopy.P50=0
GPU.WgcDrainAndCopy.P95=322
GPU.WgcDrainAndCopy.P99=398
GPU.WgcDrainAndCopy.Max=2407
GPU.BackgroundSnapshot.Available=true
GPU.BackgroundSnapshot.Unit=us
GPU.BackgroundSnapshot.Samples=41
GPU.BackgroundSnapshot.RecordedSamples=41
GPU.BackgroundSnapshot.DroppedSamples=0
GPU.BackgroundSnapshot.Min=161
GPU.BackgroundSnapshot.Average=181.366
GPU.BackgroundSnapshot.P50=172
GPU.BackgroundSnapshot.P95=209
GPU.BackgroundSnapshot.P99=212
GPU.BackgroundSnapshot.Max=212
GPU.FxMaterials.Available=true
GPU.FxMaterials.Unit=us
GPU.FxMaterials.Samples=756
GPU.FxMaterials.RecordedSamples=756
GPU.FxMaterials.DroppedSamples=0
GPU.FxMaterials.Min=25
GPU.FxMaterials.Average=34.708
GPU.FxMaterials.P50=28
GPU.FxMaterials.P95=48
GPU.FxMaterials.P99=60
GPU.FxMaterials.Max=1412
GPU.BloomAndFinalComposite.Available=true
GPU.BloomAndFinalComposite.Unit=us
GPU.BloomAndFinalComposite.Samples=756
GPU.BloomAndFinalComposite.RecordedSamples=756
GPU.BloomAndFinalComposite.DroppedSamples=0
GPU.BloomAndFinalComposite.Min=524
GPU.BloomAndFinalComposite.Average=660.537
GPU.BloomAndFinalComposite.P50=567
GPU.BloomAndFinalComposite.P95=783
GPU.BloomAndFinalComposite.P99=1773
GPU.BloomAndFinalComposite.Max=7518
GPU.FxTotal.Available=true
GPU.FxTotal.Unit=us
GPU.FxTotal.Samples=756
GPU.FxTotal.RecordedSamples=756
GPU.FxTotal.DroppedSamples=0
GPU.FxTotal.Min=552
GPU.FxTotal.Average=695.598
GPU.FxTotal.P50=595
GPU.FxTotal.P95=1018
GPU.FxTotal.P99=1816
GPU.FxTotal.Max=7565
GPU.RenderCommandSpan.Available=true
GPU.RenderCommandSpan.Unit=us
GPU.RenderCommandSpan.Samples=35549
GPU.RenderCommandSpan.RecordedSamples=4096
GPU.RenderCommandSpan.DroppedSamples=31453
GPU.RenderCommandSpan.Min=19
GPU.RenderCommandSpan.Average=96.810
GPU.RenderCommandSpan.P50=80
GPU.RenderCommandSpan.P95=128
GPU.RenderCommandSpan.P99=442
GPU.RenderCommandSpan.Max=7565
---
Log.SchemaVersion=2
Log.SessionId=20260815T074226.817Z-361332-4A545C5B8CE
Event.Sequence=54
Event.Utc=2026-08-15T07:42:37.263Z
Event.MonotonicUs=10445041
Event.ProcessId=361332
Event.ThreadId=348660
Event.Level=Info
Event.Name=Performance.Interval
Configuration.SchemaVersion=7
Effects.Enabled=true
Effects.ClickEnabled=true
Effects.TrailEnabled=true
Effects.GlobalScale=1.000
Effects.TrailLength=1.000
Effects.TrailWidth=1.000
Effects.BloomIntensity=1.000
Effects.BloomQuality=high
Effects.BloomDiffusion=7.000
Background.Mode=background-aware
Background.CursorExcluded=true
Background.AllowSystemBorder=true
Input.LeftClick=true
Input.RightClick=true
Input.MiddleClick=false
Input.SamplingRateHz=0
Input.TrailOnlyWhilePressed=true
Performance.IdleOptimization=true
Performance.FramePacing=match-display
Output.Width=3840
Output.Height=2160
Window.Final=true
Window.DurationUs=66066
Window.FrameCount=378
Window.PresentedFps=5721.551
Runtime.Paused=false
Background.CompositeStatus=waiting-for-frame
Timing.CpuSemantic=inclusive-api-call-duration-not-gpu-execution
Timing.PresentSemantic=Present-call-return-not-dwm-composition-or-scanout
Timing.PresentMode=interval-0-frame-latency-gated
Timing.InputSemantic=input-to-Present-return-not-photon-latency
Timing.GpuSemantic=asynchronous-D3D11-timestamp-command-execution-not-Present-DWM-or-scanout
GPU.SampleCompletionSemantic=completed-sample-may-belong-to-an-older-reporting-window
GPU.StageApplicabilitySemantic=WGC-drain-attempted-snapshot-attempted-and-visual-FX-only
ROI.ProductionPath=full-screen-fallback
ROI.VisualBounds.LastStatus=empty
ROI.Plan.LastStatus=empty
ROI.VisualBounds.OkFrames=0
ROI.VisualBounds.EmptyFrames=378
ROI.VisualBounds.InvalidFrames=0
ROI.VisualBounds.OverflowFrames=0
ROI.DirtyRect.Frames=0
ROI.Plan.OkFrames=0
ROI.Plan.EmptyFrames=378
ROI.Plan.InvalidRectFrames=0
ROI.Plan.InvalidFootprintFrames=0
ROI.Plan.OverflowFrames=0
WGC.ProducerSemantic=FrameArrived-callback-rate-proxy
Diagnostics.PreviousLogWriteCpuUs=707
WGC.ActiveFrames=378
WGC.MaintenanceCycles=0
WGC.DrainPolicy=visible-every-frame-idle-sensor-only-max-20hz
WGC.DrainAttemptedFrames=1
WGC.VisibleDrainAttemptedFrames=0
WGC.IdleDrainAttemptedFrames=1
WGC.IdleDrainThrottledFrames=377
WGC.ProducerCallbacks=2
WGC.ProducerCallbackFps=30.273
WGC.FramesAcquired=2
WGC.FramesSuperseded=1
WGC.TimestampRejectedFrames=0
WGC.OwnedCopiesSubmitted=1
WGC.SamplesAccepted=1
WGC.AcceptedFps=15.136
Background.SnapshotAttempts=0
Background.SnapshotsRefreshed=0
Background.ParticipatingFrames=0
Input.RawMessages=0
Input.MoveEvents=0
Input.ButtonEdges=0
Input.CancelEvents=0
Input.CompactedMoveEvents=0
Input.OverflowMoveDrops=0
Input.MessageTimeUnavailable=0
MessagePump.InputDispatched=0
MessagePump.OtherDispatched=0
MessagePump.InputBudgetExhaustions=0
MessagePump.OtherBudgetExhaustions=0
FramePacing.FrameReadyWakes=378
FramePacing.DeviceRemovedWakes=0
FramePacing.MessageWakes=0
FramePacing.Timeouts=0
FramePacing.Failures=0
GPU.TimestampProfiler.Observed=true
GPU.TimestampProfiler.Available=true
GPU.TimestampProfiler.InitializationHresult=0x00000000
GPU.FramesStarted=378
GPU.FramesSubmitted=378
GPU.PendingPolls=0
GPU.RingFullSkipped=0
GPU.SamplesCompleted=378
GPU.CancelledSlotsReclaimed=0
GPU.DisjointSamples=0
GPU.QueryFailures=0
GPU.StateErrors=0
Cpu.FrameTotal.Available=true
Cpu.FrameTotal.Unit=us
Cpu.FrameTotal.Samples=378
Cpu.FrameTotal.RecordedSamples=378
Cpu.FrameTotal.DroppedSamples=0
Cpu.FrameTotal.Min=42
Cpu.FrameTotal.Average=52.489
Cpu.FrameTotal.P50=49
Cpu.FrameTotal.P95=72
Cpu.FrameTotal.P99=85
Cpu.FrameTotal.Max=167
Cpu.WgcDrainInclusive.Available=true
Cpu.WgcDrainInclusive.Unit=us
Cpu.WgcDrainInclusive.Samples=1
Cpu.WgcDrainInclusive.RecordedSamples=1
Cpu.WgcDrainInclusive.DroppedSamples=0
Cpu.WgcDrainInclusive.Min=136
Cpu.WgcDrainInclusive.Average=136.000
Cpu.WgcDrainInclusive.P50=136
Cpu.WgcDrainInclusive.P95=136
Cpu.WgcDrainInclusive.P99=136
Cpu.WgcDrainInclusive.Max=136
Cpu.WgcOwnedCopySubmit.Available=true
Cpu.WgcOwnedCopySubmit.Unit=us
Cpu.WgcOwnedCopySubmit.Samples=1
Cpu.WgcOwnedCopySubmit.RecordedSamples=1
Cpu.WgcOwnedCopySubmit.DroppedSamples=0
Cpu.WgcOwnedCopySubmit.Min=2
Cpu.WgcOwnedCopySubmit.Average=2.000
Cpu.WgcOwnedCopySubmit.P50=2
Cpu.WgcOwnedCopySubmit.P95=2
Cpu.WgcOwnedCopySubmit.P99=2
Cpu.WgcOwnedCopySubmit.Max=2
Cpu.BackgroundSnapshotSubmit.Available=false
Cpu.BackgroundSnapshotSubmit.Unit=us
Cpu.BackgroundSnapshotSubmit.Samples=0
Cpu.BackgroundSnapshotSubmit.RecordedSamples=0
Cpu.BackgroundSnapshotSubmit.DroppedSamples=0
Cpu.FxTotalSubmit.Available=true
Cpu.FxTotalSubmit.Unit=us
Cpu.FxTotalSubmit.Samples=378
Cpu.FxTotalSubmit.RecordedSamples=378
Cpu.FxTotalSubmit.DroppedSamples=0
Cpu.FxTotalSubmit.Min=0
Cpu.FxTotalSubmit.Average=1.074
Cpu.FxTotalSubmit.P50=1
Cpu.FxTotalSubmit.P95=2
Cpu.FxTotalSubmit.P99=2
Cpu.FxTotalSubmit.Max=5
Cpu.FxMaterialsSubmit.Available=true
Cpu.FxMaterialsSubmit.Unit=us
Cpu.FxMaterialsSubmit.Samples=378
Cpu.FxMaterialsSubmit.RecordedSamples=378
Cpu.FxMaterialsSubmit.DroppedSamples=0
Cpu.FxMaterialsSubmit.Min=0
Cpu.FxMaterialsSubmit.Average=0.000
Cpu.FxMaterialsSubmit.P50=0
Cpu.FxMaterialsSubmit.P95=0
Cpu.FxMaterialsSubmit.P99=0
Cpu.FxMaterialsSubmit.Max=0
Cpu.BloomAndCompositeSubmit.Available=true
Cpu.BloomAndCompositeSubmit.Unit=us
Cpu.BloomAndCompositeSubmit.Samples=378
Cpu.BloomAndCompositeSubmit.RecordedSamples=378
Cpu.BloomAndCompositeSubmit.DroppedSamples=0
Cpu.BloomAndCompositeSubmit.Min=0
Cpu.BloomAndCompositeSubmit.Average=0.000
Cpu.BloomAndCompositeSubmit.P50=0
Cpu.BloomAndCompositeSubmit.P95=0
Cpu.BloomAndCompositeSubmit.P99=0
Cpu.BloomAndCompositeSubmit.Max=0
Cpu.DiagnosticReadback.Available=false
Cpu.DiagnosticReadback.Unit=us
Cpu.DiagnosticReadback.Samples=0
Cpu.DiagnosticReadback.RecordedSamples=0
Cpu.DiagnosticReadback.DroppedSamples=0
Cpu.PresentCall.Available=true
Cpu.PresentCall.Unit=us
Cpu.PresentCall.Samples=378
Cpu.PresentCall.RecordedSamples=378
Cpu.PresentCall.DroppedSamples=0
Cpu.PresentCall.Min=25
Cpu.PresentCall.Average=49.735
Cpu.PresentCall.P50=47
Cpu.PresentCall.P95=68
Cpu.PresentCall.P99=81
Cpu.PresentCall.Max=97
WGC.SampleAge.Available=false
WGC.SampleAge.Unit=us
WGC.SampleAge.Samples=0
WGC.SampleAge.RecordedSamples=0
WGC.SampleAge.DroppedSamples=0
Input.PendingEvents.Available=false
Input.PendingEvents.Unit=events
Input.PendingEvents.Samples=0
Input.PendingEvents.RecordedSamples=0
Input.PendingEvents.DroppedSamples=0
Input.Win32QueueAge.Available=false
Input.Win32QueueAge.Unit=ms
Input.Win32QueueAge.Samples=0
Input.Win32QueueAge.RecordedSamples=0
Input.Win32QueueAge.DroppedSamples=0
Input.DispatchToPresentReturn.Available=false
Input.DispatchToPresentReturn.Unit=us
Input.DispatchToPresentReturn.Samples=0
Input.DispatchToPresentReturn.RecordedSamples=0
Input.DispatchToPresentReturn.DroppedSamples=0
Input.MessageToPresentReturn.Available=false
Input.MessageToPresentReturn.Unit=ms
Input.MessageToPresentReturn.Samples=0
Input.MessageToPresentReturn.RecordedSamples=0
Input.MessageToPresentReturn.DroppedSamples=0
ROI.FullScreenPixels.Available=true
ROI.FullScreenPixels.Unit=pixels
ROI.FullScreenPixels.Samples=378
ROI.FullScreenPixels.RecordedSamples=378
ROI.FullScreenPixels.DroppedSamples=0
ROI.FullScreenPixels.Min=8294400
ROI.FullScreenPixels.Average=8294400.000
ROI.FullScreenPixels.P50=8294400
ROI.FullScreenPixels.P95=8294400
ROI.FullScreenPixels.P99=8294400
ROI.FullScreenPixels.Max=8294400
ROI.BloomOutputPixels.Available=false
ROI.BloomOutputPixels.Unit=pixels
ROI.BloomOutputPixels.Samples=0
ROI.BloomOutputPixels.RecordedSamples=0
ROI.BloomOutputPixels.DroppedSamples=0
ROI.AlignedWorkPixels.Available=false
ROI.AlignedWorkPixels.Unit=pixels
ROI.AlignedWorkPixels.Samples=0
ROI.AlignedWorkPixels.RecordedSamples=0
ROI.AlignedWorkPixels.DroppedSamples=0
ROI.GuardX.Available=false
ROI.GuardX.Unit=pixels
ROI.GuardX.Samples=0
ROI.GuardX.RecordedSamples=0
ROI.GuardX.DroppedSamples=0
ROI.GuardY.Available=false
ROI.GuardY.Unit=pixels
ROI.GuardY.Samples=0
ROI.GuardY.RecordedSamples=0
ROI.GuardY.DroppedSamples=0
ROI.PhasePeriod.Available=false
ROI.PhasePeriod.Unit=pixels
ROI.PhasePeriod.Samples=0
ROI.PhasePeriod.RecordedSamples=0
ROI.PhasePeriod.DroppedSamples=0
ROI.LastDirtyRect.Available=false
ROI.LastBloomOutput.Available=false
ROI.LastAlignedWork.Available=false
GPU.PendingFrames.Available=true
GPU.PendingFrames.Unit=slots
GPU.PendingFrames.Samples=378
GPU.PendingFrames.RecordedSamples=378
GPU.PendingFrames.DroppedSamples=0
GPU.PendingFrames.Min=1
GPU.PendingFrames.Average=1.000
GPU.PendingFrames.P50=1
GPU.PendingFrames.P95=1
GPU.PendingFrames.P99=1
GPU.PendingFrames.Max=1
GPU.WgcDrainAndCopy.Available=true
GPU.WgcDrainAndCopy.Unit=us
GPU.WgcDrainAndCopy.Samples=1
GPU.WgcDrainAndCopy.RecordedSamples=1
GPU.WgcDrainAndCopy.DroppedSamples=0
GPU.WgcDrainAndCopy.Min=240
GPU.WgcDrainAndCopy.Average=240.000
GPU.WgcDrainAndCopy.P50=240
GPU.WgcDrainAndCopy.P95=240
GPU.WgcDrainAndCopy.P99=240
GPU.WgcDrainAndCopy.Max=240
GPU.BackgroundSnapshot.Available=false
GPU.BackgroundSnapshot.Unit=us
GPU.BackgroundSnapshot.Samples=0
GPU.BackgroundSnapshot.RecordedSamples=0
GPU.BackgroundSnapshot.DroppedSamples=0
GPU.FxMaterials.Available=false
GPU.FxMaterials.Unit=us
GPU.FxMaterials.Samples=0
GPU.FxMaterials.RecordedSamples=0
GPU.FxMaterials.DroppedSamples=0
GPU.BloomAndFinalComposite.Available=false
GPU.BloomAndFinalComposite.Unit=us
GPU.BloomAndFinalComposite.Samples=0
GPU.BloomAndFinalComposite.RecordedSamples=0
GPU.BloomAndFinalComposite.DroppedSamples=0
GPU.FxTotal.Available=false
GPU.FxTotal.Unit=us
GPU.FxTotal.Samples=0
GPU.FxTotal.RecordedSamples=0
GPU.FxTotal.DroppedSamples=0
GPU.RenderCommandSpan.Available=true
GPU.RenderCommandSpan.Unit=us
GPU.RenderCommandSpan.Samples=378
GPU.RenderCommandSpan.RecordedSamples=378
GPU.RenderCommandSpan.DroppedSamples=0
GPU.RenderCommandSpan.Min=44
GPU.RenderCommandSpan.Average=58.664
GPU.RenderCommandSpan.P50=52
GPU.RenderCommandSpan.P95=59
GPU.RenderCommandSpan.P99=94
GPU.RenderCommandSpan.Max=1124
---
Log.SchemaVersion=2
Log.SessionId=20260815T074226.817Z-361332-4A545C5B8CE
Event.Sequence=55
Event.Utc=2026-08-15T07:42:37.263Z
Event.MonotonicUs=10445614
Event.ProcessId=361332
Event.ThreadId=348660
Event.Level=Info
Event.Name=Message
Event.Message=WGC final composite summary; composite-frames=756; rendered-frames=35928
---
Log.SchemaVersion=2
Log.SessionId=20260815T074226.817Z-361332-4A545C5B8CE
Event.Sequence=56
Event.Utc=2026-08-15T07:42:37.265Z
Event.MonotonicUs=10447050
Event.ProcessId=361332
Event.ThreadId=348660
Event.Level=Info
Event.Name=Message
Event.Message=BackgroundCapture.Stop.Phase=shutdown;WGC.Stop.SensorPresent=true;WGC.Stop.FrameArrivedUnregisterFailed=false;WGC.Stop.ItemClosedUnregisterFailed=false;WGC.Stop.SessionCloseFailed=false;WGC.Stop.FramePoolCloseFailed=false;WGC.Stop.Completed=true;WGC.Stop.OverallSucceeded=true;WGC.Stop.DeferredReport=false;WGC.Stop.FrameArrivedUnregisterUs=3;WGC.Stop.ItemClosedUnregisterUs=0;WGC.Stop.SessionCloseUs=697;WGC.Stop.FramePoolCloseUs=3;WGC.Stop.TotalUs=1037
---
Log.SchemaVersion=2
Log.SessionId=20260815T074226.817Z-361332-4A545C5B8CE
Event.Sequence=57
Event.Utc=2026-08-15T07:42:37.265Z
Event.MonotonicUs=10447562
Event.ProcessId=361332
Event.ThreadId=348660
Event.Level=Info
Event.Name=Message
Event.Message=BackgroundCapture.ResourceLedger.Phase=shutdown;WGC.ResourceLedger.FramesAcquired=377;FramesClosed=377;FramePoolsCreated=2;FramePoolsClosed=2;FramePoolsRecreated=0;SessionsCreated=2;SessionsClosed=2;FrameArrivedRegistrations=2;FrameArrivedUnregistrations=2;ItemClosedRegistrations=2;ItemClosedUnregistrations=2;LiveFrames=0;LiveFramePools=0;LiveSessions=0;LiveFrameArrivedRegistrations=0;LiveItemClosedRegistrations=0;Failures=0;AllReleased=true
---
Log.SchemaVersion=2
Log.SessionId=20260815T074226.817Z-361332-4A545C5B8CE
Event.Sequence=58
Event.Utc=2026-08-15T07:42:37.300Z
Event.MonotonicUs=10482066
Event.ProcessId=361332
Event.ThreadId=348660
Event.Level=Info
Event.Name=Process.Exited
---
