Log.SchemaVersion=2
Log.SessionId=20260815T074650.510Z-352960-4A5E2F1FF52
Event.Sequence=1
Event.Utc=2026-08-15T07:46:50.510Z
Event.MonotonicUs=7
Event.ProcessId=352960
Event.ThreadId=358236
Event.Level=Info
Event.Name=Process.Startup
Product.Version=0.1.0-alpha.12
Process.Mode=interactive
---
Log.SchemaVersion=2
Log.SessionId=20260815T074650.510Z-352960-4A5E2F1FF52
Event.Sequence=2
Event.Utc=2026-08-15T07:46:50.511Z
Event.MonotonicUs=1428
Event.ProcessId=352960
Event.ThreadId=358236
Event.Level=Info
Event.Name=Message
Event.Message=Package.Identity=absent;FullNameError=0x00003D54;PathError=0x00003D54
---
Log.SchemaVersion=2
Log.SessionId=20260815T074650.510Z-352960-4A5E2F1FF52
Event.Sequence=3
Event.Utc=2026-08-15T07:46:50.795Z
Event.MonotonicUs=285763
Event.ProcessId=352960
Event.ThreadId=358236
Event.Level=Info
Event.Name=Graphics.DeviceRemovalNotification.Status
Phase=startup
Available=true
RegistrationHRESULT=0x00000000
---
Log.SchemaVersion=2
Log.SessionId=20260815T074650.510Z-352960-4A5E2F1FF52
Event.Sequence=4
Event.Utc=2026-08-15T07:46:50.796Z
Event.MonotonicUs=286182
Event.ProcessId=352960
Event.ThreadId=358236
Event.Level=Info
Event.Name=Message
Event.Message=BackgroundCapture.Action.Begin=stop-sensor;Index=0
---
Log.SchemaVersion=2
Log.SessionId=20260815T074650.510Z-352960-4A5E2F1FF52
Event.Sequence=5
Event.Utc=2026-08-15T07:46:50.796Z
Event.MonotonicUs=286582
Event.ProcessId=352960
Event.ThreadId=358236
Event.Level=Info
Event.Name=Message
Event.Message=BackgroundCapture.Stop.Phase=transaction;WGC.Stop.SensorPresent=false;WGC.Stop.FrameArrivedUnregisterFailed=false;WGC.Stop.ItemClosedUnregisterFailed=false;WGC.Stop.SessionCloseFailed=false;WGC.Stop.FramePoolCloseFailed=false;WGC.Stop.Completed=true;WGC.Stop.OverallSucceeded=true;WGC.Stop.DeferredReport=false;WGC.Stop.FrameArrivedUnregisterUs=0;WGC.Stop.ItemClosedUnregisterUs=0;WGC.Stop.SessionCloseUs=0;WGC.Stop.FramePoolCloseUs=0;WGC.Stop.TotalUs=0
---
Log.SchemaVersion=2
Log.SessionId=20260815T074650.510Z-352960-4A5E2F1FF52
Event.Sequence=6
Event.Utc=2026-08-15T07:46:50.797Z
Event.MonotonicUs=286927
Event.ProcessId=352960
Event.ThreadId=358236
Event.Level=Info
Event.Name=Message
Event.Message=BackgroundCapture.Action.End=stop-sensor;Index=0;Succeeded=true;ElapsedUs=410
---
Log.SchemaVersion=2
Log.SessionId=20260815T074650.510Z-352960-4A5E2F1FF52
Event.Sequence=7
Event.Utc=2026-08-15T07:46:50.797Z
Event.MonotonicUs=287209
Event.ProcessId=352960
Event.ThreadId=358236
Event.Level=Info
Event.Name=Message
Event.Message=BackgroundCapture.Action.Begin=set-affinity-excluded;Index=1
---
Log.SchemaVersion=2
Log.SessionId=20260815T074650.510Z-352960-4A5E2F1FF52
Event.Sequence=8
Event.Utc=2026-08-15T07:46:50.799Z
Event.MonotonicUs=289206
Event.ProcessId=352960
Event.ThreadId=358236
Event.Level=Info
Event.Name=Message
Event.Message=Capture.Exclusion.Requested=0x00000011;Observed=0x00000011;Set=succeeded;SetError=0x00000000;Query=succeeded;QueryError=0x00000000
---
Log.SchemaVersion=2
Log.SessionId=20260815T074650.510Z-352960-4A5E2F1FF52
Event.Sequence=9
Event.Utc=2026-08-15T07:46:50.799Z
Event.MonotonicUs=289527
Event.ProcessId=352960
Event.ThreadId=358236
Event.Level=Info
Event.Name=Message
Event.Message=BackgroundCapture.Action.End=set-affinity-excluded;Index=1;Succeeded=true;ElapsedUs=1997
---
Log.SchemaVersion=2
Log.SessionId=20260815T074650.510Z-352960-4A5E2F1FF52
Event.Sequence=10
Event.Utc=2026-08-15T07:46:50.800Z
Event.MonotonicUs=289873
Event.ProcessId=352960
Event.ThreadId=358236
Event.Level=Info
Event.Name=Message
Event.Message=BackgroundCapture.Action.Begin=apply-overlay-profile;Index=2
---
Log.SchemaVersion=2
Log.SessionId=20260815T074650.510Z-352960-4A5E2F1FF52
Event.Sequence=11
Event.Utc=2026-08-15T07:46:50.800Z
Event.MonotonicUs=290177
Event.ProcessId=352960
Event.ThreadId=358236
Event.Level=Info
Event.Name=Message
Event.Message=BackgroundCapture.Action.End=apply-overlay-profile;Index=2;Succeeded=true;ElapsedUs=0
---
Log.SchemaVersion=2
Log.SessionId=20260815T074650.510Z-352960-4A5E2F1FF52
Event.Sequence=12
Event.Utc=2026-08-15T07:46:50.800Z
Event.MonotonicUs=290482
Event.ProcessId=352960
Event.ThreadId=358236
Event.Level=Info
Event.Name=Message
Event.Message=BackgroundCapture.Action.Begin=start-sensor;Index=3
---
Log.SchemaVersion=2
Log.SessionId=20260815T074650.510Z-352960-4A5E2F1FF52
Event.Sequence=13
Event.Utc=2026-08-15T07:46:50.878Z
Event.MonotonicUs=368309
Event.ProcessId=352960
Event.ThreadId=358236
Event.Level=Info
Event.Name=Message
Event.Message=BackgroundCapture.Action.End=start-sensor;Index=3;Succeeded=true;ElapsedUs=77359
---
Log.SchemaVersion=2
Log.SessionId=20260815T074650.510Z-352960-4A5E2F1FF52
Event.Sequence=14
Event.Utc=2026-08-15T07:46:50.879Z
Event.MonotonicUs=368749
Event.ProcessId=352960
Event.ThreadId=358236
Event.Level=Info
Event.Name=Message
Event.Message=BackgroundCapture.Transaction.End;Actions=4;ElapsedUs=82540
---
Log.SchemaVersion=2
Log.SessionId=20260815T074650.510Z-352960-4A5E2F1FF52
Event.Sequence=15
Event.Utc=2026-08-15T07:46:50.879Z
Event.MonotonicUs=369139
Event.ProcessId=352960
Event.ThreadId=358236
Event.Level=Info
Event.Name=Message
Event.Message=BackgroundCapture.ResourceLedger.Phase=transaction;WGC.ResourceLedger.FramesAcquired=0;FramesClosed=0;FramePoolsCreated=1;FramePoolsClosed=0;FramePoolsRecreated=0;SessionsCreated=1;SessionsClosed=0;FrameArrivedRegistrations=1;FrameArrivedUnregistrations=0;ItemClosedRegistrations=1;ItemClosedUnregistrations=0;LiveFrames=0;LiveFramePools=1;LiveSessions=1;LiveFrameArrivedRegistrations=1;LiveItemClosedRegistrations=1;Failures=0;AllReleased=false
---
Log.SchemaVersion=2
Log.SessionId=20260815T074650.510Z-352960-4A5E2F1FF52
Event.Sequence=16
Event.Utc=2026-08-15T07:46:50.879Z
Event.MonotonicUs=369522
Event.ProcessId=352960
Event.ThreadId=358236
Event.Level=Info
Event.Name=Message
Event.Message=WGC capture session active; system-border=visible-allowed; cursor=excluded
---
Log.SchemaVersion=2
Log.SessionId=20260815T074650.510Z-352960-4A5E2F1FF52
Event.Sequence=17
Event.Utc=2026-08-15T07:46:50.880Z
Event.MonotonicUs=369923
Event.ProcessId=352960
Event.ThreadId=358236
Event.Level=Info
Event.Name=Configuration.Applied
Configuration.Reason=startup
Configuration.SchemaVersion=7
Effects.Enabled=true
Effects.ClickEnabled=true
Effects.TrailEnabled=true
Effects.GlobalScale=1.000
Effects.TrailLength=1.000
Effects.TrailWidth=1.000
Effects.BloomIntensity=1.000
Effects.BloomQuality=high
Effects.BloomDiffusion=7.000
Background.Mode=background-aware
Background.CursorExcluded=true
Background.AllowSystemBorder=true
Input.LeftClick=true
Input.RightClick=true
Input.MiddleClick=false
Input.SamplingRateHz=0
Input.TrailOnlyWhilePressed=true
Performance.IdleOptimization=true
Performance.FramePacing=match-display
Output.Width=3840
Output.Height=2160
---
Log.SchemaVersion=2
Log.SessionId=20260815T074650.510Z-352960-4A5E2F1FF52
Event.Sequence=18
Event.Utc=2026-08-15T07:46:50.883Z
Event.MonotonicUs=373386
Event.ProcessId=352960
Event.ThreadId=358236
Event.Level=Info
Event.Name=Message
Event.Message=IPC control service started
---
Log.SchemaVersion=2
Log.SessionId=20260815T074650.510Z-352960-4A5E2F1FF52
Event.Sequence=19
Event.Utc=2026-08-15T07:46:50.884Z
Event.MonotonicUs=374087
Event.ProcessId=352960
Event.ThreadId=358236
Event.Level=Info
Event.Name=SupportReport
Report.GeneratedUtc=2026-08-15T07:46:50.884Z
Product.Name=ba-click-fx-desktop
Product.Version=0.1.0-alpha.12
Status=Ready
Support.Scope=single-primary-monitor;fx-only-or-wgc;sdr-tested
Support.HDR=not-supported
Support.WGC=active
Support.MultiDisplay=not-supported
Configuration.SchemaVersion=7
IPC.ControlService=active
OS.Version=10.0.19045
OS.Architecture=x64
Display.Primary=3840x2160@0,0
Display.PrimaryDpi=144
Display.RefreshRateSource=dwm-composition-timing
Display.RefreshRateNumerator=144
Display.RefreshRateDenominator=1
Display.RefreshRateHz=144.000
Display.RefreshPeriodUs=6944.444
Display.ColorMode=rgb-full-g22-p709;capability-only;luminance-valid;alpha-scope-sdr-only
Display.DxgiColorSpaceValue=0x00000000
Display.BitsPerColor=8
Display.MinLuminanceNits=0.500
Display.MaxLuminanceNits=270.000
Display.MaxFullFrameLuminanceNits=270.000
Log.Path=D:\C++project\ba-click-fx-desktop\artifacts\local\spikes\spk-002-mode-switch\rtx4060-win10-19045-ab4be5a-observed-switch-20260815-154535\ba-click-fx-desktop-support.log
Log.SchemaVersion=2
Log.SessionId=20260815T074650.510Z-352960-4A5E2F1FF52
Graphics.DriverType=Hardware
Graphics.Adapter=NVIDIA GeForce RTX 4060 Laptop GPU
Graphics.AdapterLuid=00000000:0001153F
Graphics.VendorId=0x000010DE
Graphics.DeviceId=0x000028E0
Graphics.SubsystemId=0x199D1043
Graphics.Revision=161
Graphics.DedicatedVideoMemory=8342470656
Graphics.DedicatedSystemMemory=0
Graphics.SharedSystemMemory=16760870912
Graphics.DriverVersion=32.0.16.1074
Graphics.FeatureLevel=11_1
Graphics.HardwareCreateHResult=0x00000000
Graphics.HardwareFallback=none
Exit.PrimaryHotKey=registered
Exit.FallbackHotKey=polling-fallback
Exit.NotificationIcon=available
Exit.PollingFallback=enabled
---
Log.SchemaVersion=2
Log.SessionId=20260815T074650.510Z-352960-4A5E2F1FF52
Event.Sequence=20
Event.Utc=2026-08-15T07:46:51.385Z
Event.MonotonicUs=876253
Event.ProcessId=352960
Event.ThreadId=358236
Event.Level=Info
Event.Name=BackgroundComposite.Participated
Control.Generation=1
Frame.Id=2522
WGC.Epoch=1
WGC.Generation=10
BackgroundSnapshot.Epoch=1
BackgroundSnapshot.Generation=10
---
Log.SchemaVersion=2
Log.SessionId=20260815T074650.510Z-352960-4A5E2F1FF52
Event.Sequence=21
Event.Utc=2026-08-15T07:46:51.386Z
Event.MonotonicUs=876863
Event.ProcessId=352960
Event.ThreadId=358236
Event.Level=Info
Event.Name=Message
Event.Message=WGC background sample entered the final desktop composite
---
Log.SchemaVersion=2
Log.SessionId=20260815T074650.510Z-352960-4A5E2F1FF52
Event.Sequence=22
Event.Utc=2026-08-15T07:46:51.396Z
Event.MonotonicUs=886545
Event.ProcessId=352960
Event.ThreadId=358236
Event.Level=Info
Event.Name=Message
Event.Message=BackgroundCapture.Action.Begin=stop-sensor;Index=0
---
Log.SchemaVersion=2
Log.SessionId=20260815T074650.510Z-352960-4A5E2F1FF52
Event.Sequence=23
Event.Utc=2026-08-15T07:46:51.397Z
Event.MonotonicUs=888131
Event.ProcessId=352960
Event.ThreadId=358236
Event.Level=Info
Event.Name=Message
Event.Message=BackgroundCapture.Stop.Phase=transaction;WGC.Stop.SensorPresent=true;WGC.Stop.FrameArrivedUnregisterFailed=false;WGC.Stop.ItemClosedUnregisterFailed=false;WGC.Stop.SessionCloseFailed=false;WGC.Stop.FramePoolCloseFailed=false;WGC.Stop.Completed=true;WGC.Stop.OverallSucceeded=true;WGC.Stop.DeferredReport=false;WGC.Stop.FrameArrivedUnregisterUs=1;WGC.Stop.ItemClosedUnregisterUs=0;WGC.Stop.SessionCloseUs=711;WGC.Stop.FramePoolCloseUs=2;WGC.Stop.TotalUs=1070
---
Log.SchemaVersion=2
Log.SessionId=20260815T074650.510Z-352960-4A5E2F1FF52
Event.Sequence=24
Event.Utc=2026-08-15T07:46:51.398Z
Event.MonotonicUs=888633
Event.ProcessId=352960
Event.ThreadId=358236
Event.Level=Info
Event.Name=Message
Event.Message=BackgroundCapture.Action.End=stop-sensor;Index=0;Succeeded=true;ElapsedUs=1564
---
Log.SchemaVersion=2
Log.SessionId=20260815T074650.510Z-352960-4A5E2F1FF52
Event.Sequence=25
Event.Utc=2026-08-15T07:46:51.398Z
Event.MonotonicUs=888992
Event.ProcessId=352960
Event.ThreadId=358236
Event.Level=Info
Event.Name=Message
Event.Message=BackgroundCapture.Action.Begin=set-affinity-included;Index=1
---
Log.SchemaVersion=2
Log.SessionId=20260815T074650.510Z-352960-4A5E2F1FF52
Event.Sequence=26
Event.Utc=2026-08-15T07:46:51.399Z
Event.MonotonicUs=889389
Event.ProcessId=352960
Event.ThreadId=358236
Event.Level=Info
Event.Name=Message
Event.Message=Capture.Exclusion.Requested=0x00000000;Observed=0x00000000;Set=succeeded;SetError=0x00000000;Query=succeeded;QueryError=0x00000000
---
Log.SchemaVersion=2
Log.SessionId=20260815T074650.510Z-352960-4A5E2F1FF52
Event.Sequence=27
Event.Utc=2026-08-15T07:46:51.399Z
Event.MonotonicUs=889765
Event.ProcessId=352960
Event.ThreadId=358236
Event.Level=Info
Event.Name=Message
Event.Message=BackgroundCapture.Action.End=set-affinity-included;Index=1;Succeeded=true;ElapsedUs=405
---
Log.SchemaVersion=2
Log.SessionId=20260815T074650.510Z-352960-4A5E2F1FF52
Event.Sequence=28
Event.Utc=2026-08-15T07:46:51.399Z
Event.MonotonicUs=890147
Event.ProcessId=352960
Event.ThreadId=358236
Event.Level=Info
Event.Name=Message
Event.Message=BackgroundCapture.Action.Begin=apply-overlay-profile;Index=2
---
Log.SchemaVersion=2
Log.SessionId=20260815T074650.510Z-352960-4A5E2F1FF52
Event.Sequence=29
Event.Utc=2026-08-15T07:46:51.401Z
Event.MonotonicUs=890524
Event.ProcessId=352960
Event.ThreadId=358236
Event.Level=Info
Event.Name=Message
Event.Message=BackgroundCapture.Action.End=apply-overlay-profile;Index=2;Succeeded=true;ElapsedUs=0
---
Log.SchemaVersion=2
Log.SessionId=20260815T074650.510Z-352960-4A5E2F1FF52
Event.Sequence=30
Event.Utc=2026-08-15T07:46:51.401Z
Event.MonotonicUs=890989
Event.ProcessId=352960
Event.ThreadId=358236
Event.Level=Info
Event.Name=Message
Event.Message=BackgroundCapture.Transaction.End;Actions=3;ElapsedUs=4498
---
Log.SchemaVersion=2
Log.SessionId=20260815T074650.510Z-352960-4A5E2F1FF52
Event.Sequence=31
Event.Utc=2026-08-15T07:46:51.401Z
Event.MonotonicUs=891366
Event.ProcessId=352960
Event.ThreadId=358236
Event.Level=Info
Event.Name=Message
Event.Message=BackgroundCapture.ResourceLedger.Phase=transaction;WGC.ResourceLedger.FramesAcquired=21;FramesClosed=21;FramePoolsCreated=1;FramePoolsClosed=1;FramePoolsRecreated=0;SessionsCreated=1;SessionsClosed=1;FrameArrivedRegistrations=1;FrameArrivedUnregistrations=1;ItemClosedRegistrations=1;ItemClosedUnregistrations=1;LiveFrames=0;LiveFramePools=0;LiveSessions=0;LiveFrameArrivedRegistrations=0;LiveItemClosedRegistrations=0;Failures=0;AllReleased=true
---
Log.SchemaVersion=2
Log.SessionId=20260815T074650.510Z-352960-4A5E2F1FF52
Event.Sequence=32
Event.Utc=2026-08-15T07:46:51.401Z
Event.MonotonicUs=891816
Event.ProcessId=352960
Event.ThreadId=358236
Event.Level=Info
Event.Name=Message
Event.Message=WGC background capture disabled by configuration; using FX-only rendering
---
Log.SchemaVersion=2
Log.SessionId=20260815T074650.510Z-352960-4A5E2F1FF52
Event.Sequence=33
Event.Utc=2026-08-15T07:46:51.402Z
Event.MonotonicUs=892482
Event.ProcessId=352960
Event.ThreadId=358236
Event.Level=Info
Event.Name=SupportReport
Report.GeneratedUtc=2026-08-15T07:46:51.402Z
Product.Name=ba-click-fx-desktop
Product.Version=0.1.0-alpha.12
Status=Ready
Support.Scope=single-primary-monitor;fx-only-or-wgc;sdr-tested
Support.HDR=not-supported
Support.WGC=fallback-fx-only
Support.MultiDisplay=not-supported
Configuration.SchemaVersion=7
IPC.ControlService=active
OS.Version=10.0.19045
OS.Architecture=x64
Display.Primary=3840x2160@0,0
Display.PrimaryDpi=144
Display.RefreshRateSource=dwm-composition-timing
Display.RefreshRateNumerator=144
Display.RefreshRateDenominator=1
Display.RefreshRateHz=144.000
Display.RefreshPeriodUs=6944.444
Display.ColorMode=rgb-full-g22-p709;capability-only;luminance-valid;alpha-scope-sdr-only
Display.DxgiColorSpaceValue=0x00000000
Display.BitsPerColor=8
Display.MinLuminanceNits=0.500
Display.MaxLuminanceNits=270.000
Display.MaxFullFrameLuminanceNits=270.000
Log.Path=D:\C++project\ba-click-fx-desktop\artifacts\local\spikes\spk-002-mode-switch\rtx4060-win10-19045-ab4be5a-observed-switch-20260815-154535\ba-click-fx-desktop-support.log
Log.SchemaVersion=2
Log.SessionId=20260815T074650.510Z-352960-4A5E2F1FF52
Graphics.DriverType=Hardware
Graphics.Adapter=NVIDIA GeForce RTX 4060 Laptop GPU
Graphics.AdapterLuid=00000000:0001153F
Graphics.VendorId=0x000010DE
Graphics.DeviceId=0x000028E0
Graphics.SubsystemId=0x199D1043
Graphics.Revision=161
Graphics.DedicatedVideoMemory=8342470656
Graphics.DedicatedSystemMemory=0
Graphics.SharedSystemMemory=16760870912
Graphics.DriverVersion=32.0.16.1074
Graphics.FeatureLevel=11_1
Graphics.HardwareCreateHResult=0x00000000
Graphics.HardwareFallback=none
Exit.PrimaryHotKey=registered
Exit.FallbackHotKey=polling-fallback
Exit.NotificationIcon=available
Exit.PollingFallback=enabled
---
Log.SchemaVersion=2
Log.SessionId=20260815T074650.510Z-352960-4A5E2F1FF52
Event.Sequence=34
Event.Utc=2026-08-15T07:46:51.402Z
Event.MonotonicUs=892914
Event.ProcessId=352960
Event.ThreadId=358236
Event.Level=Info
Event.Name=Configuration.Applied
Configuration.Reason=control-generation
Configuration.SchemaVersion=7
Effects.Enabled=true
Effects.ClickEnabled=true
Effects.TrailEnabled=true
Effects.GlobalScale=1.000
Effects.TrailLength=1.000
Effects.TrailWidth=1.000
Effects.BloomIntensity=1.000
Effects.BloomQuality=high
Effects.BloomDiffusion=7.000
Background.Mode=recording-compatible
Background.CursorExcluded=true
Background.AllowSystemBorder=true
Input.LeftClick=true
Input.RightClick=true
Input.MiddleClick=false
Input.SamplingRateHz=0
Input.TrailOnlyWhilePressed=true
Performance.IdleOptimization=true
Performance.FramePacing=match-display
Output.Width=3840
Output.Height=2160
---
Log.SchemaVersion=2
Log.SessionId=20260815T074650.510Z-352960-4A5E2F1FF52
Event.Sequence=35
Event.Utc=2026-08-15T07:46:51.403Z
Event.MonotonicUs=893685
Event.ProcessId=352960
Event.ThreadId=358236
Event.Level=Info
Event.Name=BackgroundSnapshot.Invalidated
Control.Generation=2
Frame.Id=0
WGC.Epoch=1
WGC.Generation=11
BackgroundSnapshot.Epoch=1
BackgroundSnapshot.Generation=11
BackgroundSnapshot.InvalidationReason=capture-disabled
---
Log.SchemaVersion=2
Log.SessionId=20260815T074650.510Z-352960-4A5E2F1FF52
Event.Sequence=36
Event.Utc=2026-08-15T07:46:51.439Z
Event.MonotonicUs=929387
Event.ProcessId=352960
Event.ThreadId=358236
Event.Level=Info
Event.Name=Message
Event.Message=BackgroundCapture.Action.Begin=stop-sensor;Index=0
---
Log.SchemaVersion=2
Log.SessionId=20260815T074650.510Z-352960-4A5E2F1FF52
Event.Sequence=37
Event.Utc=2026-08-15T07:46:51.439Z
Event.MonotonicUs=929892
Event.ProcessId=352960
Event.ThreadId=358236
Event.Level=Info
Event.Name=Message
Event.Message=BackgroundCapture.Stop.Phase=transaction;WGC.Stop.SensorPresent=false;WGC.Stop.FrameArrivedUnregisterFailed=false;WGC.Stop.ItemClosedUnregisterFailed=false;WGC.Stop.SessionCloseFailed=false;WGC.Stop.FramePoolCloseFailed=false;WGC.Stop.Completed=true;WGC.Stop.OverallSucceeded=true;WGC.Stop.DeferredReport=false;WGC.Stop.FrameArrivedUnregisterUs=0;WGC.Stop.ItemClosedUnregisterUs=0;WGC.Stop.SessionCloseUs=0;WGC.Stop.FramePoolCloseUs=0;WGC.Stop.TotalUs=0
---
Log.SchemaVersion=2
Log.SessionId=20260815T074650.510Z-352960-4A5E2F1FF52
Event.Sequence=38
Event.Utc=2026-08-15T07:46:51.440Z
Event.MonotonicUs=930307
Event.ProcessId=352960
Event.ThreadId=358236
Event.Level=Info
Event.Name=Message
Event.Message=BackgroundCapture.Action.End=stop-sensor;Index=0;Succeeded=true;ElapsedUs=479
---
Log.SchemaVersion=2
Log.SessionId=20260815T074650.510Z-352960-4A5E2F1FF52
Event.Sequence=39
Event.Utc=2026-08-15T07:46:51.440Z
Event.MonotonicUs=930676
Event.ProcessId=352960
Event.ThreadId=358236
Event.Level=Info
Event.Name=Message
Event.Message=BackgroundCapture.Action.Begin=set-affinity-excluded;Index=1
---
Log.SchemaVersion=2
Log.SessionId=20260815T074650.510Z-352960-4A5E2F1FF52
Event.Sequence=40
Event.Utc=2026-08-15T07:46:51.443Z
Event.MonotonicUs=933750
Event.ProcessId=352960
Event.ThreadId=358236
Event.Level=Info
Event.Name=Message
Event.Message=Capture.Exclusion.Requested=0x00000011;Observed=0x00000011;Set=succeeded;SetError=0x00000000;Query=succeeded;QueryError=0x00000000
---
Log.SchemaVersion=2
Log.SessionId=20260815T074650.510Z-352960-4A5E2F1FF52
Event.Sequence=41
Event.Utc=2026-08-15T07:46:51.444Z
Event.MonotonicUs=934271
Event.ProcessId=352960
Event.ThreadId=358236
Event.Level=Info
Event.Name=Message
Event.Message=BackgroundCapture.Action.End=set-affinity-excluded;Index=1;Succeeded=true;ElapsedUs=3107
---
Log.SchemaVersion=2
Log.SessionId=20260815T074650.510Z-352960-4A5E2F1FF52
Event.Sequence=42
Event.Utc=2026-08-15T07:46:51.444Z
Event.MonotonicUs=934750
Event.ProcessId=352960
Event.ThreadId=358236
Event.Level=Info
Event.Name=Message
Event.Message=BackgroundCapture.Action.Begin=apply-overlay-profile;Index=2
---
Log.SchemaVersion=2
Log.SessionId=20260815T074650.510Z-352960-4A5E2F1FF52
Event.Sequence=43
Event.Utc=2026-08-15T07:46:51.445Z
Event.MonotonicUs=935125
Event.ProcessId=352960
Event.ThreadId=358236
Event.Level=Info
Event.Name=Message
Event.Message=BackgroundCapture.Action.End=apply-overlay-profile;Index=2;Succeeded=true;ElapsedUs=0
---
Log.SchemaVersion=2
Log.SessionId=20260815T074650.510Z-352960-4A5E2F1FF52
Event.Sequence=44
Event.Utc=2026-08-15T07:46:51.445Z
Event.MonotonicUs=935440
Event.ProcessId=352960
Event.ThreadId=358236
Event.Level=Info
Event.Name=Message
Event.Message=BackgroundCapture.Action.Begin=start-sensor;Index=3
---
Log.SchemaVersion=2
Log.SessionId=20260815T074650.510Z-352960-4A5E2F1FF52
Event.Sequence=45
Event.Utc=2026-08-15T07:46:51.517Z
Event.MonotonicUs=1007182
Event.ProcessId=352960
Event.ThreadId=358236
Event.Level=Info
Event.Name=Message
Event.Message=BackgroundCapture.Action.End=start-sensor;Index=3;Succeeded=true;ElapsedUs=71188
---
Log.SchemaVersion=2
Log.SessionId=20260815T074650.510Z-352960-4A5E2F1FF52
Event.Sequence=46
Event.Utc=2026-08-15T07:46:51.517Z
Event.MonotonicUs=1007591
Event.ProcessId=352960
Event.ThreadId=358236
Event.Level=Info
Event.Name=Message
Event.Message=BackgroundCapture.Transaction.End;Actions=4;ElapsedUs=78313
---
Log.SchemaVersion=2
Log.SessionId=20260815T074650.510Z-352960-4A5E2F1FF52
Event.Sequence=47
Event.Utc=2026-08-15T07:46:51.517Z
Event.MonotonicUs=1007923
Event.ProcessId=352960
Event.ThreadId=358236
Event.Level=Info
Event.Name=Message
Event.Message=BackgroundCapture.ResourceLedger.Phase=transaction;WGC.ResourceLedger.FramesAcquired=21;FramesClosed=21;FramePoolsCreated=2;FramePoolsClosed=1;FramePoolsRecreated=0;SessionsCreated=2;SessionsClosed=1;FrameArrivedRegistrations=2;FrameArrivedUnregistrations=1;ItemClosedRegistrations=2;ItemClosedUnregistrations=1;LiveFrames=0;LiveFramePools=1;LiveSessions=1;LiveFrameArrivedRegistrations=1;LiveItemClosedRegistrations=1;Failures=0;AllReleased=false
---
Log.SchemaVersion=2
Log.SessionId=20260815T074650.510Z-352960-4A5E2F1FF52
Event.Sequence=48
Event.Utc=2026-08-15T07:46:51.518Z
Event.MonotonicUs=1008285
Event.ProcessId=352960
Event.ThreadId=358236
Event.Level=Info
Event.Name=Message
Event.Message=WGC capture session active; system-border=visible-allowed; cursor=excluded
---
Log.SchemaVersion=2
Log.SessionId=20260815T074650.510Z-352960-4A5E2F1FF52
Event.Sequence=49
Event.Utc=2026-08-15T07:46:51.518Z
Event.MonotonicUs=1008718
Event.ProcessId=352960
Event.ThreadId=358236
Event.Level=Info
Event.Name=SupportReport
Report.GeneratedUtc=2026-08-15T07:46:51.518Z
Product.Name=ba-click-fx-desktop
Product.Version=0.1.0-alpha.12
Status=Ready
Support.Scope=single-primary-monitor;fx-only-or-wgc;sdr-tested
Support.HDR=not-supported
Support.WGC=active
Support.MultiDisplay=not-supported
Configuration.SchemaVersion=7
IPC.ControlService=active
OS.Version=10.0.19045
OS.Architecture=x64
Display.Primary=3840x2160@0,0
Display.PrimaryDpi=144
Display.RefreshRateSource=dwm-composition-timing
Display.RefreshRateNumerator=144
Display.RefreshRateDenominator=1
Display.RefreshRateHz=144.000
Display.RefreshPeriodUs=6944.444
Display.ColorMode=rgb-full-g22-p709;capability-only;luminance-valid;alpha-scope-sdr-only
Display.DxgiColorSpaceValue=0x00000000
Display.BitsPerColor=8
Display.MinLuminanceNits=0.500
Display.MaxLuminanceNits=270.000
Display.MaxFullFrameLuminanceNits=270.000
Log.Path=D:\C++project\ba-click-fx-desktop\artifacts\local\spikes\spk-002-mode-switch\rtx4060-win10-19045-ab4be5a-observed-switch-20260815-154535\ba-click-fx-desktop-support.log
Log.SchemaVersion=2
Log.SessionId=20260815T074650.510Z-352960-4A5E2F1FF52
Graphics.DriverType=Hardware
Graphics.Adapter=NVIDIA GeForce RTX 4060 Laptop GPU
Graphics.AdapterLuid=00000000:0001153F
Graphics.VendorId=0x000010DE
Graphics.DeviceId=0x000028E0
Graphics.SubsystemId=0x199D1043
Graphics.Revision=161
Graphics.DedicatedVideoMemory=8342470656
Graphics.DedicatedSystemMemory=0
Graphics.SharedSystemMemory=16760870912
Graphics.DriverVersion=32.0.16.1074
Graphics.FeatureLevel=11_1
Graphics.HardwareCreateHResult=0x00000000
Graphics.HardwareFallback=none
Exit.PrimaryHotKey=registered
Exit.FallbackHotKey=polling-fallback
Exit.NotificationIcon=available
Exit.PollingFallback=enabled
---
Log.SchemaVersion=2
Log.SessionId=20260815T074650.510Z-352960-4A5E2F1FF52
Event.Sequence=50
Event.Utc=2026-08-15T07:46:51.518Z
Event.MonotonicUs=1009076
Event.ProcessId=352960
Event.ThreadId=358236
Event.Level=Info
Event.Name=Configuration.Applied
Configuration.Reason=control-generation
Configuration.SchemaVersion=7
Effects.Enabled=true
Effects.ClickEnabled=true
Effects.TrailEnabled=true
Effects.GlobalScale=1.000
Effects.TrailLength=1.000
Effects.TrailWidth=1.000
Effects.BloomIntensity=1.000
Effects.BloomQuality=high
Effects.BloomDiffusion=7.000
Background.Mode=background-aware
Background.CursorExcluded=true
Background.AllowSystemBorder=true
Input.LeftClick=true
Input.RightClick=true
Input.MiddleClick=false
Input.SamplingRateHz=0
Input.TrailOnlyWhilePressed=true
Performance.IdleOptimization=true
Performance.FramePacing=match-display
Output.Width=3840
Output.Height=2160
---
Log.SchemaVersion=2
Log.SessionId=20260815T074650.510Z-352960-4A5E2F1FF52
Event.Sequence=51
Event.Utc=2026-08-15T07:46:51.537Z
Event.MonotonicUs=1027731
Event.ProcessId=352960
Event.ThreadId=358236
Event.Level=Info
Event.Name=Configuration.Applied
Configuration.Reason=control-generation
Configuration.SchemaVersion=7
Effects.Enabled=true
Effects.ClickEnabled=true
Effects.TrailEnabled=true
Effects.GlobalScale=1.000
Effects.TrailLength=1.000
Effects.TrailWidth=1.000
Effects.BloomIntensity=1.000
Effects.BloomQuality=high
Effects.BloomDiffusion=7.000
Background.Mode=background-aware
Background.CursorExcluded=true
Background.AllowSystemBorder=true
Input.LeftClick=true
Input.RightClick=true
Input.MiddleClick=false
Input.SamplingRateHz=0
Input.TrailOnlyWhilePressed=true
Performance.IdleOptimization=true
Performance.FramePacing=match-display
Output.Width=3840
Output.Height=2160
---
Log.SchemaVersion=2
Log.SessionId=20260815T074650.510Z-352960-4A5E2F1FF52
Event.Sequence=52
Event.Utc=2026-08-15T07:46:51.890Z
Event.MonotonicUs=1380258
Event.ProcessId=352960
Event.ThreadId=358236
Event.Level=Info
Event.Name=Message
Event.Message=WGC final composite is still pending; reason=latched-fx-only
---
Log.SchemaVersion=2
Log.SessionId=20260815T074650.510Z-352960-4A5E2F1FF52
Event.Sequence=53
Event.Utc=2026-08-15T07:46:53.557Z
Event.MonotonicUs=3048138
Event.ProcessId=352960
Event.ThreadId=358236
Event.Level=Info
Event.Name=Configuration.Applied
Configuration.Reason=control-generation
Configuration.SchemaVersion=7
Effects.Enabled=true
Effects.ClickEnabled=true
Effects.TrailEnabled=true
Effects.GlobalScale=1.000
Effects.TrailLength=1.000
Effects.TrailWidth=1.000
Effects.BloomIntensity=1.000
Effects.BloomQuality=high
Effects.BloomDiffusion=7.000
Background.Mode=background-aware
Background.CursorExcluded=true
Background.AllowSystemBorder=true
Input.LeftClick=true
Input.RightClick=true
Input.MiddleClick=false
Input.SamplingRateHz=0
Input.TrailOnlyWhilePressed=true
Performance.IdleOptimization=true
Performance.FramePacing=match-display
Output.Width=3840
Output.Height=2160
---
Log.SchemaVersion=2
Log.SessionId=20260815T074650.510Z-352960-4A5E2F1FF52
Event.Sequence=54
Event.Utc=2026-08-15T07:46:54.054Z
Event.MonotonicUs=3544732
Event.ProcessId=352960
Event.ThreadId=358236
Event.Level=Info
Event.Name=Performance.Interval
Configuration.SchemaVersion=7
Effects.Enabled=true
Effects.ClickEnabled=true
Effects.TrailEnabled=true
Effects.GlobalScale=1.000
Effects.TrailLength=1.000
Effects.TrailWidth=1.000
Effects.BloomIntensity=1.000
Effects.BloomQuality=high
Effects.BloomDiffusion=7.000
Background.Mode=background-aware
Background.CursorExcluded=true
Background.AllowSystemBorder=true
Input.LeftClick=true
Input.RightClick=true
Input.MiddleClick=false
Input.SamplingRateHz=0
Input.TrailOnlyWhilePressed=true
Performance.IdleOptimization=true
Performance.FramePacing=match-display
Output.Width=3840
Output.Height=2160
Window.Final=true
Window.DurationUs=3169744
Window.FrameCount=3278
Window.PresentedFps=1034.153
Runtime.Paused=false
Background.CompositeStatus=latched-fx-only
Timing.CpuSemantic=inclusive-api-call-duration-not-gpu-execution
Timing.PresentSemantic=Present-call-return-not-dwm-composition-or-scanout
Timing.PresentMode=interval-0-frame-latency-gated
Timing.InputSemantic=input-to-Present-return-not-photon-latency
Timing.GpuSemantic=asynchronous-D3D11-timestamp-command-execution-not-Present-DWM-or-scanout
GPU.SampleCompletionSemantic=completed-sample-may-belong-to-an-older-reporting-window
GPU.StageApplicabilitySemantic=WGC-drain-attempted-snapshot-attempted-and-visual-FX-only
ROI.ProductionPath=full-screen-fallback
ROI.VisualBounds.LastStatus=ok
ROI.Plan.LastStatus=ok
ROI.VisualBounds.OkFrames=757
ROI.VisualBounds.EmptyFrames=2521
ROI.VisualBounds.InvalidFrames=0
ROI.VisualBounds.OverflowFrames=0
ROI.DirtyRect.Frames=757
ROI.Plan.OkFrames=757
ROI.Plan.EmptyFrames=2521
ROI.Plan.InvalidRectFrames=0
ROI.Plan.InvalidFootprintFrames=0
ROI.Plan.OverflowFrames=0
WGC.ProducerSemantic=FrameArrived-callback-rate-proxy
Diagnostics.PreviousLogWriteCpuUs=0
WGC.ActiveFrames=3223
WGC.MaintenanceCycles=0
WGC.DrainPolicy=visible-every-frame-idle-sensor-only-max-20hz
WGC.DrainAttemptedFrames=712
WGC.VisibleDrainAttemptedFrames=702
WGC.IdleDrainAttemptedFrames=10
WGC.IdleDrainThrottledFrames=2511
WGC.ProducerCallbacks=167
WGC.ProducerCallbackFps=52.686
WGC.FramesAcquired=167
WGC.FramesSuperseded=10
WGC.TimestampRejectedFrames=0
WGC.OwnedCopiesSubmitted=157
WGC.SamplesAccepted=157
WGC.AcceptedFps=49.531
Background.SnapshotAttempts=2
Background.SnapshotsRefreshed=2
Background.ParticipatingFrames=2
Input.RawMessages=0
Input.MoveEvents=0
Input.ButtonEdges=0
Input.CancelEvents=0
Input.CompactedMoveEvents=0
Input.OverflowMoveDrops=0
Input.MessageTimeUnavailable=0
MessagePump.InputDispatched=0
MessagePump.OtherDispatched=7
MessagePump.InputBudgetExhaustions=0
MessagePump.OtherBudgetExhaustions=0
FramePacing.FrameReadyWakes=3278
FramePacing.DeviceRemovedWakes=0
FramePacing.MessageWakes=1
FramePacing.Timeouts=0
FramePacing.Failures=0
GPU.TimestampProfiler.Observed=true
GPU.TimestampProfiler.Available=true
GPU.TimestampProfiler.InitializationHresult=0x00000000
GPU.FramesStarted=3278
GPU.FramesSubmitted=3278
GPU.PendingPolls=0
GPU.RingFullSkipped=0
GPU.SamplesCompleted=3277
GPU.CancelledSlotsReclaimed=0
GPU.DisjointSamples=0
GPU.QueryFailures=0
GPU.StateErrors=0
Cpu.FrameTotal.Available=true
Cpu.FrameTotal.Unit=us
Cpu.FrameTotal.Samples=3278
Cpu.FrameTotal.RecordedSamples=3278
Cpu.FrameTotal.DroppedSamples=0
Cpu.FrameTotal.Min=43
Cpu.FrameTotal.Average=72.631
Cpu.FrameTotal.P50=50
Cpu.FrameTotal.P95=156
Cpu.FrameTotal.P99=252
Cpu.FrameTotal.Max=2033
Cpu.WgcDrainInclusive.Available=true
Cpu.WgcDrainInclusive.Unit=us
Cpu.WgcDrainInclusive.Samples=712
Cpu.WgcDrainInclusive.RecordedSamples=712
Cpu.WgcDrainInclusive.DroppedSamples=0
Cpu.WgcDrainInclusive.Min=0
Cpu.WgcDrainInclusive.Average=26.257
Cpu.WgcDrainInclusive.P50=0
Cpu.WgcDrainInclusive.P95=130
Cpu.WgcDrainInclusive.P99=181
Cpu.WgcDrainInclusive.Max=523
Cpu.WgcOwnedCopySubmit.Available=true
Cpu.WgcOwnedCopySubmit.Unit=us
Cpu.WgcOwnedCopySubmit.Samples=157
Cpu.WgcOwnedCopySubmit.RecordedSamples=157
Cpu.WgcOwnedCopySubmit.DroppedSamples=0
Cpu.WgcOwnedCopySubmit.Min=1
Cpu.WgcOwnedCopySubmit.Average=1.943
Cpu.WgcOwnedCopySubmit.P50=2
Cpu.WgcOwnedCopySubmit.P95=4
Cpu.WgcOwnedCopySubmit.P99=6
Cpu.WgcOwnedCopySubmit.Max=11
Cpu.BackgroundSnapshotSubmit.Available=true
Cpu.BackgroundSnapshotSubmit.Unit=us
Cpu.BackgroundSnapshotSubmit.Samples=2
Cpu.BackgroundSnapshotSubmit.RecordedSamples=2
Cpu.BackgroundSnapshotSubmit.DroppedSamples=0
Cpu.BackgroundSnapshotSubmit.Min=24
Cpu.BackgroundSnapshotSubmit.Average=213.500
Cpu.BackgroundSnapshotSubmit.P50=24
Cpu.BackgroundSnapshotSubmit.P95=403
Cpu.BackgroundSnapshotSubmit.P99=403
Cpu.BackgroundSnapshotSubmit.Max=403
Cpu.FxTotalSubmit.Available=true
Cpu.FxTotalSubmit.Unit=us
Cpu.FxTotalSubmit.Samples=3278
Cpu.FxTotalSubmit.RecordedSamples=3278
Cpu.FxTotalSubmit.DroppedSamples=0
Cpu.FxTotalSubmit.Min=0
Cpu.FxTotalSubmit.Average=7.637
Cpu.FxTotalSubmit.P50=1
Cpu.FxTotalSubmit.P95=37
Cpu.FxTotalSubmit.P99=50
Cpu.FxTotalSubmit.Max=674
Cpu.FxMaterialsSubmit.Available=true
Cpu.FxMaterialsSubmit.Unit=us
Cpu.FxMaterialsSubmit.Samples=3278
Cpu.FxMaterialsSubmit.RecordedSamples=3278
Cpu.FxMaterialsSubmit.DroppedSamples=0
Cpu.FxMaterialsSubmit.Min=0
Cpu.FxMaterialsSubmit.Average=3.751
Cpu.FxMaterialsSubmit.P50=0
Cpu.FxMaterialsSubmit.P95=20
Cpu.FxMaterialsSubmit.P99=27
Cpu.FxMaterialsSubmit.Max=467
Cpu.BloomAndCompositeSubmit.Available=true
Cpu.BloomAndCompositeSubmit.Unit=us
Cpu.BloomAndCompositeSubmit.Samples=3278
Cpu.BloomAndCompositeSubmit.RecordedSamples=3278
Cpu.BloomAndCompositeSubmit.DroppedSamples=0
Cpu.BloomAndCompositeSubmit.Min=0
Cpu.BloomAndCompositeSubmit.Average=2.811
Cpu.BloomAndCompositeSubmit.P50=0
Cpu.BloomAndCompositeSubmit.P95=15
Cpu.BloomAndCompositeSubmit.P99=23
Cpu.BloomAndCompositeSubmit.Max=345
Cpu.DiagnosticReadback.Available=false
Cpu.DiagnosticReadback.Unit=us
Cpu.DiagnosticReadback.Samples=0
Cpu.DiagnosticReadback.RecordedSamples=0
Cpu.DiagnosticReadback.DroppedSamples=0
Cpu.PresentCall.Available=true
Cpu.PresentCall.Unit=us
Cpu.PresentCall.Samples=3278
Cpu.PresentCall.RecordedSamples=3278
Cpu.PresentCall.DroppedSamples=0
Cpu.PresentCall.Min=20
Cpu.PresentCall.Average=57.505
Cpu.PresentCall.P50=48
Cpu.PresentCall.P95=91
Cpu.PresentCall.P99=115
Cpu.PresentCall.Max=1856
WGC.SampleAge.Available=true
WGC.SampleAge.Unit=us
WGC.SampleAge.Samples=100
WGC.SampleAge.RecordedSamples=100
WGC.SampleAge.DroppedSamples=0
WGC.SampleAge.Min=350
WGC.SampleAge.Average=7526.490
WGC.SampleAge.P50=7473
WGC.SampleAge.P95=14075
WGC.SampleAge.P99=14633
WGC.SampleAge.Max=14793
Input.PendingEvents.Available=false
Input.PendingEvents.Unit=events
Input.PendingEvents.Samples=0
Input.PendingEvents.RecordedSamples=0
Input.PendingEvents.DroppedSamples=0
Input.Win32QueueAge.Available=false
Input.Win32QueueAge.Unit=ms
Input.Win32QueueAge.Samples=0
Input.Win32QueueAge.RecordedSamples=0
Input.Win32QueueAge.DroppedSamples=0
Input.DispatchToPresentReturn.Available=false
Input.DispatchToPresentReturn.Unit=us
Input.DispatchToPresentReturn.Samples=0
Input.DispatchToPresentReturn.RecordedSamples=0
Input.DispatchToPresentReturn.DroppedSamples=0
Input.MessageToPresentReturn.Available=false
Input.MessageToPresentReturn.Unit=ms
Input.MessageToPresentReturn.Samples=0
Input.MessageToPresentReturn.RecordedSamples=0
Input.MessageToPresentReturn.DroppedSamples=0
ROI.FullScreenPixels.Available=true
ROI.FullScreenPixels.Unit=pixels
ROI.FullScreenPixels.Samples=3278
ROI.FullScreenPixels.RecordedSamples=3278
ROI.FullScreenPixels.DroppedSamples=0
ROI.FullScreenPixels.Min=8294400
ROI.FullScreenPixels.Average=8294400.000
ROI.FullScreenPixels.P50=8294400
ROI.FullScreenPixels.P95=8294400
ROI.FullScreenPixels.P99=8294400
ROI.FullScreenPixels.Max=8294400
ROI.BloomOutputPixels.Available=true
ROI.BloomOutputPixels.Unit=pixels
ROI.BloomOutputPixels.Samples=757
ROI.BloomOutputPixels.RecordedSamples=757
ROI.BloomOutputPixels.DroppedSamples=0
ROI.BloomOutputPixels.Min=2833237
ROI.BloomOutputPixels.Average=3412676.966
ROI.BloomOutputPixels.P50=3465152
ROI.BloomOutputPixels.P95=3663396
ROI.BloomOutputPixels.P99=3663396
ROI.BloomOutputPixels.Max=3663396
ROI.AlignedWorkPixels.Available=true
ROI.AlignedWorkPixels.Unit=pixels
ROI.AlignedWorkPixels.Samples=757
ROI.AlignedWorkPixels.RecordedSamples=757
ROI.AlignedWorkPixels.DroppedSamples=0
ROI.AlignedWorkPixels.Min=3194880
ROI.AlignedWorkPixels.Average=3886146.283
ROI.AlignedWorkPixels.P50=3932160
ROI.AlignedWorkPixels.P95=4194304
ROI.AlignedWorkPixels.P99=4194304
ROI.AlignedWorkPixels.Max=4194304
ROI.GuardX.Available=true
ROI.GuardX.Unit=pixels
ROI.GuardX.Samples=757
ROI.GuardX.RecordedSamples=757
ROI.GuardX.DroppedSamples=0
ROI.GuardX.Min=762
ROI.GuardX.Average=762.000
ROI.GuardX.P50=762
ROI.GuardX.P95=762
ROI.GuardX.P99=762
ROI.GuardX.Max=762
ROI.GuardY.Available=true
ROI.GuardY.Unit=pixels
ROI.GuardY.Samples=757
ROI.GuardY.RecordedSamples=757
ROI.GuardY.DroppedSamples=0
ROI.GuardY.Min=762
ROI.GuardY.Average=762.000
ROI.GuardY.P50=762
ROI.GuardY.P95=762
ROI.GuardY.P99=762
ROI.GuardY.Max=762
ROI.PhasePeriod.Available=true
ROI.PhasePeriod.Unit=pixels
ROI.PhasePeriod.Samples=757
ROI.PhasePeriod.RecordedSamples=757
ROI.PhasePeriod.DroppedSamples=0
ROI.PhasePeriod.Min=128
ROI.PhasePeriod.Average=128.000
ROI.PhasePeriod.P50=128
ROI.PhasePeriod.P95=128
ROI.PhasePeriod.P99=128
ROI.PhasePeriod.Max=128
ROI.LastDirtyRect.Available=true
ROI.LastDirtyRect.Left=1851
ROI.LastDirtyRect.Top=917
ROI.LastDirtyRect.Right=1856
ROI.LastDirtyRect.Bottom=1246
ROI.LastBloomOutput.Available=true
ROI.LastBloomOutput.Left=1089
ROI.LastBloomOutput.Top=155
ROI.LastBloomOutput.Right=2618
ROI.LastBloomOutput.Bottom=2008
ROI.LastAlignedWork.Available=true
ROI.LastAlignedWork.Left=1024
ROI.LastAlignedWork.Top=128
ROI.LastAlignedWork.Right=2688
ROI.LastAlignedWork.Bottom=2048
GPU.PendingFrames.Available=true
GPU.PendingFrames.Unit=slots
GPU.PendingFrames.Samples=3278
GPU.PendingFrames.RecordedSamples=3278
GPU.PendingFrames.DroppedSamples=0
GPU.PendingFrames.Min=1
GPU.PendingFrames.Average=1.000
GPU.PendingFrames.P50=1
GPU.PendingFrames.P95=1
GPU.PendingFrames.P99=1
GPU.PendingFrames.Max=1
GPU.WgcDrainAndCopy.Available=true
GPU.WgcDrainAndCopy.Unit=us
GPU.WgcDrainAndCopy.Samples=711
GPU.WgcDrainAndCopy.RecordedSamples=711
GPU.WgcDrainAndCopy.DroppedSamples=0
GPU.WgcDrainAndCopy.Min=0
GPU.WgcDrainAndCopy.Average=60.612
GPU.WgcDrainAndCopy.P50=0
GPU.WgcDrainAndCopy.P95=184
GPU.WgcDrainAndCopy.P99=365
GPU.WgcDrainAndCopy.Max=8524
GPU.BackgroundSnapshot.Available=true
GPU.BackgroundSnapshot.Unit=us
GPU.BackgroundSnapshot.Samples=2
GPU.BackgroundSnapshot.RecordedSamples=2
GPU.BackgroundSnapshot.DroppedSamples=0
GPU.BackgroundSnapshot.Min=159
GPU.BackgroundSnapshot.Average=167.500
GPU.BackgroundSnapshot.P50=159
GPU.BackgroundSnapshot.P95=176
GPU.BackgroundSnapshot.P99=176
GPU.BackgroundSnapshot.Max=176
GPU.FxMaterials.Available=true
GPU.FxMaterials.Unit=us
GPU.FxMaterials.Samples=756
GPU.FxMaterials.RecordedSamples=756
GPU.FxMaterials.DroppedSamples=0
GPU.FxMaterials.Min=22
GPU.FxMaterials.Average=42.648
GPU.FxMaterials.P50=31
GPU.FxMaterials.P95=69
GPU.FxMaterials.P99=79
GPU.FxMaterials.Max=1258
GPU.BloomAndFinalComposite.Available=true
GPU.BloomAndFinalComposite.Unit=us
GPU.BloomAndFinalComposite.Samples=756
GPU.BloomAndFinalComposite.RecordedSamples=756
GPU.BloomAndFinalComposite.DroppedSamples=0
GPU.BloomAndFinalComposite.Min=367
GPU.BloomAndFinalComposite.Average=531.616
GPU.BloomAndFinalComposite.P50=403
GPU.BloomAndFinalComposite.P95=802
GPU.BloomAndFinalComposite.P99=2013
GPU.BloomAndFinalComposite.Max=4744
GPU.FxTotal.Available=true
GPU.FxTotal.Unit=us
GPU.FxTotal.Samples=756
GPU.FxTotal.RecordedSamples=756
GPU.FxTotal.DroppedSamples=0
GPU.FxTotal.Min=392
GPU.FxTotal.Average=574.782
GPU.FxTotal.P50=432
GPU.FxTotal.P95=864
GPU.FxTotal.P99=2073
GPU.FxTotal.Max=4767
GPU.RenderCommandSpan.Available=true
GPU.RenderCommandSpan.Unit=us
GPU.RenderCommandSpan.Samples=3277
GPU.RenderCommandSpan.RecordedSamples=3277
GPU.RenderCommandSpan.DroppedSamples=0
GPU.RenderCommandSpan.Min=19
GPU.RenderCommandSpan.Average=203.018
GPU.RenderCommandSpan.P50=65
GPU.RenderCommandSpan.P95=854
GPU.RenderCommandSpan.P99=1216
GPU.RenderCommandSpan.Max=9434
---
Log.SchemaVersion=2
Log.SessionId=20260815T074650.510Z-352960-4A5E2F1FF52
Event.Sequence=55
Event.Utc=2026-08-15T07:46:54.055Z
Event.MonotonicUs=3545444
Event.ProcessId=352960
Event.ThreadId=358236
Event.Level=Info
Event.Name=Message
Event.Message=WGC final composite summary; composite-frames=2; rendered-frames=3278
---
Log.SchemaVersion=2
Log.SessionId=20260815T074650.510Z-352960-4A5E2F1FF52
Event.Sequence=56
Event.Utc=2026-08-15T07:46:54.057Z
Event.MonotonicUs=3547272
Event.ProcessId=352960
Event.ThreadId=358236
Event.Level=Info
Event.Name=Message
Event.Message=BackgroundCapture.Stop.Phase=shutdown;WGC.Stop.SensorPresent=true;WGC.Stop.FrameArrivedUnregisterFailed=false;WGC.Stop.ItemClosedUnregisterFailed=false;WGC.Stop.SessionCloseFailed=false;WGC.Stop.FramePoolCloseFailed=false;WGC.Stop.Completed=true;WGC.Stop.OverallSucceeded=true;WGC.Stop.DeferredReport=false;WGC.Stop.FrameArrivedUnregisterUs=2;WGC.Stop.ItemClosedUnregisterUs=0;WGC.Stop.SessionCloseUs=822;WGC.Stop.FramePoolCloseUs=3;WGC.Stop.TotalUs=1367
---
Log.SchemaVersion=2
Log.SessionId=20260815T074650.510Z-352960-4A5E2F1FF52
Event.Sequence=57
Event.Utc=2026-08-15T07:46:54.057Z
Event.MonotonicUs=3547653
Event.ProcessId=352960
Event.ThreadId=358236
Event.Level=Info
Event.Name=Message
Event.Message=BackgroundCapture.ResourceLedger.Phase=shutdown;WGC.ResourceLedger.FramesAcquired=167;FramesClosed=167;FramePoolsCreated=2;FramePoolsClosed=2;FramePoolsRecreated=0;SessionsCreated=2;SessionsClosed=2;FrameArrivedRegistrations=2;FrameArrivedUnregistrations=2;ItemClosedRegistrations=2;ItemClosedUnregistrations=2;LiveFrames=0;LiveFramePools=0;LiveSessions=0;LiveFrameArrivedRegistrations=0;LiveItemClosedRegistrations=0;Failures=0;AllReleased=true
---
Log.SchemaVersion=2
Log.SessionId=20260815T074650.510Z-352960-4A5E2F1FF52
Event.Sequence=58
Event.Utc=2026-08-15T07:46:54.092Z
Event.MonotonicUs=3582508
Event.ProcessId=352960
Event.ThreadId=358236
Event.Level=Info
Event.Name=Process.Exited
---
