Log.SchemaVersion=2
Log.SessionId=20260815T083529.151Z-355420-4ACAE97340D
Event.Sequence=1
Event.Utc=2026-08-15T08:35:29.151Z
Event.MonotonicUs=7
Event.ProcessId=355420
Event.ThreadId=358056
Event.Level=Info
Event.Name=Process.Startup
Product.Version=0.1.0-alpha.12
Process.Mode=interactive
---
Log.SchemaVersion=2
Log.SessionId=20260815T083529.151Z-355420-4ACAE97340D
Event.Sequence=2
Event.Utc=2026-08-15T08:35:29.152Z
Event.MonotonicUs=1509
Event.ProcessId=355420
Event.ThreadId=358056
Event.Level=Info
Event.Name=Message
Event.Message=Package.Identity=absent;FullNameError=0x00003D54;PathError=0x00003D54
---
Log.SchemaVersion=2
Log.SessionId=20260815T083529.151Z-355420-4ACAE97340D
Event.Sequence=3
Event.Utc=2026-08-15T08:35:29.447Z
Event.MonotonicUs=296963
Event.ProcessId=355420
Event.ThreadId=358056
Event.Level=Info
Event.Name=Graphics.DeviceRemovalNotification.Status
Phase=startup
Available=true
RegistrationHRESULT=0x00000000
---
Log.SchemaVersion=2
Log.SessionId=20260815T083529.151Z-355420-4ACAE97340D
Event.Sequence=4
Event.Utc=2026-08-15T08:35:29.447Z
Event.MonotonicUs=297357
Event.ProcessId=355420
Event.ThreadId=358056
Event.Level=Info
Event.Name=Message
Event.Message=BackgroundCapture.Action.Begin=stop-sensor;Index=0
---
Log.SchemaVersion=2
Log.SessionId=20260815T083529.151Z-355420-4ACAE97340D
Event.Sequence=5
Event.Utc=2026-08-15T08:35:29.448Z
Event.MonotonicUs=297688
Event.ProcessId=355420
Event.ThreadId=358056
Event.Level=Info
Event.Name=Message
Event.Message=BackgroundCapture.Stop.Phase=transaction;WGC.Stop.SensorPresent=false;WGC.Stop.FrameArrivedUnregisterFailed=false;WGC.Stop.ItemClosedUnregisterFailed=false;WGC.Stop.SessionCloseFailed=false;WGC.Stop.FramePoolCloseFailed=false;WGC.Stop.Completed=true;WGC.Stop.OverallSucceeded=true;WGC.Stop.DeferredReport=false;WGC.Stop.FrameArrivedUnregisterUs=0;WGC.Stop.ItemClosedUnregisterUs=0;WGC.Stop.SessionCloseUs=0;WGC.Stop.FramePoolCloseUs=0;WGC.Stop.TotalUs=0
---
Log.SchemaVersion=2
Log.SessionId=20260815T083529.151Z-355420-4ACAE97340D
Event.Sequence=6
Event.Utc=2026-08-15T08:35:29.448Z
Event.MonotonicUs=297986
Event.ProcessId=355420
Event.ThreadId=358056
Event.Level=Info
Event.Name=Message
Event.Message=BackgroundCapture.Action.End=stop-sensor;Index=0;Succeeded=true;ElapsedUs=332
---
Log.SchemaVersion=2
Log.SessionId=20260815T083529.151Z-355420-4ACAE97340D
Event.Sequence=7
Event.Utc=2026-08-15T08:35:29.448Z
Event.MonotonicUs=298300
Event.ProcessId=355420
Event.ThreadId=358056
Event.Level=Info
Event.Name=Message
Event.Message=BackgroundCapture.Action.Begin=set-affinity-excluded;Index=1
---
Log.SchemaVersion=2
Log.SessionId=20260815T083529.151Z-355420-4ACAE97340D
Event.Sequence=8
Event.Utc=2026-08-15T08:35:29.450Z
Event.MonotonicUs=300274
Event.ProcessId=355420
Event.ThreadId=358056
Event.Level=Info
Event.Name=Message
Event.Message=Capture.Exclusion.Requested=0x00000011;Observed=0x00000011;Set=succeeded;SetError=0x00000000;Query=succeeded;QueryError=0x00000000
---
Log.SchemaVersion=2
Log.SessionId=20260815T083529.151Z-355420-4ACAE97340D
Event.Sequence=9
Event.Utc=2026-08-15T08:35:29.451Z
Event.MonotonicUs=300582
Event.ProcessId=355420
Event.ThreadId=358056
Event.Level=Info
Event.Name=Message
Event.Message=BackgroundCapture.Action.End=set-affinity-excluded;Index=1;Succeeded=true;ElapsedUs=1981
---
Log.SchemaVersion=2
Log.SessionId=20260815T083529.151Z-355420-4ACAE97340D
Event.Sequence=10
Event.Utc=2026-08-15T08:35:29.451Z
Event.MonotonicUs=300878
Event.ProcessId=355420
Event.ThreadId=358056
Event.Level=Info
Event.Name=Message
Event.Message=BackgroundCapture.Action.Begin=apply-overlay-profile;Index=2
---
Log.SchemaVersion=2
Log.SessionId=20260815T083529.151Z-355420-4ACAE97340D
Event.Sequence=11
Event.Utc=2026-08-15T08:35:29.451Z
Event.MonotonicUs=301185
Event.ProcessId=355420
Event.ThreadId=358056
Event.Level=Info
Event.Name=Message
Event.Message=BackgroundCapture.Action.End=apply-overlay-profile;Index=2;Succeeded=true;ElapsedUs=0
---
Log.SchemaVersion=2
Log.SessionId=20260815T083529.151Z-355420-4ACAE97340D
Event.Sequence=12
Event.Utc=2026-08-15T08:35:29.451Z
Event.MonotonicUs=301447
Event.ProcessId=355420
Event.ThreadId=358056
Event.Level=Info
Event.Name=Message
Event.Message=BackgroundCapture.Action.Begin=start-sensor;Index=3
---
Log.SchemaVersion=2
Log.SessionId=20260815T083529.151Z-355420-4ACAE97340D
Event.Sequence=13
Event.Utc=2026-08-15T08:35:29.530Z
Event.MonotonicUs=380003
Event.ProcessId=355420
Event.ThreadId=358056
Event.Level=Info
Event.Name=Message
Event.Message=BackgroundCapture.Action.End=start-sensor;Index=3;Succeeded=true;ElapsedUs=78160
---
Log.SchemaVersion=2
Log.SessionId=20260815T083529.151Z-355420-4ACAE97340D
Event.Sequence=14
Event.Utc=2026-08-15T08:35:29.530Z
Event.MonotonicUs=380362
Event.ProcessId=355420
Event.ThreadId=358056
Event.Level=Info
Event.Name=Message
Event.Message=BackgroundCapture.Transaction.End;Actions=4;ElapsedUs=83011
---
Log.SchemaVersion=2
Log.SessionId=20260815T083529.151Z-355420-4ACAE97340D
Event.Sequence=15
Event.Utc=2026-08-15T08:35:29.531Z
Event.MonotonicUs=380754
Event.ProcessId=355420
Event.ThreadId=358056
Event.Level=Info
Event.Name=Message
Event.Message=BackgroundCapture.ResourceLedger.Phase=transaction;WGC.ResourceLedger.FramesAcquired=0;FramesClosed=0;FramePoolsCreated=1;FramePoolsClosed=0;FramePoolsRecreated=0;SessionsCreated=1;SessionsClosed=0;FrameArrivedRegistrations=1;FrameArrivedUnregistrations=0;ItemClosedRegistrations=1;ItemClosedUnregistrations=0;LiveFrames=0;LiveFramePools=1;LiveSessions=1;LiveFrameArrivedRegistrations=1;LiveItemClosedRegistrations=1;Failures=0;AllReleased=false
---
Log.SchemaVersion=2
Log.SessionId=20260815T083529.151Z-355420-4ACAE97340D
Event.Sequence=16
Event.Utc=2026-08-15T08:35:29.531Z
Event.MonotonicUs=381123
Event.ProcessId=355420
Event.ThreadId=358056
Event.Level=Info
Event.Name=Message
Event.Message=WGC capture session active; system-border=visible-allowed; cursor=excluded
---
Log.SchemaVersion=2
Log.SessionId=20260815T083529.151Z-355420-4ACAE97340D
Event.Sequence=17
Event.Utc=2026-08-15T08:35:29.531Z
Event.MonotonicUs=381450
Event.ProcessId=355420
Event.ThreadId=358056
Event.Level=Info
Event.Name=Configuration.Applied
Configuration.Reason=startup
Configuration.SchemaVersion=7
Effects.Enabled=true
Effects.ClickEnabled=true
Effects.TrailEnabled=true
Effects.GlobalScale=1.000
Effects.TrailLength=1.000
Effects.TrailWidth=1.000
Effects.BloomIntensity=1.000
Effects.BloomQuality=high
Effects.BloomDiffusion=7.000
Background.Mode=background-aware
Background.CursorExcluded=true
Background.AllowSystemBorder=true
Input.LeftClick=true
Input.RightClick=true
Input.MiddleClick=false
Input.SamplingRateHz=0
Input.TrailOnlyWhilePressed=true
Performance.IdleOptimization=true
Performance.FramePacing=match-display
Output.Width=3840
Output.Height=2160
---
Log.SchemaVersion=2
Log.SessionId=20260815T083529.151Z-355420-4ACAE97340D
Event.Sequence=18
Event.Utc=2026-08-15T08:35:29.534Z
Event.MonotonicUs=384010
Event.ProcessId=355420
Event.ThreadId=358056
Event.Level=Info
Event.Name=Message
Event.Message=IPC control service started
---
Log.SchemaVersion=2
Log.SessionId=20260815T083529.151Z-355420-4ACAE97340D
Event.Sequence=19
Event.Utc=2026-08-15T08:35:29.534Z
Event.MonotonicUs=384339
Event.ProcessId=355420
Event.ThreadId=358056
Event.Level=Info
Event.Name=SupportReport
Report.GeneratedUtc=2026-08-15T08:35:29.534Z
Product.Name=ba-click-fx-desktop
Product.Version=0.1.0-alpha.12
Status=Ready
Support.Scope=single-primary-monitor;fx-only-or-wgc;sdr-tested
Support.HDR=not-supported
Support.WGC=active
Support.MultiDisplay=not-supported
Configuration.SchemaVersion=7
IPC.ControlService=active
OS.Version=10.0.19045
OS.Architecture=x64
Display.Primary=3840x2160@0,0
Display.PrimaryDpi=144
Display.RefreshRateSource=dwm-composition-timing
Display.RefreshRateNumerator=144
Display.RefreshRateDenominator=1
Display.RefreshRateHz=144.000
Display.RefreshPeriodUs=6944.444
Display.ColorMode=rgb-full-g22-p709;capability-only;luminance-valid;alpha-scope-sdr-only
Display.DxgiColorSpaceValue=0x00000000
Display.BitsPerColor=8
Display.MinLuminanceNits=0.500
Display.MaxLuminanceNits=270.000
Display.MaxFullFrameLuminanceNits=270.000
Log.Path=D:\C++project\ba-click-fx-desktop\artifacts\local\spikes\spk-002-portable-borderless-20260815-1642\ba-click-fx-desktop-support.log
Log.SchemaVersion=2
Log.SessionId=20260815T083529.151Z-355420-4ACAE97340D
Graphics.DriverType=Hardware
Graphics.Adapter=NVIDIA GeForce RTX 4060 Laptop GPU
Graphics.AdapterLuid=00000000:0001153F
Graphics.VendorId=0x000010DE
Graphics.DeviceId=0x000028E0
Graphics.SubsystemId=0x199D1043
Graphics.Revision=161
Graphics.DedicatedVideoMemory=8342470656
Graphics.DedicatedSystemMemory=0
Graphics.SharedSystemMemory=16760870912
Graphics.DriverVersion=32.0.16.1074
Graphics.FeatureLevel=11_1
Graphics.HardwareCreateHResult=0x00000000
Graphics.HardwareFallback=none
Exit.PrimaryHotKey=registered
Exit.FallbackHotKey=polling-fallback
Exit.NotificationIcon=available
Exit.PollingFallback=enabled
---
Log.SchemaVersion=2
Log.SessionId=20260815T083529.151Z-355420-4ACAE97340D
Event.Sequence=20
Event.Utc=2026-08-15T08:35:29.952Z
Event.MonotonicUs=802396
Event.ProcessId=355420
Event.ThreadId=358056
Event.Level=Info
Event.Name=BackgroundComposite.Participated
Control.Generation=1
Frame.Id=1887
WGC.Epoch=1
WGC.Generation=8
BackgroundSnapshot.Epoch=1
BackgroundSnapshot.Generation=8
---
Log.SchemaVersion=2
Log.SessionId=20260815T083529.151Z-355420-4ACAE97340D
Event.Sequence=21
Event.Utc=2026-08-15T08:35:29.953Z
Event.MonotonicUs=803198
Event.ProcessId=355420
Event.ThreadId=358056
Event.Level=Info
Event.Name=Message
Event.Message=WGC background sample entered the final desktop composite
---
Log.SchemaVersion=2
Log.SessionId=20260815T083529.151Z-355420-4ACAE97340D
Event.Sequence=22
Event.Utc=2026-08-15T08:35:30.025Z
Event.MonotonicUs=874479
Event.ProcessId=355420
Event.ThreadId=358056
Event.Level=Info
Event.Name=Message
Event.Message=BackgroundCapture.Action.Begin=stop-sensor;Index=0
---
Log.SchemaVersion=2
Log.SessionId=20260815T083529.151Z-355420-4ACAE97340D
Event.Sequence=23
Event.Utc=2026-08-15T08:35:30.027Z
Event.MonotonicUs=876289
Event.ProcessId=355420
Event.ThreadId=358056
Event.Level=Info
Event.Name=Message
Event.Message=BackgroundCapture.Stop.Phase=transaction;WGC.Stop.SensorPresent=true;WGC.Stop.FrameArrivedUnregisterFailed=false;WGC.Stop.ItemClosedUnregisterFailed=false;WGC.Stop.SessionCloseFailed=false;WGC.Stop.FramePoolCloseFailed=false;WGC.Stop.Completed=true;WGC.Stop.OverallSucceeded=true;WGC.Stop.DeferredReport=false;WGC.Stop.FrameArrivedUnregisterUs=4;WGC.Stop.ItemClosedUnregisterUs=0;WGC.Stop.SessionCloseUs=717;WGC.Stop.FramePoolCloseUs=3;WGC.Stop.TotalUs=1202
---
Log.SchemaVersion=2
Log.SessionId=20260815T083529.151Z-355420-4ACAE97340D
Event.Sequence=24
Event.Utc=2026-08-15T08:35:30.027Z
Event.MonotonicUs=876811
Event.ProcessId=355420
Event.ThreadId=358056
Event.Level=Info
Event.Name=Message
Event.Message=BackgroundCapture.Action.End=stop-sensor;Index=0;Succeeded=true;ElapsedUs=1772
---
Log.SchemaVersion=2
Log.SessionId=20260815T083529.151Z-355420-4ACAE97340D
Event.Sequence=25
Event.Utc=2026-08-15T08:35:30.028Z
Event.MonotonicUs=877418
Event.ProcessId=355420
Event.ThreadId=358056
Event.Level=Info
Event.Name=Message
Event.Message=BackgroundCapture.Action.Begin=set-affinity-excluded;Index=1
---
Log.SchemaVersion=2
Log.SessionId=20260815T083529.151Z-355420-4ACAE97340D
Event.Sequence=26
Event.Utc=2026-08-15T08:35:30.032Z
Event.MonotonicUs=881415
Event.ProcessId=355420
Event.ThreadId=358056
Event.Level=Info
Event.Name=Message
Event.Message=Capture.Exclusion.Requested=0x00000011;Observed=0x00000011;Set=succeeded;SetError=0x00000000;Query=succeeded;QueryError=0x00000000
---
Log.SchemaVersion=2
Log.SessionId=20260815T083529.151Z-355420-4ACAE97340D
Event.Sequence=27
Event.Utc=2026-08-15T08:35:30.032Z
Event.MonotonicUs=881907
Event.ProcessId=355420
Event.ThreadId=358056
Event.Level=Info
Event.Name=Message
Event.Message=BackgroundCapture.Action.End=set-affinity-excluded;Index=1;Succeeded=true;ElapsedUs=4010
---
Log.SchemaVersion=2
Log.SessionId=20260815T083529.151Z-355420-4ACAE97340D
Event.Sequence=28
Event.Utc=2026-08-15T08:35:30.033Z
Event.MonotonicUs=882280
Event.ProcessId=355420
Event.ThreadId=358056
Event.Level=Info
Event.Name=Message
Event.Message=BackgroundCapture.Action.Begin=apply-overlay-profile;Index=2
---
Log.SchemaVersion=2
Log.SessionId=20260815T083529.151Z-355420-4ACAE97340D
Event.Sequence=29
Event.Utc=2026-08-15T08:35:30.033Z
Event.MonotonicUs=882619
Event.ProcessId=355420
Event.ThreadId=358056
Event.Level=Info
Event.Name=Message
Event.Message=BackgroundCapture.Action.End=apply-overlay-profile;Index=2;Succeeded=true;ElapsedUs=0
---
Log.SchemaVersion=2
Log.SessionId=20260815T083529.151Z-355420-4ACAE97340D
Event.Sequence=30
Event.Utc=2026-08-15T08:35:30.033Z
Event.MonotonicUs=882944
Event.ProcessId=355420
Event.ThreadId=358056
Event.Level=Info
Event.Name=Message
Event.Message=BackgroundCapture.Action.Begin=start-sensor;Index=3
---
Log.SchemaVersion=2
Log.SessionId=20260815T083529.151Z-355420-4ACAE97340D
Event.Sequence=31
Event.Utc=2026-08-15T08:35:30.035Z
Event.MonotonicUs=884416
Event.ProcessId=355420
Event.ThreadId=358056
Event.Level=Warning
Event.Name=WGC.BorderlessAccess.Checked
Control.Generation=2
Transaction.ActionIndex=3
Background.AllowSystemBorder=false
WGC.BorderlessAccess.Status=not-packaged
WGC.BorderlessAccess.HRESULT=0x80073D54
WGC.BorderlessAccess.Allowed=false
---
Log.SchemaVersion=2
Log.SessionId=20260815T083529.151Z-355420-4ACAE97340D
Event.Sequence=32
Event.Utc=2026-08-15T08:35:30.035Z
Event.MonotonicUs=884800
Event.ProcessId=355420
Event.ThreadId=358056
Event.Level=Info
Event.Name=Message
Event.Message=BackgroundCapture.Action.End=start-sensor;Index=3;Succeeded=false;ElapsedUs=1506
---
Log.SchemaVersion=2
Log.SessionId=20260815T083529.151Z-355420-4ACAE97340D
Event.Sequence=33
Event.Utc=2026-08-15T08:35:30.036Z
Event.MonotonicUs=885149
Event.ProcessId=355420
Event.ThreadId=358056
Event.Level=Info
Event.Name=Message
Event.Message=BackgroundCapture.Action.Begin=stop-sensor;Index=4
---
Log.SchemaVersion=2
Log.SessionId=20260815T083529.151Z-355420-4ACAE97340D
Event.Sequence=34
Event.Utc=2026-08-15T08:35:30.036Z
Event.MonotonicUs=885478
Event.ProcessId=355420
Event.ThreadId=358056
Event.Level=Info
Event.Name=Message
Event.Message=BackgroundCapture.Stop.Phase=transaction;WGC.Stop.SensorPresent=false;WGC.Stop.FrameArrivedUnregisterFailed=false;WGC.Stop.ItemClosedUnregisterFailed=false;WGC.Stop.SessionCloseFailed=false;WGC.Stop.FramePoolCloseFailed=false;WGC.Stop.Completed=true;WGC.Stop.OverallSucceeded=true;WGC.Stop.DeferredReport=false;WGC.Stop.FrameArrivedUnregisterUs=0;WGC.Stop.ItemClosedUnregisterUs=0;WGC.Stop.SessionCloseUs=0;WGC.Stop.FramePoolCloseUs=0;WGC.Stop.TotalUs=0
---
Log.SchemaVersion=2
Log.SessionId=20260815T083529.151Z-355420-4ACAE97340D
Event.Sequence=35
Event.Utc=2026-08-15T08:35:30.036Z
Event.MonotonicUs=885875
Event.ProcessId=355420
Event.ThreadId=358056
Event.Level=Info
Event.Name=Message
Event.Message=BackgroundCapture.Action.End=stop-sensor;Index=4;Succeeded=true;ElapsedUs=355
---
Log.SchemaVersion=2
Log.SessionId=20260815T083529.151Z-355420-4ACAE97340D
Event.Sequence=36
Event.Utc=2026-08-15T08:35:30.037Z
Event.MonotonicUs=886207
Event.ProcessId=355420
Event.ThreadId=358056
Event.Level=Info
Event.Name=Message
Event.Message=BackgroundCapture.Action.Begin=set-affinity-included;Index=5
---
Log.SchemaVersion=2
Log.SessionId=20260815T083529.151Z-355420-4ACAE97340D
Event.Sequence=37
Event.Utc=2026-08-15T08:35:30.037Z
Event.MonotonicUs=886616
Event.ProcessId=355420
Event.ThreadId=358056
Event.Level=Info
Event.Name=Message
Event.Message=Capture.Exclusion.Requested=0x00000000;Observed=0x00000000;Set=succeeded;SetError=0x00000000;Query=succeeded;QueryError=0x00000000
---
Log.SchemaVersion=2
Log.SessionId=20260815T083529.151Z-355420-4ACAE97340D
Event.Sequence=38
Event.Utc=2026-08-15T08:35:30.037Z
Event.MonotonicUs=886965
Event.ProcessId=355420
Event.ThreadId=358056
Event.Level=Info
Event.Name=Message
Event.Message=BackgroundCapture.Action.End=set-affinity-included;Index=5;Succeeded=true;ElapsedUs=407
---
Log.SchemaVersion=2
Log.SessionId=20260815T083529.151Z-355420-4ACAE97340D
Event.Sequence=39
Event.Utc=2026-08-15T08:35:30.038Z
Event.MonotonicUs=887329
Event.ProcessId=355420
Event.ThreadId=358056
Event.Level=Info
Event.Name=Message
Event.Message=BackgroundCapture.Transaction.End;Actions=6;ElapsedUs=12930
---
Log.SchemaVersion=2
Log.SessionId=20260815T083529.151Z-355420-4ACAE97340D
Event.Sequence=40
Event.Utc=2026-08-15T08:35:30.038Z
Event.MonotonicUs=887685
Event.ProcessId=355420
Event.ThreadId=358056
Event.Level=Info
Event.Name=Message
Event.Message=BackgroundCapture.ResourceLedger.Phase=transaction;WGC.ResourceLedger.FramesAcquired=17;FramesClosed=17;FramePoolsCreated=1;FramePoolsClosed=1;FramePoolsRecreated=0;SessionsCreated=1;SessionsClosed=1;FrameArrivedRegistrations=1;FrameArrivedUnregistrations=1;ItemClosedRegistrations=1;ItemClosedUnregistrations=1;LiveFrames=0;LiveFramePools=0;LiveSessions=0;LiveFrameArrivedRegistrations=0;LiveItemClosedRegistrations=0;Failures=0;AllReleased=true
---
Log.SchemaVersion=2
Log.SessionId=20260815T083529.151Z-355420-4ACAE97340D
Event.Sequence=41
Event.Utc=2026-08-15T08:35:30.038Z
Event.MonotonicUs=888012
Event.ProcessId=355420
Event.ThreadId=358056
Event.Level=Info
Event.Name=Message
Event.Message=WGC background capture unavailable; using FX-only rendering; transition-failure=sensor-start-failed; reason=WGC.BorderlessAccess=not-packaged;HRESULT=0x80073D54
---
Log.SchemaVersion=2
Log.SessionId=20260815T083529.151Z-355420-4ACAE97340D
Event.Sequence=42
Event.Utc=2026-08-15T08:35:30.039Z
Event.MonotonicUs=888377
Event.ProcessId=355420
Event.ThreadId=358056
Event.Level=Info
Event.Name=SupportReport
Report.GeneratedUtc=2026-08-15T08:35:30.039Z
Product.Name=ba-click-fx-desktop
Product.Version=0.1.0-alpha.12
Status=Ready
Support.Scope=single-primary-monitor;fx-only-or-wgc;sdr-tested
Support.HDR=not-supported
Support.WGC=fallback-fx-only
Support.MultiDisplay=not-supported
Configuration.SchemaVersion=7
IPC.ControlService=active
OS.Version=10.0.19045
OS.Architecture=x64
Display.Primary=3840x2160@0,0
Display.PrimaryDpi=144
Display.RefreshRateSource=dwm-composition-timing
Display.RefreshRateNumerator=144
Display.RefreshRateDenominator=1
Display.RefreshRateHz=144.000
Display.RefreshPeriodUs=6944.444
Display.ColorMode=rgb-full-g22-p709;capability-only;luminance-valid;alpha-scope-sdr-only
Display.DxgiColorSpaceValue=0x00000000
Display.BitsPerColor=8
Display.MinLuminanceNits=0.500
Display.MaxLuminanceNits=270.000
Display.MaxFullFrameLuminanceNits=270.000
Log.Path=D:\C++project\ba-click-fx-desktop\artifacts\local\spikes\spk-002-portable-borderless-20260815-1642\ba-click-fx-desktop-support.log
Log.SchemaVersion=2
Log.SessionId=20260815T083529.151Z-355420-4ACAE97340D
Graphics.DriverType=Hardware
Graphics.Adapter=NVIDIA GeForce RTX 4060 Laptop GPU
Graphics.AdapterLuid=00000000:0001153F
Graphics.VendorId=0x000010DE
Graphics.DeviceId=0x000028E0
Graphics.SubsystemId=0x199D1043
Graphics.Revision=161
Graphics.DedicatedVideoMemory=8342470656
Graphics.DedicatedSystemMemory=0
Graphics.SharedSystemMemory=16760870912
Graphics.DriverVersion=32.0.16.1074
Graphics.FeatureLevel=11_1
Graphics.HardwareCreateHResult=0x00000000
Graphics.HardwareFallback=none
Exit.PrimaryHotKey=registered
Exit.FallbackHotKey=polling-fallback
Exit.NotificationIcon=available
Exit.PollingFallback=enabled
---
Log.SchemaVersion=2
Log.SessionId=20260815T083529.151Z-355420-4ACAE97340D
Event.Sequence=43
Event.Utc=2026-08-15T08:35:30.039Z
Event.MonotonicUs=888749
Event.ProcessId=355420
Event.ThreadId=358056
Event.Level=Info
Event.Name=Configuration.Applied
Configuration.Reason=control-generation
Configuration.SchemaVersion=7
Effects.Enabled=true
Effects.ClickEnabled=true
Effects.TrailEnabled=true
Effects.GlobalScale=1.000
Effects.TrailLength=1.000
Effects.TrailWidth=1.000
Effects.BloomIntensity=1.000
Effects.BloomQuality=high
Effects.BloomDiffusion=7.000
Background.Mode=background-aware
Background.CursorExcluded=true
Background.AllowSystemBorder=false
Input.LeftClick=true
Input.RightClick=true
Input.MiddleClick=false
Input.SamplingRateHz=0
Input.TrailOnlyWhilePressed=true
Performance.IdleOptimization=true
Performance.FramePacing=match-display
Output.Width=3840
Output.Height=2160
---
Log.SchemaVersion=2
Log.SessionId=20260815T083529.151Z-355420-4ACAE97340D
Event.Sequence=44
Event.Utc=2026-08-15T08:35:30.039Z
Event.MonotonicUs=889041
Event.ProcessId=355420
Event.ThreadId=358056
Event.Level=Info
Event.Name=BackgroundSnapshot.Invalidated
Control.Generation=2
Frame.Id=0
WGC.Epoch=1
WGC.Generation=10
BackgroundSnapshot.Epoch=1
BackgroundSnapshot.Generation=10
BackgroundSnapshot.InvalidationReason=capture-disabled
---
Log.SchemaVersion=2
Log.SessionId=20260815T083529.151Z-355420-4ACAE97340D
Event.Sequence=45
Event.Utc=2026-08-15T08:35:31.627Z
Event.MonotonicUs=2476899
Event.ProcessId=355420
Event.ThreadId=358056
Event.Level=Info
Event.Name=Message
Event.Message=BackgroundCapture.Action.Begin=stop-sensor;Index=0
---
Log.SchemaVersion=2
Log.SessionId=20260815T083529.151Z-355420-4ACAE97340D
Event.Sequence=46
Event.Utc=2026-08-15T08:35:31.627Z
Event.MonotonicUs=2477258
Event.ProcessId=355420
Event.ThreadId=358056
Event.Level=Info
Event.Name=Message
Event.Message=BackgroundCapture.Stop.Phase=transaction;WGC.Stop.SensorPresent=false;WGC.Stop.FrameArrivedUnregisterFailed=false;WGC.Stop.ItemClosedUnregisterFailed=false;WGC.Stop.SessionCloseFailed=false;WGC.Stop.FramePoolCloseFailed=false;WGC.Stop.Completed=true;WGC.Stop.OverallSucceeded=true;WGC.Stop.DeferredReport=false;WGC.Stop.FrameArrivedUnregisterUs=0;WGC.Stop.ItemClosedUnregisterUs=0;WGC.Stop.SessionCloseUs=0;WGC.Stop.FramePoolCloseUs=0;WGC.Stop.TotalUs=0
---
Log.SchemaVersion=2
Log.SessionId=20260815T083529.151Z-355420-4ACAE97340D
Event.Sequence=47
Event.Utc=2026-08-15T08:35:31.627Z
Event.MonotonicUs=2477563
Event.ProcessId=355420
Event.ThreadId=358056
Event.Level=Info
Event.Name=Message
Event.Message=BackgroundCapture.Action.End=stop-sensor;Index=0;Succeeded=true;ElapsedUs=307
---
Log.SchemaVersion=2
Log.SessionId=20260815T083529.151Z-355420-4ACAE97340D
Event.Sequence=48
Event.Utc=2026-08-15T08:35:31.628Z
Event.MonotonicUs=2477884
Event.ProcessId=355420
Event.ThreadId=358056
Event.Level=Info
Event.Name=Message
Event.Message=BackgroundCapture.Action.Begin=set-affinity-excluded;Index=1
---
Log.SchemaVersion=2
Log.SessionId=20260815T083529.151Z-355420-4ACAE97340D
Event.Sequence=49
Event.Utc=2026-08-15T08:35:31.631Z
Event.MonotonicUs=2481029
Event.ProcessId=355420
Event.ThreadId=358056
Event.Level=Info
Event.Name=Message
Event.Message=Capture.Exclusion.Requested=0x00000011;Observed=0x00000011;Set=succeeded;SetError=0x00000000;Query=succeeded;QueryError=0x00000000
---
Log.SchemaVersion=2
Log.SessionId=20260815T083529.151Z-355420-4ACAE97340D
Event.Sequence=50
Event.Utc=2026-08-15T08:35:31.631Z
Event.MonotonicUs=2481378
Event.ProcessId=355420
Event.ThreadId=358056
Event.Level=Info
Event.Name=Message
Event.Message=BackgroundCapture.Action.End=set-affinity-excluded;Index=1;Succeeded=true;ElapsedUs=3156
---
Log.SchemaVersion=2
Log.SessionId=20260815T083529.151Z-355420-4ACAE97340D
Event.Sequence=51
Event.Utc=2026-08-15T08:35:31.632Z
Event.MonotonicUs=2481648
Event.ProcessId=355420
Event.ThreadId=358056
Event.Level=Info
Event.Name=Message
Event.Message=BackgroundCapture.Action.Begin=apply-overlay-profile;Index=2
---
Log.SchemaVersion=2
Log.SessionId=20260815T083529.151Z-355420-4ACAE97340D
Event.Sequence=52
Event.Utc=2026-08-15T08:35:31.632Z
Event.MonotonicUs=2481925
Event.ProcessId=355420
Event.ThreadId=358056
Event.Level=Info
Event.Name=Message
Event.Message=BackgroundCapture.Action.End=apply-overlay-profile;Index=2;Succeeded=true;ElapsedUs=0
---
Log.SchemaVersion=2
Log.SessionId=20260815T083529.151Z-355420-4ACAE97340D
Event.Sequence=53
Event.Utc=2026-08-15T08:35:31.632Z
Event.MonotonicUs=2482194
Event.ProcessId=355420
Event.ThreadId=358056
Event.Level=Info
Event.Name=Message
Event.Message=BackgroundCapture.Action.Begin=start-sensor;Index=3
---
Log.SchemaVersion=2
Log.SessionId=20260815T083529.151Z-355420-4ACAE97340D
Event.Sequence=54
Event.Utc=2026-08-15T08:35:31.700Z
Event.MonotonicUs=2550665
Event.ProcessId=355420
Event.ThreadId=358056
Event.Level=Info
Event.Name=Message
Event.Message=BackgroundCapture.Action.End=start-sensor;Index=3;Succeeded=true;ElapsedUs=68122
---
Log.SchemaVersion=2
Log.SessionId=20260815T083529.151Z-355420-4ACAE97340D
Event.Sequence=55
Event.Utc=2026-08-15T08:35:31.701Z
Event.MonotonicUs=2551110
Event.ProcessId=355420
Event.ThreadId=358056
Event.Level=Info
Event.Name=Message
Event.Message=BackgroundCapture.Transaction.End;Actions=4;ElapsedUs=74178
---
Log.SchemaVersion=2
Log.SessionId=20260815T083529.151Z-355420-4ACAE97340D
Event.Sequence=56
Event.Utc=2026-08-15T08:35:31.701Z
Event.MonotonicUs=2551607
Event.ProcessId=355420
Event.ThreadId=358056
Event.Level=Info
Event.Name=Message
Event.Message=BackgroundCapture.ResourceLedger.Phase=transaction;WGC.ResourceLedger.FramesAcquired=17;FramesClosed=17;FramePoolsCreated=2;FramePoolsClosed=1;FramePoolsRecreated=0;SessionsCreated=2;SessionsClosed=1;FrameArrivedRegistrations=2;FrameArrivedUnregistrations=1;ItemClosedRegistrations=2;ItemClosedUnregistrations=1;LiveFrames=0;LiveFramePools=1;LiveSessions=1;LiveFrameArrivedRegistrations=1;LiveItemClosedRegistrations=1;Failures=0;AllReleased=false
---
Log.SchemaVersion=2
Log.SessionId=20260815T083529.151Z-355420-4ACAE97340D
Event.Sequence=57
Event.Utc=2026-08-15T08:35:31.702Z
Event.MonotonicUs=2552009
Event.ProcessId=355420
Event.ThreadId=358056
Event.Level=Info
Event.Name=Message
Event.Message=WGC capture session active; system-border=visible-allowed; cursor=excluded
---
Log.SchemaVersion=2
Log.SessionId=20260815T083529.151Z-355420-4ACAE97340D
Event.Sequence=58
Event.Utc=2026-08-15T08:35:31.702Z
Event.MonotonicUs=2552295
Event.ProcessId=355420
Event.ThreadId=358056
Event.Level=Info
Event.Name=SupportReport
Report.GeneratedUtc=2026-08-15T08:35:31.702Z
Product.Name=ba-click-fx-desktop
Product.Version=0.1.0-alpha.12
Status=Ready
Support.Scope=single-primary-monitor;fx-only-or-wgc;sdr-tested
Support.HDR=not-supported
Support.WGC=active
Support.MultiDisplay=not-supported
Configuration.SchemaVersion=7
IPC.ControlService=active
OS.Version=10.0.19045
OS.Architecture=x64
Display.Primary=3840x2160@0,0
Display.PrimaryDpi=144
Display.RefreshRateSource=dwm-composition-timing
Display.RefreshRateNumerator=144
Display.RefreshRateDenominator=1
Display.RefreshRateHz=144.000
Display.RefreshPeriodUs=6944.444
Display.ColorMode=rgb-full-g22-p709;capability-only;luminance-valid;alpha-scope-sdr-only
Display.DxgiColorSpaceValue=0x00000000
Display.BitsPerColor=8
Display.MinLuminanceNits=0.500
Display.MaxLuminanceNits=270.000
Display.MaxFullFrameLuminanceNits=270.000
Log.Path=D:\C++project\ba-click-fx-desktop\artifacts\local\spikes\spk-002-portable-borderless-20260815-1642\ba-click-fx-desktop-support.log
Log.SchemaVersion=2
Log.SessionId=20260815T083529.151Z-355420-4ACAE97340D
Graphics.DriverType=Hardware
Graphics.Adapter=NVIDIA GeForce RTX 4060 Laptop GPU
Graphics.AdapterLuid=00000000:0001153F
Graphics.VendorId=0x000010DE
Graphics.DeviceId=0x000028E0
Graphics.SubsystemId=0x199D1043
Graphics.Revision=161
Graphics.DedicatedVideoMemory=8342470656
Graphics.DedicatedSystemMemory=0
Graphics.SharedSystemMemory=16760870912
Graphics.DriverVersion=32.0.16.1074
Graphics.FeatureLevel=11_1
Graphics.HardwareCreateHResult=0x00000000
Graphics.HardwareFallback=none
Exit.PrimaryHotKey=registered
Exit.FallbackHotKey=polling-fallback
Exit.NotificationIcon=available
Exit.PollingFallback=enabled
---
Log.SchemaVersion=2
Log.SessionId=20260815T083529.151Z-355420-4ACAE97340D
Event.Sequence=59
Event.Utc=2026-08-15T08:35:31.702Z
Event.MonotonicUs=2552595
Event.ProcessId=355420
Event.ThreadId=358056
Event.Level=Info
Event.Name=Configuration.Applied
Configuration.Reason=control-generation
Configuration.SchemaVersion=7
Effects.Enabled=true
Effects.ClickEnabled=true
Effects.TrailEnabled=true
Effects.GlobalScale=1.000
Effects.TrailLength=1.000
Effects.TrailWidth=1.000
Effects.BloomIntensity=1.000
Effects.BloomQuality=high
Effects.BloomDiffusion=7.000
Background.Mode=background-aware
Background.CursorExcluded=true
Background.AllowSystemBorder=true
Input.LeftClick=true
Input.RightClick=true
Input.MiddleClick=false
Input.SamplingRateHz=0
Input.TrailOnlyWhilePressed=true
Performance.IdleOptimization=true
Performance.FramePacing=match-display
Output.Width=3840
Output.Height=2160
---
Log.SchemaVersion=2
Log.SessionId=20260815T083529.151Z-355420-4ACAE97340D
Event.Sequence=60
Event.Utc=2026-08-15T08:35:32.069Z
Event.MonotonicUs=2917908
Event.ProcessId=355420
Event.ThreadId=358056
Event.Level=Info
Event.Name=BackgroundComposite.Participated
Control.Generation=3
Frame.Id=10003
WGC.Epoch=2
WGC.Generation=8
BackgroundSnapshot.Epoch=2
BackgroundSnapshot.Generation=8
---
Log.SchemaVersion=2
Log.SessionId=20260815T083529.151Z-355420-4ACAE97340D
Event.Sequence=61
Event.Utc=2026-08-15T08:35:32.069Z
Event.MonotonicUs=2918416
Event.ProcessId=355420
Event.ThreadId=358056
Event.Level=Info
Event.Name=Message
Event.Message=WGC background sample entered the final desktop composite
---
Log.SchemaVersion=2
Log.SessionId=20260815T083529.151Z-355420-4ACAE97340D
Event.Sequence=62
Event.Utc=2026-08-15T08:35:32.072Z
Event.MonotonicUs=2921855
Event.ProcessId=355420
Event.ThreadId=358056
Event.Level=Warning
Event.Name=Performance.Interval
Configuration.SchemaVersion=7
Effects.Enabled=true
Effects.ClickEnabled=true
Effects.TrailEnabled=true
Effects.GlobalScale=1.000
Effects.TrailLength=1.000
Effects.TrailWidth=1.000
Effects.BloomIntensity=1.000
Effects.BloomQuality=high
Effects.BloomDiffusion=7.000
Background.Mode=background-aware
Background.CursorExcluded=true
Background.AllowSystemBorder=true
Input.LeftClick=true
Input.RightClick=true
Input.MiddleClick=false
Input.SamplingRateHz=0
Input.TrailOnlyWhilePressed=true
Performance.IdleOptimization=true
Performance.FramePacing=match-display
Output.Width=3840
Output.Height=2160
Window.Final=true
Window.DurationUs=2536718
Window.FrameCount=10004
Window.PresentedFps=3943.678
Runtime.Paused=false
Background.CompositeStatus=participating
Timing.CpuSemantic=inclusive-api-call-duration-not-gpu-execution
Timing.PresentSemantic=Present-call-return-not-dwm-composition-or-scanout
Timing.PresentMode=interval-0-frame-latency-gated
Timing.InputSemantic=input-to-Present-return-not-photon-latency
Timing.GpuSemantic=asynchronous-D3D11-timestamp-command-execution-not-Present-DWM-or-scanout
GPU.SampleCompletionSemantic=completed-sample-may-belong-to-an-older-reporting-window
GPU.StageApplicabilitySemantic=WGC-drain-attempted-snapshot-attempted-and-visual-FX-only
ROI.ProductionPath=full-screen-fallback
ROI.VisualBounds.LastStatus=ok
ROI.Plan.LastStatus=ok
ROI.VisualBounds.OkFrames=715
ROI.VisualBounds.EmptyFrames=9289
ROI.VisualBounds.InvalidFrames=0
ROI.VisualBounds.OverflowFrames=0
ROI.DirtyRect.Frames=716
ROI.Plan.OkFrames=716
ROI.Plan.EmptyFrames=9288
ROI.Plan.InvalidRectFrames=0
ROI.Plan.InvalidFootprintFrames=0
ROI.Plan.OverflowFrames=0
WGC.ProducerSemantic=FrameArrived-callback-rate-proxy
Diagnostics.PreviousLogWriteCpuUs=0
WGC.ActiveFrames=3666
WGC.MaintenanceCycles=0
WGC.DrainPolicy=visible-every-frame-idle-sensor-only-max-20hz
WGC.DrainAttemptedFrames=23
WGC.VisibleDrainAttemptedFrames=6
WGC.IdleDrainAttemptedFrames=17
WGC.IdleDrainThrottledFrames=3643
WGC.ProducerCallbacks=33
WGC.ProducerCallbackFps=13.009
WGC.FramesAcquired=33
WGC.FramesSuperseded=15
WGC.TimestampRejectedFrames=0
WGC.OwnedCopiesSubmitted=18
WGC.SamplesAccepted=18
WGC.AcceptedFps=7.096
Background.SnapshotAttempts=4
Background.SnapshotsRefreshed=4
Background.ParticipatingFrames=6
Input.RawMessages=4
Input.MoveEvents=0
Input.ButtonEdges=4
Input.CancelEvents=2
Input.CompactedMoveEvents=0
Input.OverflowMoveDrops=0
Input.MessageTimeUnavailable=0
MessagePump.InputDispatched=4
MessagePump.OtherDispatched=8
MessagePump.InputBudgetExhaustions=0
MessagePump.OtherBudgetExhaustions=0
FramePacing.FrameReadyWakes=10004
FramePacing.DeviceRemovedWakes=0
FramePacing.MessageWakes=6
FramePacing.Timeouts=1
FramePacing.Failures=0
GPU.TimestampProfiler.Observed=true
GPU.TimestampProfiler.Available=true
GPU.TimestampProfiler.InitializationHresult=0x00000000
GPU.FramesStarted=10004
GPU.FramesSubmitted=10004
GPU.PendingPolls=0
GPU.RingFullSkipped=0
GPU.SamplesCompleted=10003
GPU.CancelledSlotsReclaimed=0
GPU.DisjointSamples=0
GPU.QueryFailures=0
GPU.StateErrors=0
Cpu.FrameTotal.Available=true
Cpu.FrameTotal.Unit=us
Cpu.FrameTotal.Samples=10004
Cpu.FrameTotal.RecordedSamples=4096
Cpu.FrameTotal.DroppedSamples=5908
Cpu.FrameTotal.Min=40
Cpu.FrameTotal.Average=57.301
Cpu.FrameTotal.P50=50
Cpu.FrameTotal.P95=111
Cpu.FrameTotal.P99=161
Cpu.FrameTotal.Max=8359
Cpu.WgcDrainInclusive.Available=true
Cpu.WgcDrainInclusive.Unit=us
Cpu.WgcDrainInclusive.Samples=23
Cpu.WgcDrainInclusive.RecordedSamples=23
Cpu.WgcDrainInclusive.DroppedSamples=0
Cpu.WgcDrainInclusive.Min=0
Cpu.WgcDrainInclusive.Average=148.261
Cpu.WgcDrainInclusive.P50=131
Cpu.WgcDrainInclusive.P95=429
Cpu.WgcDrainInclusive.P99=630
Cpu.WgcDrainInclusive.Max=630
Cpu.WgcOwnedCopySubmit.Available=true
Cpu.WgcOwnedCopySubmit.Unit=us
Cpu.WgcOwnedCopySubmit.Samples=18
Cpu.WgcOwnedCopySubmit.RecordedSamples=18
Cpu.WgcOwnedCopySubmit.DroppedSamples=0
Cpu.WgcOwnedCopySubmit.Min=1
Cpu.WgcOwnedCopySubmit.Average=2.722
Cpu.WgcOwnedCopySubmit.P50=2
Cpu.WgcOwnedCopySubmit.P95=10
Cpu.WgcOwnedCopySubmit.P99=10
Cpu.WgcOwnedCopySubmit.Max=10
Cpu.BackgroundSnapshotSubmit.Available=true
Cpu.BackgroundSnapshotSubmit.Unit=us
Cpu.BackgroundSnapshotSubmit.Samples=4
Cpu.BackgroundSnapshotSubmit.RecordedSamples=4
Cpu.BackgroundSnapshotSubmit.DroppedSamples=0
Cpu.BackgroundSnapshotSubmit.Min=16
Cpu.BackgroundSnapshotSubmit.Average=247.250
Cpu.BackgroundSnapshotSubmit.P50=25
Cpu.BackgroundSnapshotSubmit.P95=567
Cpu.BackgroundSnapshotSubmit.P99=567
Cpu.BackgroundSnapshotSubmit.Max=567
Cpu.FxTotalSubmit.Available=true
Cpu.FxTotalSubmit.Unit=us
Cpu.FxTotalSubmit.Samples=10004
Cpu.FxTotalSubmit.RecordedSamples=4096
Cpu.FxTotalSubmit.DroppedSamples=5908
Cpu.FxTotalSubmit.Min=0
Cpu.FxTotalSubmit.Average=2.666
Cpu.FxTotalSubmit.P50=1
Cpu.FxTotalSubmit.P95=24
Cpu.FxTotalSubmit.P99=34
Cpu.FxTotalSubmit.Max=634
Cpu.FxMaterialsSubmit.Available=true
Cpu.FxMaterialsSubmit.Unit=us
Cpu.FxMaterialsSubmit.Samples=10004
Cpu.FxMaterialsSubmit.RecordedSamples=4096
Cpu.FxMaterialsSubmit.DroppedSamples=5908
Cpu.FxMaterialsSubmit.Min=0
Cpu.FxMaterialsSubmit.Average=1.027
Cpu.FxMaterialsSubmit.P50=0
Cpu.FxMaterialsSubmit.P95=15
Cpu.FxMaterialsSubmit.P99=21
Cpu.FxMaterialsSubmit.Max=591
Cpu.BloomAndCompositeSubmit.Available=true
Cpu.BloomAndCompositeSubmit.Unit=us
Cpu.BloomAndCompositeSubmit.Samples=10004
Cpu.BloomAndCompositeSubmit.RecordedSamples=4096
Cpu.BloomAndCompositeSubmit.DroppedSamples=5908
Cpu.BloomAndCompositeSubmit.Min=0
Cpu.BloomAndCompositeSubmit.Average=0.579
Cpu.BloomAndCompositeSubmit.P50=0
Cpu.BloomAndCompositeSubmit.P95=8
Cpu.BloomAndCompositeSubmit.P99=12
Cpu.BloomAndCompositeSubmit.Max=267
Cpu.DiagnosticReadback.Available=false
Cpu.DiagnosticReadback.Unit=us
Cpu.DiagnosticReadback.Samples=0
Cpu.DiagnosticReadback.RecordedSamples=0
Cpu.DiagnosticReadback.DroppedSamples=0
Cpu.PresentCall.Available=true
Cpu.PresentCall.Unit=us
Cpu.PresentCall.Samples=10004
Cpu.PresentCall.RecordedSamples=4096
Cpu.PresentCall.DroppedSamples=5908
Cpu.PresentCall.Min=21
Cpu.PresentCall.Average=52.980
Cpu.PresentCall.P50=48
Cpu.PresentCall.P95=86
Cpu.PresentCall.P99=118
Cpu.PresentCall.Max=7404
WGC.SampleAge.Available=true
WGC.SampleAge.Unit=us
WGC.SampleAge.Samples=2
WGC.SampleAge.RecordedSamples=2
WGC.SampleAge.DroppedSamples=0
WGC.SampleAge.Min=93
WGC.SampleAge.Average=5479.500
WGC.SampleAge.P50=93
WGC.SampleAge.P95=10866
WGC.SampleAge.P99=10866
WGC.SampleAge.Max=10866
Input.PendingEvents.Available=true
Input.PendingEvents.Unit=events
Input.PendingEvents.Samples=2
Input.PendingEvents.RecordedSamples=2
Input.PendingEvents.DroppedSamples=0
Input.PendingEvents.Min=3
Input.PendingEvents.Average=3.000
Input.PendingEvents.P50=3
Input.PendingEvents.P95=3
Input.PendingEvents.P99=3
Input.PendingEvents.Max=3
Input.Win32QueueAge.Available=true
Input.Win32QueueAge.Unit=ms
Input.Win32QueueAge.Samples=2
Input.Win32QueueAge.RecordedSamples=2
Input.Win32QueueAge.DroppedSamples=0
Input.Win32QueueAge.Min=0
Input.Win32QueueAge.Average=7.500
Input.Win32QueueAge.P50=0
Input.Win32QueueAge.P95=15
Input.Win32QueueAge.P99=15
Input.Win32QueueAge.Max=15
Input.DispatchToPresentReturn.Available=true
Input.DispatchToPresentReturn.Unit=us
Input.DispatchToPresentReturn.Samples=2
Input.DispatchToPresentReturn.RecordedSamples=2
Input.DispatchToPresentReturn.DroppedSamples=0
Input.DispatchToPresentReturn.Min=1243
Input.DispatchToPresentReturn.Average=13638.500
Input.DispatchToPresentReturn.P50=1243
Input.DispatchToPresentReturn.P95=26034
Input.DispatchToPresentReturn.P99=26034
Input.DispatchToPresentReturn.Max=26034
Input.MessageToPresentReturn.Available=true
Input.MessageToPresentReturn.Unit=ms
Input.MessageToPresentReturn.Samples=2
Input.MessageToPresentReturn.RecordedSamples=2
Input.MessageToPresentReturn.DroppedSamples=0
Input.MessageToPresentReturn.Min=0
Input.MessageToPresentReturn.Average=7.500
Input.MessageToPresentReturn.P50=0
Input.MessageToPresentReturn.P95=15
Input.MessageToPresentReturn.P99=15
Input.MessageToPresentReturn.Max=15
ROI.FullScreenPixels.Available=true
ROI.FullScreenPixels.Unit=pixels
ROI.FullScreenPixels.Samples=10004
ROI.FullScreenPixels.RecordedSamples=4096
ROI.FullScreenPixels.DroppedSamples=5908
ROI.FullScreenPixels.Min=8294400
ROI.FullScreenPixels.Average=8294400.000
ROI.FullScreenPixels.P50=8294400
ROI.FullScreenPixels.P95=8294400
ROI.FullScreenPixels.P99=8294400
ROI.FullScreenPixels.Max=8294400
ROI.BloomOutputPixels.Available=true
ROI.BloomOutputPixels.Unit=pixels
ROI.BloomOutputPixels.Samples=716
ROI.BloomOutputPixels.RecordedSamples=716
ROI.BloomOutputPixels.DroppedSamples=0
ROI.BloomOutputPixels.Min=1935225
ROI.BloomOutputPixels.Average=2821049.124
ROI.BloomOutputPixels.P50=2883421
ROI.BloomOutputPixels.P95=2948800
ROI.BloomOutputPixels.P99=2948800
ROI.BloomOutputPixels.Max=2948800
ROI.AlignedWorkPixels.Available=true
ROI.AlignedWorkPixels.Unit=pixels
ROI.AlignedWorkPixels.Samples=716
ROI.AlignedWorkPixels.RecordedSamples=716
ROI.AlignedWorkPixels.DroppedSamples=0
ROI.AlignedWorkPixels.Min=2316288
ROI.AlignedWorkPixels.Average=3014741.810
ROI.AlignedWorkPixels.P50=3112960
ROI.AlignedWorkPixels.P95=3112960
ROI.AlignedWorkPixels.P99=3112960
ROI.AlignedWorkPixels.Max=3112960
ROI.GuardX.Available=true
ROI.GuardX.Unit=pixels
ROI.GuardX.Samples=716
ROI.GuardX.RecordedSamples=716
ROI.GuardX.DroppedSamples=0
ROI.GuardX.Min=762
ROI.GuardX.Average=762.000
ROI.GuardX.P50=762
ROI.GuardX.P95=762
ROI.GuardX.P99=762
ROI.GuardX.Max=762
ROI.GuardY.Available=true
ROI.GuardY.Unit=pixels
ROI.GuardY.Samples=716
ROI.GuardY.RecordedSamples=716
ROI.GuardY.DroppedSamples=0
ROI.GuardY.Min=762
ROI.GuardY.Average=762.000
ROI.GuardY.P50=762
ROI.GuardY.P95=762
ROI.GuardY.P99=762
ROI.GuardY.Max=762
ROI.PhasePeriod.Available=true
ROI.PhasePeriod.Unit=pixels
ROI.PhasePeriod.Samples=716
ROI.PhasePeriod.RecordedSamples=716
ROI.PhasePeriod.DroppedSamples=0
ROI.PhasePeriod.Min=128
ROI.PhasePeriod.Average=128.000
ROI.PhasePeriod.P50=128
ROI.PhasePeriod.P95=128
ROI.PhasePeriod.P99=128
ROI.PhasePeriod.Max=128
ROI.LastDirtyRect.Available=true
ROI.LastDirtyRect.Left=2794
ROI.LastDirtyRect.Top=1525
ROI.LastDirtyRect.Right=2967
ROI.LastDirtyRect.Bottom=1717
ROI.LastBloomOutput.Available=true
ROI.LastBloomOutput.Left=2032
ROI.LastBloomOutput.Top=763
ROI.LastBloomOutput.Right=3729
ROI.LastBloomOutput.Bottom=2160
ROI.LastAlignedWork.Available=true
ROI.LastAlignedWork.Left=1920
ROI.LastAlignedWork.Top=640
ROI.LastAlignedWork.Right=3840
ROI.LastAlignedWork.Bottom=2160
GPU.PendingFrames.Available=true
GPU.PendingFrames.Unit=slots
GPU.PendingFrames.Samples=10004
GPU.PendingFrames.RecordedSamples=4096
GPU.PendingFrames.DroppedSamples=5908
GPU.PendingFrames.Min=1
GPU.PendingFrames.Average=1.000
GPU.PendingFrames.P50=1
GPU.PendingFrames.P95=1
GPU.PendingFrames.P99=1
GPU.PendingFrames.Max=1
GPU.WgcDrainAndCopy.Available=true
GPU.WgcDrainAndCopy.Unit=us
GPU.WgcDrainAndCopy.Samples=22
GPU.WgcDrainAndCopy.RecordedSamples=22
GPU.WgcDrainAndCopy.DroppedSamples=0
GPU.WgcDrainAndCopy.Min=0
GPU.WgcDrainAndCopy.Average=568.409
GPU.WgcDrainAndCopy.P50=272
GPU.WgcDrainAndCopy.P95=2416
GPU.WgcDrainAndCopy.P99=2553
GPU.WgcDrainAndCopy.Max=2553
GPU.BackgroundSnapshot.Available=true
GPU.BackgroundSnapshot.Unit=us
GPU.BackgroundSnapshot.Samples=4
GPU.BackgroundSnapshot.RecordedSamples=4
GPU.BackgroundSnapshot.DroppedSamples=0
GPU.BackgroundSnapshot.Min=164
GPU.BackgroundSnapshot.Average=292.500
GPU.BackgroundSnapshot.P50=184
GPU.BackgroundSnapshot.P95=490
GPU.BackgroundSnapshot.P99=490
GPU.BackgroundSnapshot.Max=490
GPU.FxMaterials.Available=true
GPU.FxMaterials.Unit=us
GPU.FxMaterials.Samples=714
GPU.FxMaterials.RecordedSamples=714
GPU.FxMaterials.DroppedSamples=0
GPU.FxMaterials.Min=22
GPU.FxMaterials.Average=27.650
GPU.FxMaterials.P50=25
GPU.FxMaterials.P95=34
GPU.FxMaterials.P99=49
GPU.FxMaterials.Max=661
GPU.BloomAndFinalComposite.Available=true
GPU.BloomAndFinalComposite.Unit=us
GPU.BloomAndFinalComposite.Samples=714
GPU.BloomAndFinalComposite.RecordedSamples=714
GPU.BloomAndFinalComposite.DroppedSamples=0
GPU.BloomAndFinalComposite.Min=367
GPU.BloomAndFinalComposite.Average=696.527
GPU.BloomAndFinalComposite.P50=395
GPU.BloomAndFinalComposite.P95=1525
GPU.BloomAndFinalComposite.P99=1925
GPU.BloomAndFinalComposite.Max=130625
GPU.FxTotal.Available=true
GPU.FxTotal.Unit=us
GPU.FxTotal.Samples=714
GPU.FxTotal.RecordedSamples=714
GPU.FxTotal.DroppedSamples=0
GPU.FxTotal.Min=392
GPU.FxTotal.Average=724.763
GPU.FxTotal.P50=420
GPU.FxTotal.P95=1550
GPU.FxTotal.P99=1974
GPU.FxTotal.Max=130660
GPU.RenderCommandSpan.Available=true
GPU.RenderCommandSpan.Unit=us
GPU.RenderCommandSpan.Samples=10003
GPU.RenderCommandSpan.RecordedSamples=4096
GPU.RenderCommandSpan.DroppedSamples=5907
GPU.RenderCommandSpan.Min=18
GPU.RenderCommandSpan.Average=120.625
GPU.RenderCommandSpan.P50=64
GPU.RenderCommandSpan.P95=465
GPU.RenderCommandSpan.P99=1636
GPU.RenderCommandSpan.Max=130660
---
Log.SchemaVersion=2
Log.SessionId=20260815T083529.151Z-355420-4ACAE97340D
Event.Sequence=63
Event.Utc=2026-08-15T08:35:32.073Z
Event.MonotonicUs=2922373
Event.ProcessId=355420
Event.ThreadId=358056
Event.Level=Info
Event.Name=Message
Event.Message=WGC final composite summary; composite-frames=6; rendered-frames=10004
---
Log.SchemaVersion=2
Log.SessionId=20260815T083529.151Z-355420-4ACAE97340D
Event.Sequence=64
Event.Utc=2026-08-15T08:35:32.074Z
Event.MonotonicUs=2923789
Event.ProcessId=355420
Event.ThreadId=358056
Event.Level=Info
Event.Name=Message
Event.Message=BackgroundCapture.Stop.Phase=shutdown;WGC.Stop.SensorPresent=true;WGC.Stop.FrameArrivedUnregisterFailed=false;WGC.Stop.ItemClosedUnregisterFailed=false;WGC.Stop.SessionCloseFailed=false;WGC.Stop.FramePoolCloseFailed=false;WGC.Stop.Completed=true;WGC.Stop.OverallSucceeded=true;WGC.Stop.DeferredReport=false;WGC.Stop.FrameArrivedUnregisterUs=3;WGC.Stop.ItemClosedUnregisterUs=0;WGC.Stop.SessionCloseUs=618;WGC.Stop.FramePoolCloseUs=3;WGC.Stop.TotalUs=1011
---
Log.SchemaVersion=2
Log.SessionId=20260815T083529.151Z-355420-4ACAE97340D
Event.Sequence=65
Event.Utc=2026-08-15T08:35:32.075Z
Event.MonotonicUs=2924174
Event.ProcessId=355420
Event.ThreadId=358056
Event.Level=Info
Event.Name=Message
Event.Message=BackgroundCapture.ResourceLedger.Phase=shutdown;WGC.ResourceLedger.FramesAcquired=33;FramesClosed=33;FramePoolsCreated=2;FramePoolsClosed=2;FramePoolsRecreated=0;SessionsCreated=2;SessionsClosed=2;FrameArrivedRegistrations=2;FrameArrivedUnregistrations=2;ItemClosedRegistrations=2;ItemClosedUnregistrations=2;LiveFrames=0;LiveFramePools=0;LiveSessions=0;LiveFrameArrivedRegistrations=0;LiveItemClosedRegistrations=0;Failures=0;AllReleased=true
---
Log.SchemaVersion=2
Log.SessionId=20260815T083529.151Z-355420-4ACAE97340D
Event.Sequence=66
Event.Utc=2026-08-15T08:35:32.075Z
Event.MonotonicUs=2924516
Event.ProcessId=355420
Event.ThreadId=358056
Event.Level=Info
Event.Name=BackgroundSnapshot.Invalidated
Control.Generation=3
Frame.Id=0
WGC.Epoch=2
WGC.Generation=8
BackgroundSnapshot.Epoch=2
BackgroundSnapshot.Generation=8
BackgroundSnapshot.InvalidationReason=capture-disabled
---
Log.SchemaVersion=2
Log.SessionId=20260815T083529.151Z-355420-4ACAE97340D
Event.Sequence=67
Event.Utc=2026-08-15T08:35:32.133Z
Event.MonotonicUs=2982756
Event.ProcessId=355420
Event.ThreadId=358056
Event.Level=Info
Event.Name=Process.Exited
---
