Log.SchemaVersion=2
Log.SessionId=20260815T125835.779Z-22340-4D1702782F3
Event.Sequence=1
Event.Utc=2026-08-15T12:58:35.779Z
Event.MonotonicUs=12
Event.ProcessId=22340
Event.ThreadId=355892
Event.Level=Info
Event.Name=Process.Startup
Product.Version=0.1.0-alpha.12
Process.Mode=interactive
---
Log.SchemaVersion=2
Log.SessionId=20260815T125835.779Z-22340-4D1702782F3
Event.Sequence=2
Event.Utc=2026-08-15T12:58:35.780Z
Event.MonotonicUs=1587
Event.ProcessId=22340
Event.ThreadId=355892
Event.Level=Info
Event.Name=Message
Event.Message=Package.Identity=absent;FullNameError=0x00003D54;PathError=0x00003D54
---
Log.SchemaVersion=2
Log.SessionId=20260815T125835.779Z-22340-4D1702782F3
Event.Sequence=3
Event.Utc=2026-08-15T12:58:36.068Z
Event.MonotonicUs=290287
Event.ProcessId=22340
Event.ThreadId=355892
Event.Level=Info
Event.Name=Graphics.DeviceRemovalNotification.Status
Phase=startup
Available=true
RegistrationHRESULT=0x00000000
---
Log.SchemaVersion=2
Log.SessionId=20260815T125835.779Z-22340-4D1702782F3
Event.Sequence=4
Event.Utc=2026-08-15T12:58:36.069Z
Event.MonotonicUs=290746
Event.ProcessId=22340
Event.ThreadId=355892
Event.Level=Info
Event.Name=BackgroundCapture.Transaction.Begin
Control.Generation=1
Display.Target.Monitor=0xFFFFFFFF8E350B1F
Display.Target.Device=\\.\DISPLAY20
Display.Target.Bounds=3840x2160@0,0
Display.Target.ApplyBounds=false
---
Log.SchemaVersion=2
Log.SessionId=20260815T125835.779Z-22340-4D1702782F3
Event.Sequence=5
Event.Utc=2026-08-15T12:58:36.069Z
Event.MonotonicUs=291105
Event.ProcessId=22340
Event.ThreadId=355892
Event.Level=Info
Event.Name=Message
Event.Message=BackgroundCapture.Action.Begin=stop-sensor;Index=0
---
Log.SchemaVersion=2
Log.SessionId=20260815T125835.779Z-22340-4D1702782F3
Event.Sequence=6
Event.Utc=2026-08-15T12:58:36.070Z
Event.MonotonicUs=291468
Event.ProcessId=22340
Event.ThreadId=355892
Event.Level=Info
Event.Name=Message
Event.Message=BackgroundCapture.Stop.Phase=transaction;WGC.Stop.SensorPresent=false;WGC.Stop.FrameArrivedUnregisterFailed=false;WGC.Stop.ItemClosedUnregisterFailed=false;WGC.Stop.SessionCloseFailed=false;WGC.Stop.FramePoolCloseFailed=false;WGC.Stop.OwnerThreadMismatch=false;WGC.Stop.Completed=true;WGC.Stop.OverallSucceeded=true;WGC.Stop.DeferredReport=false;WGC.Stop.FrameArrivedUnregisterUs=0;WGC.Stop.ItemClosedUnregisterUs=0;WGC.Stop.SessionCloseUs=0;WGC.Stop.FramePoolCloseUs=0;WGC.Stop.TotalUs=0
---
Log.SchemaVersion=2
Log.SessionId=20260815T125835.779Z-22340-4D1702782F3
Event.Sequence=7
Event.Utc=2026-08-15T12:58:36.070Z
Event.MonotonicUs=291783
Event.ProcessId=22340
Event.ThreadId=355892
Event.Level=Info
Event.Name=Message
Event.Message=BackgroundCapture.Action.End=stop-sensor;Index=0;Succeeded=true;ElapsedUs=712
---
Log.SchemaVersion=2
Log.SessionId=20260815T125835.779Z-22340-4D1702782F3
Event.Sequence=8
Event.Utc=2026-08-15T12:58:36.070Z
Event.MonotonicUs=292088
Event.ProcessId=22340
Event.ThreadId=355892
Event.Level=Info
Event.Name=Message
Event.Message=BackgroundCapture.Action.Begin=set-affinity-excluded;Index=1
---
Log.SchemaVersion=2
Log.SessionId=20260815T125835.779Z-22340-4D1702782F3
Event.Sequence=9
Event.Utc=2026-08-15T12:58:36.072Z
Event.MonotonicUs=294259
Event.ProcessId=22340
Event.ThreadId=355892
Event.Level=Info
Event.Name=Message
Event.Message=Capture.Exclusion.Requested=0x00000011;Observed=0x00000011;Set=succeeded;SetError=0x00000000;Query=succeeded;QueryError=0x00000000
---
Log.SchemaVersion=2
Log.SessionId=20260815T125835.779Z-22340-4D1702782F3
Event.Sequence=10
Event.Utc=2026-08-15T12:58:36.073Z
Event.MonotonicUs=294651
Event.ProcessId=22340
Event.ThreadId=355892
Event.Level=Info
Event.Name=Message
Event.Message=BackgroundCapture.Action.End=set-affinity-excluded;Index=1;Succeeded=true;ElapsedUs=2493
---
Log.SchemaVersion=2
Log.SessionId=20260815T125835.779Z-22340-4D1702782F3
Event.Sequence=11
Event.Utc=2026-08-15T12:58:36.073Z
Event.MonotonicUs=294987
Event.ProcessId=22340
Event.ThreadId=355892
Event.Level=Info
Event.Name=Message
Event.Message=BackgroundCapture.Action.Begin=apply-overlay-profile;Index=2
---
Log.SchemaVersion=2
Log.SessionId=20260815T125835.779Z-22340-4D1702782F3
Event.Sequence=12
Event.Utc=2026-08-15T12:58:36.073Z
Event.MonotonicUs=295295
Event.ProcessId=22340
Event.ThreadId=355892
Event.Level=Info
Event.Name=Message
Event.Message=BackgroundCapture.Action.End=apply-overlay-profile;Index=2;Succeeded=true;ElapsedUs=323
---
Log.SchemaVersion=2
Log.SessionId=20260815T125835.779Z-22340-4D1702782F3
Event.Sequence=13
Event.Utc=2026-08-15T12:58:36.074Z
Event.MonotonicUs=295636
Event.ProcessId=22340
Event.ThreadId=355892
Event.Level=Info
Event.Name=Message
Event.Message=BackgroundCapture.Action.Begin=start-sensor;Index=3
---
Log.SchemaVersion=2
Log.SessionId=20260815T125835.779Z-22340-4D1702782F3
Event.Sequence=14
Event.Utc=2026-08-15T12:58:36.151Z
Event.MonotonicUs=373115
Event.ProcessId=22340
Event.ThreadId=355892
Event.Level=Info
Event.Name=Message
Event.Message=BackgroundCapture.Action.End=start-sensor;Index=3;Succeeded=true;ElapsedUs=77309
---
Log.SchemaVersion=2
Log.SessionId=20260815T125835.779Z-22340-4D1702782F3
Event.Sequence=15
Event.Utc=2026-08-15T12:58:36.152Z
Event.MonotonicUs=373580
Event.ProcessId=22340
Event.ThreadId=355892
Event.Level=Info
Event.Name=Message
Event.Message=BackgroundCapture.Transaction.End;Actions=4;ElapsedUs=82818
---
Log.SchemaVersion=2
Log.SessionId=20260815T125835.779Z-22340-4D1702782F3
Event.Sequence=16
Event.Utc=2026-08-15T12:58:36.152Z
Event.MonotonicUs=373932
Event.ProcessId=22340
Event.ThreadId=355892
Event.Level=Info
Event.Name=Message
Event.Message=BackgroundCapture.ResourceLedger.Phase=transaction;WGC.ResourceLedger.FramesAcquired=0;FramesClosed=0;FramePoolsCreated=1;FramePoolsClosed=0;FramePoolsRecreated=0;SessionsCreated=1;SessionsClosed=0;FrameArrivedRegistrations=1;FrameArrivedUnregistrations=0;ItemClosedRegistrations=1;ItemClosedUnregistrations=0;LiveFrames=0;LiveFramePools=1;LiveSessions=1;LiveFrameArrivedRegistrations=1;LiveItemClosedRegistrations=1;Failures=0;AllReleased=false
---
Log.SchemaVersion=2
Log.SessionId=20260815T125835.779Z-22340-4D1702782F3
Event.Sequence=17
Event.Utc=2026-08-15T12:58:36.152Z
Event.MonotonicUs=374288
Event.ProcessId=22340
Event.ThreadId=355892
Event.Level=Info
Event.Name=Message
Event.Message=WGC capture session active; system-border=visible-allowed; cursor=excluded
---
Log.SchemaVersion=2
Log.SessionId=20260815T125835.779Z-22340-4D1702782F3
Event.Sequence=18
Event.Utc=2026-08-15T12:58:36.153Z
Event.MonotonicUs=374759
Event.ProcessId=22340
Event.ThreadId=355892
Event.Level=Info
Event.Name=Configuration.Applied
Configuration.Reason=startup
Configuration.SchemaVersion=7
Effects.Enabled=true
Effects.ClickEnabled=true
Effects.TrailEnabled=true
Effects.GlobalScale=1.000
Effects.TrailLength=1.000
Effects.TrailWidth=1.000
Effects.BloomIntensity=1.000
Effects.BloomQuality=high
Effects.BloomDiffusion=7.000
Background.Mode=background-aware
Background.CursorExcluded=true
Background.AllowSystemBorder=true
Input.LeftClick=true
Input.RightClick=true
Input.MiddleClick=false
Input.SamplingRateHz=0
Input.TrailOnlyWhilePressed=true
Performance.IdleOptimization=true
Performance.FramePacing=match-display
Output.Width=3840
Output.Height=2160
---
Log.SchemaVersion=2
Log.SessionId=20260815T125835.779Z-22340-4D1702782F3
Event.Sequence=19
Event.Utc=2026-08-15T12:58:36.155Z
Event.MonotonicUs=377177
Event.ProcessId=22340
Event.ThreadId=355892
Event.Level=Info
Event.Name=Message
Event.Message=IPC control service started
---
Log.SchemaVersion=2
Log.SessionId=20260815T125835.779Z-22340-4D1702782F3
Event.Sequence=20
Event.Utc=2026-08-15T12:58:36.156Z
Event.MonotonicUs=377618
Event.ProcessId=22340
Event.ThreadId=355892
Event.Level=Info
Event.Name=SupportReport
Report.GeneratedUtc=2026-08-15T12:58:36.156Z
Product.Name=ba-click-fx-desktop
Product.Version=0.1.0-alpha.12
Status=Ready
Support.Scope=single-primary-monitor;fx-only-or-wgc;sdr-tested
Support.HDR=not-supported
Support.WGC=active
Support.MultiDisplay=not-supported
Configuration.SchemaVersion=7
IPC.ControlService=active
OS.Version=10.0.19045
OS.Architecture=x64
Display.Primary=3840x2160@0,0
Display.PrimaryDpi=144
Display.RefreshRateSource=dwm-composition-timing
Display.RefreshRateNumerator=144
Display.RefreshRateDenominator=1
Display.RefreshRateHz=144.000
Display.RefreshPeriodUs=6944.444
Display.ColorMode=rgb-full-g22-p709;capability-only;luminance-valid;alpha-scope-sdr-only
Display.DxgiColorSpaceValue=0x00000000
Display.BitsPerColor=8
Display.MinLuminanceNits=0.500
Display.MaxLuminanceNits=270.000
Display.MaxFullFrameLuminanceNits=270.000
Log.Path=C:\Users\Admin\AppData\Local\Temp\bafx-borderless-current-head-158db9f8\ba-click-fx-desktop-support.log
Log.SchemaVersion=2
Log.SessionId=20260815T125835.779Z-22340-4D1702782F3
Graphics.DriverType=Hardware
Graphics.Adapter=NVIDIA GeForce RTX 4060 Laptop GPU
Graphics.AdapterLuid=00000000:0001153F
Graphics.VendorId=0x000010DE
Graphics.DeviceId=0x000028E0
Graphics.SubsystemId=0x199D1043
Graphics.Revision=161
Graphics.DedicatedVideoMemory=8342470656
Graphics.DedicatedSystemMemory=0
Graphics.SharedSystemMemory=16760870912
Graphics.DriverVersion=32.0.16.1074
Graphics.FeatureLevel=11_1
Graphics.HardwareCreateHResult=0x00000000
Graphics.HardwareFallback=none
Exit.PrimaryHotKey=registered
Exit.FallbackHotKey=polling-fallback
Exit.NotificationIcon=available
Exit.PollingFallback=enabled
---
Log.SchemaVersion=2
Log.SessionId=20260815T125835.779Z-22340-4D1702782F3
Event.Sequence=21
Event.Utc=2026-08-15T12:58:36.205Z
Event.MonotonicUs=427353
Event.ProcessId=22340
Event.ThreadId=355892
Event.Level=Info
Event.Name=BackgroundCapture.Transaction.Begin
Control.Generation=2
Display.Target.Monitor=0xFFFFFFFF8E350B1F
Display.Target.Device=\\.\DISPLAY20
Display.Target.Bounds=3840x2160@0,0
Display.Target.ApplyBounds=false
---
Log.SchemaVersion=2
Log.SessionId=20260815T125835.779Z-22340-4D1702782F3
Event.Sequence=22
Event.Utc=2026-08-15T12:58:36.206Z
Event.MonotonicUs=427739
Event.ProcessId=22340
Event.ThreadId=355892
Event.Level=Info
Event.Name=Message
Event.Message=BackgroundCapture.Action.Begin=request-borderless-access;Index=0
---
Log.SchemaVersion=2
Log.SessionId=20260815T125835.779Z-22340-4D1702782F3
Event.Sequence=23
Event.Utc=2026-08-15T12:58:36.206Z
Event.MonotonicUs=428104
Event.ProcessId=22340
Event.ThreadId=355892
Event.Level=Warning
Event.Name=WGC.BorderlessAccess.Checked
Control.Generation=2
Transaction.ActionIndex=0
Background.AllowSystemBorder=false
WGC.BorderlessAccess.Status=not-packaged
WGC.BorderlessAccess.HRESULT=0x80073D54
WGC.BorderlessAccess.AsyncStatus=not-started
WGC.BorderlessAccess.ElapsedMs=0
WGC.BorderlessAccess.CancelRequested=false
WGC.BorderlessAccess.Allowed=false
---
Log.SchemaVersion=2
Log.SessionId=20260815T125835.779Z-22340-4D1702782F3
Event.Sequence=24
Event.Utc=2026-08-15T12:58:36.207Z
Event.MonotonicUs=428506
Event.ProcessId=22340
Event.ThreadId=355892
Event.Level=Info
Event.Name=Message
Event.Message=BackgroundCapture.Action.End=request-borderless-access;Index=0;Succeeded=false;ElapsedUs=774
---
Log.SchemaVersion=2
Log.SessionId=20260815T125835.779Z-22340-4D1702782F3
Event.Sequence=25
Event.Utc=2026-08-15T12:58:36.207Z
Event.MonotonicUs=428833
Event.ProcessId=22340
Event.ThreadId=355892
Event.Level=Info
Event.Name=Message
Event.Message=BackgroundCapture.Action.Begin=stop-sensor;Index=1
---
Log.SchemaVersion=2
Log.SessionId=20260815T125835.779Z-22340-4D1702782F3
Event.Sequence=26
Event.Utc=2026-08-15T12:58:36.207Z
Event.MonotonicUs=429159
Event.ProcessId=22340
Event.ThreadId=355892
Event.Level=Info
Event.Name=BackgroundCapture.StopProgress
WGC.Stop.Stage=stop
WGC.Stop.StageState=begin
WGC.Stop.OwnerThreadId=355892
WGC.Stop.CallerThreadId=355892
WGC.Stop.OwnerThreadMatched=true
WGC.Stop.WatchdogArmed=true
WGC.Stop.WatchdogArmStatus=accepted
WGC.Stop.WatchdogTimeoutMs=10000
---
Log.SchemaVersion=2
Log.SessionId=20260815T125835.779Z-22340-4D1702782F3
Event.Sequence=27
Event.Utc=2026-08-15T12:58:36.208Z
Event.MonotonicUs=429483
Event.ProcessId=22340
Event.ThreadId=355892
Event.Level=Info
Event.Name=BackgroundCapture.StopProgress
WGC.Stop.Stage=frame-arrived-unregister
WGC.Stop.StageState=begin
WGC.Stop.OwnerThreadId=355892
WGC.Stop.CallerThreadId=355892
WGC.Stop.OwnerThreadMatched=true
WGC.Stop.WatchdogArmed=true
WGC.Stop.WatchdogArmStatus=not-requested
WGC.Stop.WatchdogTimeoutMs=10000
---
Log.SchemaVersion=2
Log.SessionId=20260815T125835.779Z-22340-4D1702782F3
Event.Sequence=28
Event.Utc=2026-08-15T12:58:36.208Z
Event.MonotonicUs=429830
Event.ProcessId=22340
Event.ThreadId=355892
Event.Level=Info
Event.Name=BackgroundCapture.StopProgress
WGC.Stop.Stage=frame-arrived-unregister
WGC.Stop.StageState=succeeded
WGC.Stop.OwnerThreadId=355892
WGC.Stop.CallerThreadId=355892
WGC.Stop.OwnerThreadMatched=true
WGC.Stop.WatchdogArmed=true
WGC.Stop.WatchdogArmStatus=not-requested
WGC.Stop.WatchdogTimeoutMs=10000
---
Log.SchemaVersion=2
Log.SessionId=20260815T125835.779Z-22340-4D1702782F3
Event.Sequence=29
Event.Utc=2026-08-15T12:58:36.208Z
Event.MonotonicUs=430141
Event.ProcessId=22340
Event.ThreadId=355892
Event.Level=Info
Event.Name=BackgroundCapture.StopProgress
WGC.Stop.Stage=item-closed-unregister
WGC.Stop.StageState=begin
WGC.Stop.OwnerThreadId=355892
WGC.Stop.CallerThreadId=355892
WGC.Stop.OwnerThreadMatched=true
WGC.Stop.WatchdogArmed=true
WGC.Stop.WatchdogArmStatus=not-requested
WGC.Stop.WatchdogTimeoutMs=10000
---
Log.SchemaVersion=2
Log.SessionId=20260815T125835.779Z-22340-4D1702782F3
Event.Sequence=30
Event.Utc=2026-08-15T12:58:36.209Z
Event.MonotonicUs=430471
Event.ProcessId=22340
Event.ThreadId=355892
Event.Level=Info
Event.Name=BackgroundCapture.StopProgress
WGC.Stop.Stage=item-closed-unregister
WGC.Stop.StageState=succeeded
WGC.Stop.OwnerThreadId=355892
WGC.Stop.CallerThreadId=355892
WGC.Stop.OwnerThreadMatched=true
WGC.Stop.WatchdogArmed=true
WGC.Stop.WatchdogArmStatus=not-requested
WGC.Stop.WatchdogTimeoutMs=10000
---
Log.SchemaVersion=2
Log.SessionId=20260815T125835.779Z-22340-4D1702782F3
Event.Sequence=31
Event.Utc=2026-08-15T12:58:36.209Z
Event.MonotonicUs=430780
Event.ProcessId=22340
Event.ThreadId=355892
Event.Level=Info
Event.Name=BackgroundCapture.StopProgress
WGC.Stop.Stage=session-close
WGC.Stop.StageState=begin
WGC.Stop.OwnerThreadId=355892
WGC.Stop.CallerThreadId=355892
WGC.Stop.OwnerThreadMatched=true
WGC.Stop.WatchdogArmed=true
WGC.Stop.WatchdogArmStatus=not-requested
WGC.Stop.WatchdogTimeoutMs=10000
---
Log.SchemaVersion=2
Log.SessionId=20260815T125835.779Z-22340-4D1702782F3
Event.Sequence=32
Event.Utc=2026-08-15T12:58:36.210Z
Event.MonotonicUs=432007
Event.ProcessId=22340
Event.ThreadId=355892
Event.Level=Info
Event.Name=BackgroundCapture.StopProgress
WGC.Stop.Stage=session-close
WGC.Stop.StageState=succeeded
WGC.Stop.OwnerThreadId=355892
WGC.Stop.CallerThreadId=355892
WGC.Stop.OwnerThreadMatched=true
WGC.Stop.WatchdogArmed=true
WGC.Stop.WatchdogArmStatus=not-requested
WGC.Stop.WatchdogTimeoutMs=10000
---
Log.SchemaVersion=2
Log.SessionId=20260815T125835.779Z-22340-4D1702782F3
Event.Sequence=33
Event.Utc=2026-08-15T12:58:36.211Z
Event.MonotonicUs=432555
Event.ProcessId=22340
Event.ThreadId=355892
Event.Level=Info
Event.Name=BackgroundCapture.StopProgress
WGC.Stop.Stage=frame-pool-close
WGC.Stop.StageState=begin
WGC.Stop.OwnerThreadId=355892
WGC.Stop.CallerThreadId=355892
WGC.Stop.OwnerThreadMatched=true
WGC.Stop.WatchdogArmed=true
WGC.Stop.WatchdogArmStatus=not-requested
WGC.Stop.WatchdogTimeoutMs=10000
---
Log.SchemaVersion=2
Log.SessionId=20260815T125835.779Z-22340-4D1702782F3
Event.Sequence=34
Event.Utc=2026-08-15T12:58:36.212Z
Event.MonotonicUs=432952
Event.ProcessId=22340
Event.ThreadId=355892
Event.Level=Info
Event.Name=BackgroundCapture.StopProgress
WGC.Stop.Stage=frame-pool-close
WGC.Stop.StageState=succeeded
WGC.Stop.OwnerThreadId=355892
WGC.Stop.CallerThreadId=355892
WGC.Stop.OwnerThreadMatched=true
WGC.Stop.WatchdogArmed=true
WGC.Stop.WatchdogArmStatus=not-requested
WGC.Stop.WatchdogTimeoutMs=10000
---
Log.SchemaVersion=2
Log.SessionId=20260815T125835.779Z-22340-4D1702782F3
Event.Sequence=35
Event.Utc=2026-08-15T12:58:36.212Z
Event.MonotonicUs=433664
Event.ProcessId=22340
Event.ThreadId=355892
Event.Level=Info
Event.Name=BackgroundCapture.StopProgress
WGC.Stop.Stage=stop
WGC.Stop.StageState=succeeded
WGC.Stop.OwnerThreadId=355892
WGC.Stop.CallerThreadId=355892
WGC.Stop.OwnerThreadMatched=true
WGC.Stop.WatchdogArmed=false
WGC.Stop.WatchdogArmStatus=not-requested
WGC.Stop.WatchdogTimeoutMs=10000
---
Log.SchemaVersion=2
Log.SessionId=20260815T125835.779Z-22340-4D1702782F3
Event.Sequence=36
Event.Utc=2026-08-15T12:58:36.212Z
Event.MonotonicUs=434025
Event.ProcessId=22340
Event.ThreadId=355892
Event.Level=Info
Event.Name=Message
Event.Message=BackgroundCapture.Stop.Phase=transaction;WGC.Stop.SensorPresent=true;WGC.Stop.FrameArrivedUnregisterFailed=false;WGC.Stop.ItemClosedUnregisterFailed=false;WGC.Stop.SessionCloseFailed=false;WGC.Stop.FramePoolCloseFailed=false;WGC.Stop.OwnerThreadMismatch=false;WGC.Stop.Completed=true;WGC.Stop.OverallSucceeded=true;WGC.Stop.DeferredReport=false;WGC.Stop.FrameArrivedUnregisterUs=3;WGC.Stop.ItemClosedUnregisterUs=1;WGC.Stop.SessionCloseUs=763;WGC.Stop.FramePoolCloseUs=2;WGC.Stop.TotalUs=4490
---
Log.SchemaVersion=2
Log.SessionId=20260815T125835.779Z-22340-4D1702782F3
Event.Sequence=37
Event.Utc=2026-08-15T12:58:36.212Z
Event.MonotonicUs=434341
Event.ProcessId=22340
Event.ThreadId=355892
Event.Level=Info
Event.Name=Message
Event.Message=BackgroundCapture.Action.End=stop-sensor;Index=1;Succeeded=true;ElapsedUs=5513
---
Log.SchemaVersion=2
Log.SessionId=20260815T125835.779Z-22340-4D1702782F3
Event.Sequence=38
Event.Utc=2026-08-15T12:58:36.213Z
Event.MonotonicUs=434656
Event.ProcessId=22340
Event.ThreadId=355892
Event.Level=Info
Event.Name=Message
Event.Message=BackgroundCapture.Action.Begin=set-affinity-included;Index=2
---
Log.SchemaVersion=2
Log.SessionId=20260815T125835.779Z-22340-4D1702782F3
Event.Sequence=39
Event.Utc=2026-08-15T12:58:36.213Z
Event.MonotonicUs=434999
Event.ProcessId=22340
Event.ThreadId=355892
Event.Level=Info
Event.Name=Message
Event.Message=Capture.Exclusion.Requested=0x00000000;Observed=0x00000000;Set=succeeded;SetError=0x00000000;Query=succeeded;QueryError=0x00000000
---
Log.SchemaVersion=2
Log.SessionId=20260815T125835.779Z-22340-4D1702782F3
Event.Sequence=40
Event.Utc=2026-08-15T12:58:36.213Z
Event.MonotonicUs=435316
Event.ProcessId=22340
Event.ThreadId=355892
Event.Level=Info
Event.Name=Message
Event.Message=BackgroundCapture.Action.End=set-affinity-included;Index=2;Succeeded=true;ElapsedUs=653
---
Log.SchemaVersion=2
Log.SessionId=20260815T125835.779Z-22340-4D1702782F3
Event.Sequence=41
Event.Utc=2026-08-15T12:58:36.214Z
Event.MonotonicUs=435631
Event.ProcessId=22340
Event.ThreadId=355892
Event.Level=Info
Event.Name=Message
Event.Message=BackgroundCapture.Transaction.End;Actions=3;ElapsedUs=8336
---
Log.SchemaVersion=2
Log.SessionId=20260815T125835.779Z-22340-4D1702782F3
Event.Sequence=42
Event.Utc=2026-08-15T12:58:36.214Z
Event.MonotonicUs=435952
Event.ProcessId=22340
Event.ThreadId=355892
Event.Level=Info
Event.Name=Message
Event.Message=BackgroundCapture.ResourceLedger.Phase=transaction;WGC.ResourceLedger.FramesAcquired=1;FramesClosed=1;FramePoolsCreated=1;FramePoolsClosed=1;FramePoolsRecreated=0;SessionsCreated=1;SessionsClosed=1;FrameArrivedRegistrations=1;FrameArrivedUnregistrations=1;ItemClosedRegistrations=1;ItemClosedUnregistrations=1;LiveFrames=0;LiveFramePools=0;LiveSessions=0;LiveFrameArrivedRegistrations=0;LiveItemClosedRegistrations=0;Failures=0;AllReleased=true
---
Log.SchemaVersion=2
Log.SessionId=20260815T125835.779Z-22340-4D1702782F3
Event.Sequence=43
Event.Utc=2026-08-15T12:58:36.214Z
Event.MonotonicUs=436265
Event.ProcessId=22340
Event.ThreadId=355892
Event.Level=Info
Event.Name=Message
Event.Message=WGC background capture unavailable; using FX-only rendering; transition-failure=borderless-access-failed; reason=WGC.BorderlessAccess=not-packaged;HRESULT=0x80073D54;AsyncStatus=not-started;ElapsedMs=0;CancelRequested=false
---
Log.SchemaVersion=2
Log.SessionId=20260815T125835.779Z-22340-4D1702782F3
Event.Sequence=44
Event.Utc=2026-08-15T12:58:36.215Z
Event.MonotonicUs=436592
Event.ProcessId=22340
Event.ThreadId=355892
Event.Level=Info
Event.Name=SupportReport
Report.GeneratedUtc=2026-08-15T12:58:36.215Z
Product.Name=ba-click-fx-desktop
Product.Version=0.1.0-alpha.12
Status=Ready
Support.Scope=single-primary-monitor;fx-only-or-wgc;sdr-tested
Support.HDR=not-supported
Support.WGC=fallback-fx-only
Support.MultiDisplay=not-supported
Configuration.SchemaVersion=7
IPC.ControlService=active
OS.Version=10.0.19045
OS.Architecture=x64
Display.Primary=3840x2160@0,0
Display.PrimaryDpi=144
Display.RefreshRateSource=dwm-composition-timing
Display.RefreshRateNumerator=144
Display.RefreshRateDenominator=1
Display.RefreshRateHz=144.000
Display.RefreshPeriodUs=6944.444
Display.ColorMode=rgb-full-g22-p709;capability-only;luminance-valid;alpha-scope-sdr-only
Display.DxgiColorSpaceValue=0x00000000
Display.BitsPerColor=8
Display.MinLuminanceNits=0.500
Display.MaxLuminanceNits=270.000
Display.MaxFullFrameLuminanceNits=270.000
Log.Path=C:\Users\Admin\AppData\Local\Temp\bafx-borderless-current-head-158db9f8\ba-click-fx-desktop-support.log
Log.SchemaVersion=2
Log.SessionId=20260815T125835.779Z-22340-4D1702782F3
Graphics.DriverType=Hardware
Graphics.Adapter=NVIDIA GeForce RTX 4060 Laptop GPU
Graphics.AdapterLuid=00000000:0001153F
Graphics.VendorId=0x000010DE
Graphics.DeviceId=0x000028E0
Graphics.SubsystemId=0x199D1043
Graphics.Revision=161
Graphics.DedicatedVideoMemory=8342470656
Graphics.DedicatedSystemMemory=0
Graphics.SharedSystemMemory=16760870912
Graphics.DriverVersion=32.0.16.1074
Graphics.FeatureLevel=11_1
Graphics.HardwareCreateHResult=0x00000000
Graphics.HardwareFallback=none
Exit.PrimaryHotKey=registered
Exit.FallbackHotKey=polling-fallback
Exit.NotificationIcon=available
Exit.PollingFallback=enabled
---
Log.SchemaVersion=2
Log.SessionId=20260815T125835.779Z-22340-4D1702782F3
Event.Sequence=45
Event.Utc=2026-08-15T12:58:36.215Z
Event.MonotonicUs=436931
Event.ProcessId=22340
Event.ThreadId=355892
Event.Level=Info
Event.Name=Configuration.Applied
Configuration.Reason=control-generation
Configuration.SchemaVersion=7
Effects.Enabled=true
Effects.ClickEnabled=true
Effects.TrailEnabled=true
Effects.GlobalScale=1.000
Effects.TrailLength=1.000
Effects.TrailWidth=1.000
Effects.BloomIntensity=1.000
Effects.BloomQuality=high
Effects.BloomDiffusion=7.000
Background.Mode=background-aware
Background.CursorExcluded=true
Background.AllowSystemBorder=false
Input.LeftClick=true
Input.RightClick=true
Input.MiddleClick=false
Input.SamplingRateHz=0
Input.TrailOnlyWhilePressed=true
Performance.IdleOptimization=true
Performance.FramePacing=match-display
Output.Width=3840
Output.Height=2160
---
Log.SchemaVersion=2
Log.SessionId=20260815T125835.779Z-22340-4D1702782F3
Event.Sequence=46
Event.Utc=2026-08-15T12:58:36.269Z
Event.MonotonicUs=490203
Event.ProcessId=22340
Event.ThreadId=355892
Event.Level=Info
Event.Name=BackgroundCapture.Transaction.Begin
Control.Generation=3
Display.Target.Monitor=0xFFFFFFFF8E350B1F
Display.Target.Device=\\.\DISPLAY20
Display.Target.Bounds=3840x2160@0,0
Display.Target.ApplyBounds=false
---
Log.SchemaVersion=2
Log.SessionId=20260815T125835.779Z-22340-4D1702782F3
Event.Sequence=47
Event.Utc=2026-08-15T12:58:36.269Z
Event.MonotonicUs=490610
Event.ProcessId=22340
Event.ThreadId=355892
Event.Level=Info
Event.Name=Message
Event.Message=BackgroundCapture.Action.Begin=stop-sensor;Index=0
---
Log.SchemaVersion=2
Log.SessionId=20260815T125835.779Z-22340-4D1702782F3
Event.Sequence=48
Event.Utc=2026-08-15T12:58:36.270Z
Event.MonotonicUs=490946
Event.ProcessId=22340
Event.ThreadId=355892
Event.Level=Info
Event.Name=Message
Event.Message=BackgroundCapture.Stop.Phase=transaction;WGC.Stop.SensorPresent=false;WGC.Stop.FrameArrivedUnregisterFailed=false;WGC.Stop.ItemClosedUnregisterFailed=false;WGC.Stop.SessionCloseFailed=false;WGC.Stop.FramePoolCloseFailed=false;WGC.Stop.OwnerThreadMismatch=false;WGC.Stop.Completed=true;WGC.Stop.OverallSucceeded=true;WGC.Stop.DeferredReport=false;WGC.Stop.FrameArrivedUnregisterUs=0;WGC.Stop.ItemClosedUnregisterUs=0;WGC.Stop.SessionCloseUs=0;WGC.Stop.FramePoolCloseUs=0;WGC.Stop.TotalUs=0
---
Log.SchemaVersion=2
Log.SessionId=20260815T125835.779Z-22340-4D1702782F3
Event.Sequence=49
Event.Utc=2026-08-15T12:58:36.270Z
Event.MonotonicUs=491287
Event.ProcessId=22340
Event.ThreadId=355892
Event.Level=Info
Event.Name=Message
Event.Message=BackgroundCapture.Action.End=stop-sensor;Index=0;Succeeded=true;ElapsedUs=697
---
Log.SchemaVersion=2
Log.SessionId=20260815T125835.779Z-22340-4D1702782F3
Event.Sequence=50
Event.Utc=2026-08-15T12:58:36.270Z
Event.MonotonicUs=491635
Event.ProcessId=22340
Event.ThreadId=355892
Event.Level=Info
Event.Name=Message
Event.Message=BackgroundCapture.Action.Begin=set-affinity-excluded;Index=1
---
Log.SchemaVersion=2
Log.SessionId=20260815T125835.779Z-22340-4D1702782F3
Event.Sequence=51
Event.Utc=2026-08-15T12:58:36.273Z
Event.MonotonicUs=493986
Event.ProcessId=22340
Event.ThreadId=355892
Event.Level=Info
Event.Name=Message
Event.Message=Capture.Exclusion.Requested=0x00000011;Observed=0x00000011;Set=succeeded;SetError=0x00000000;Query=succeeded;QueryError=0x00000000
---
Log.SchemaVersion=2
Log.SessionId=20260815T125835.779Z-22340-4D1702782F3
Event.Sequence=52
Event.Utc=2026-08-15T12:58:36.273Z
Event.MonotonicUs=494315
Event.ProcessId=22340
Event.ThreadId=355892
Event.Level=Info
Event.Name=Message
Event.Message=BackgroundCapture.Action.End=set-affinity-excluded;Index=1;Succeeded=true;ElapsedUs=2683
---
Log.SchemaVersion=2
Log.SessionId=20260815T125835.779Z-22340-4D1702782F3
Event.Sequence=53
Event.Utc=2026-08-15T12:58:36.273Z
Event.MonotonicUs=494625
Event.ProcessId=22340
Event.ThreadId=355892
Event.Level=Info
Event.Name=Message
Event.Message=BackgroundCapture.Action.Begin=apply-overlay-profile;Index=2
---
Log.SchemaVersion=2
Log.SessionId=20260815T125835.779Z-22340-4D1702782F3
Event.Sequence=54
Event.Utc=2026-08-15T12:58:36.274Z
Event.MonotonicUs=494935
Event.ProcessId=22340
Event.ThreadId=355892
Event.Level=Info
Event.Name=Message
Event.Message=BackgroundCapture.Action.End=apply-overlay-profile;Index=2;Succeeded=true;ElapsedUs=309
---
Log.SchemaVersion=2
Log.SessionId=20260815T125835.779Z-22340-4D1702782F3
Event.Sequence=55
Event.Utc=2026-08-15T12:58:36.274Z
Event.MonotonicUs=495241
Event.ProcessId=22340
Event.ThreadId=355892
Event.Level=Info
Event.Name=Message
Event.Message=BackgroundCapture.Action.Begin=start-sensor;Index=3
---
Log.SchemaVersion=2
Log.SessionId=20260815T125835.779Z-22340-4D1702782F3
Event.Sequence=56
Event.Utc=2026-08-15T12:58:36.343Z
Event.MonotonicUs=564228
Event.ProcessId=22340
Event.ThreadId=355892
Event.Level=Info
Event.Name=Message
Event.Message=BackgroundCapture.Action.End=start-sensor;Index=3;Succeeded=true;ElapsedUs=68658
---
Log.SchemaVersion=2
Log.SessionId=20260815T125835.779Z-22340-4D1702782F3
Event.Sequence=57
Event.Utc=2026-08-15T12:58:36.343Z
Event.MonotonicUs=564822
Event.ProcessId=22340
Event.ThreadId=355892
Event.Level=Info
Event.Name=Message
Event.Message=BackgroundCapture.Transaction.End;Actions=4;ElapsedUs=74560
---
Log.SchemaVersion=2
Log.SessionId=20260815T125835.779Z-22340-4D1702782F3
Event.Sequence=58
Event.Utc=2026-08-15T12:58:36.344Z
Event.MonotonicUs=565194
Event.ProcessId=22340
Event.ThreadId=355892
Event.Level=Info
Event.Name=Message
Event.Message=BackgroundCapture.ResourceLedger.Phase=transaction;WGC.ResourceLedger.FramesAcquired=1;FramesClosed=1;FramePoolsCreated=2;FramePoolsClosed=1;FramePoolsRecreated=0;SessionsCreated=2;SessionsClosed=1;FrameArrivedRegistrations=2;FrameArrivedUnregistrations=1;ItemClosedRegistrations=2;ItemClosedUnregistrations=1;LiveFrames=0;LiveFramePools=1;LiveSessions=1;LiveFrameArrivedRegistrations=1;LiveItemClosedRegistrations=1;Failures=0;AllReleased=false
---
Log.SchemaVersion=2
Log.SessionId=20260815T125835.779Z-22340-4D1702782F3
Event.Sequence=59
Event.Utc=2026-08-15T12:58:36.344Z
Event.MonotonicUs=565536
Event.ProcessId=22340
Event.ThreadId=355892
Event.Level=Info
Event.Name=Message
Event.Message=WGC capture session active; system-border=visible-allowed; cursor=excluded
---
Log.SchemaVersion=2
Log.SessionId=20260815T125835.779Z-22340-4D1702782F3
Event.Sequence=60
Event.Utc=2026-08-15T12:58:36.344Z
Event.MonotonicUs=565878
Event.ProcessId=22340
Event.ThreadId=355892
Event.Level=Info
Event.Name=SupportReport
Report.GeneratedUtc=2026-08-15T12:58:36.344Z
Product.Name=ba-click-fx-desktop
Product.Version=0.1.0-alpha.12
Status=Ready
Support.Scope=single-primary-monitor;fx-only-or-wgc;sdr-tested
Support.HDR=not-supported
Support.WGC=active
Support.MultiDisplay=not-supported
Configuration.SchemaVersion=7
IPC.ControlService=active
OS.Version=10.0.19045
OS.Architecture=x64
Display.Primary=3840x2160@0,0
Display.PrimaryDpi=144
Display.RefreshRateSource=dwm-composition-timing
Display.RefreshRateNumerator=144
Display.RefreshRateDenominator=1
Display.RefreshRateHz=144.000
Display.RefreshPeriodUs=6944.444
Display.ColorMode=rgb-full-g22-p709;capability-only;luminance-valid;alpha-scope-sdr-only
Display.DxgiColorSpaceValue=0x00000000
Display.BitsPerColor=8
Display.MinLuminanceNits=0.500
Display.MaxLuminanceNits=270.000
Display.MaxFullFrameLuminanceNits=270.000
Log.Path=C:\Users\Admin\AppData\Local\Temp\bafx-borderless-current-head-158db9f8\ba-click-fx-desktop-support.log
Log.SchemaVersion=2
Log.SessionId=20260815T125835.779Z-22340-4D1702782F3
Graphics.DriverType=Hardware
Graphics.Adapter=NVIDIA GeForce RTX 4060 Laptop GPU
Graphics.AdapterLuid=00000000:0001153F
Graphics.VendorId=0x000010DE
Graphics.DeviceId=0x000028E0
Graphics.SubsystemId=0x199D1043
Graphics.Revision=161
Graphics.DedicatedVideoMemory=8342470656
Graphics.DedicatedSystemMemory=0
Graphics.SharedSystemMemory=16760870912
Graphics.DriverVersion=32.0.16.1074
Graphics.FeatureLevel=11_1
Graphics.HardwareCreateHResult=0x00000000
Graphics.HardwareFallback=none
Exit.PrimaryHotKey=registered
Exit.FallbackHotKey=polling-fallback
Exit.NotificationIcon=available
Exit.PollingFallback=enabled
---
Log.SchemaVersion=2
Log.SessionId=20260815T125835.779Z-22340-4D1702782F3
Event.Sequence=61
Event.Utc=2026-08-15T12:58:36.345Z
Event.MonotonicUs=566246
Event.ProcessId=22340
Event.ThreadId=355892
Event.Level=Info
Event.Name=Configuration.Applied
Configuration.Reason=control-generation
Configuration.SchemaVersion=7
Effects.Enabled=true
Effects.ClickEnabled=true
Effects.TrailEnabled=true
Effects.GlobalScale=1.000
Effects.TrailLength=1.000
Effects.TrailWidth=1.000
Effects.BloomIntensity=1.000
Effects.BloomQuality=high
Effects.BloomDiffusion=7.000
Background.Mode=background-aware
Background.CursorExcluded=true
Background.AllowSystemBorder=true
Input.LeftClick=true
Input.RightClick=true
Input.MiddleClick=false
Input.SamplingRateHz=0
Input.TrailOnlyWhilePressed=true
Performance.IdleOptimization=true
Performance.FramePacing=match-display
Output.Width=3840
Output.Height=2160
---
Log.SchemaVersion=2
Log.SessionId=20260815T125835.779Z-22340-4D1702782F3
Event.Sequence=62
Event.Utc=2026-08-15T12:58:42.159Z
Event.MonotonicUs=6379934
Event.ProcessId=22340
Event.ThreadId=355892
Event.Level=Info
Event.Name=BackgroundComposite.Participated
Control.Generation=3
Frame.Id=28125
WGC.Epoch=2
WGC.Generation=116
BackgroundSnapshot.Epoch=2
BackgroundSnapshot.Generation=116
---
Log.SchemaVersion=2
Log.SessionId=20260815T125835.779Z-22340-4D1702782F3
Event.Sequence=63
Event.Utc=2026-08-15T12:58:42.159Z
Event.MonotonicUs=6380669
Event.ProcessId=22340
Event.ThreadId=355892
Event.Level=Info
Event.Name=Message
Event.Message=WGC background sample entered the final desktop composite
---
Log.SchemaVersion=2
Log.SessionId=20260815T125835.779Z-22340-4D1702782F3
Event.Sequence=64
Event.Utc=2026-08-15T12:58:42.179Z
Event.MonotonicUs=6400071
Event.ProcessId=22340
Event.ThreadId=355892
Event.Level=Info
Event.Name=Performance.Interval
Configuration.SchemaVersion=7
Effects.Enabled=true
Effects.ClickEnabled=true
Effects.TrailEnabled=true
Effects.GlobalScale=1.000
Effects.TrailLength=1.000
Effects.TrailWidth=1.000
Effects.BloomIntensity=1.000
Effects.BloomQuality=high
Effects.BloomDiffusion=7.000
Background.Mode=background-aware
Background.CursorExcluded=true
Background.AllowSystemBorder=true
Input.LeftClick=true
Input.RightClick=true
Input.MiddleClick=false
Input.SamplingRateHz=0
Input.TrailOnlyWhilePressed=true
Performance.IdleOptimization=true
Performance.FramePacing=match-display
Output.Width=3840
Output.Height=2160
Window.Final=true
Window.DurationUs=6021533
Window.FrameCount=28130
Window.PresentedFps=4671.568
Runtime.Paused=false
Background.CompositeStatus=participating
Timing.CpuSemantic=inclusive-api-call-duration-not-gpu-execution
Timing.PresentSemantic=Present-call-return-not-dwm-composition-or-scanout
Timing.PresentMode=interval-0-frame-latency-gated
Timing.InputSemantic=input-to-Present-return-not-photon-latency
Timing.GpuSemantic=asynchronous-D3D11-timestamp-command-execution-not-Present-DWM-or-scanout
GPU.SampleCompletionSemantic=completed-sample-may-belong-to-an-older-reporting-window
GPU.StageApplicabilitySemantic=WGC-drain-attempted-snapshot-attempted-and-visual-FX-only
ROI.ProductionPath=full-screen-fallback
ROI.VisualBounds.LastStatus=ok
ROI.Plan.LastStatus=ok
ROI.VisualBounds.OkFrames=6
ROI.VisualBounds.EmptyFrames=28124
ROI.VisualBounds.InvalidFrames=0
ROI.VisualBounds.OverflowFrames=0
ROI.DirtyRect.Frames=6
ROI.Plan.OkFrames=6
ROI.Plan.EmptyFrames=28124
ROI.Plan.InvalidRectFrames=0
ROI.Plan.InvalidFootprintFrames=0
ROI.Plan.OverflowFrames=0
WGC.ProducerSemantic=FrameArrived-callback-rate-proxy
Diagnostics.PreviousLogWriteCpuUs=0
WGC.ActiveFrames=27870
WGC.MaintenanceCycles=0
WGC.DrainPolicy=visible-every-frame-idle-sensor-only-max-20hz
WGC.DrainAttemptedFrames=123
WGC.VisibleDrainAttemptedFrames=6
WGC.IdleDrainAttemptedFrames=117
WGC.IdleDrainThrottledFrames=27747
WGC.ProducerCallbacks=230
WGC.ProducerCallbackFps=38.196
WGC.FramesAcquired=228
WGC.FramesSuperseded=109
WGC.TimestampRejectedFrames=0
WGC.OwnedCopiesSubmitted=119
WGC.SamplesAccepted=119
WGC.AcceptedFps=19.762
Background.SnapshotAttempts=3
Background.SnapshotsRefreshed=3
Background.ParticipatingFrames=6
WGC.CaptureExclusion.HealthChecks=5
WGC.CaptureExclusion.HealthFailures=0
WGC.CaptureExclusion.HealthPolicy=one-hz-query-stop-then-fx-only
Input.RawMessages=0
Input.MoveEvents=0
Input.ButtonEdges=0
Input.CancelEvents=0
Input.CompactedMoveEvents=0
Input.OverflowMoveDrops=0
Input.MessageTimeUnavailable=0
MessagePump.InputDispatched=0
MessagePump.OtherDispatched=7
MessagePump.InputBudgetExhaustions=0
MessagePump.OtherBudgetExhaustions=0
FramePacing.FrameReadyWakes=28130
FramePacing.DeviceRemovedWakes=0
FramePacing.MessageWakes=1
FramePacing.Timeouts=0
FramePacing.Failures=0
GPU.TimestampProfiler.Observed=true
GPU.TimestampProfiler.Available=true
GPU.TimestampProfiler.InitializationHresult=0x00000000
GPU.FramesStarted=28130
GPU.FramesSubmitted=28130
GPU.PendingPolls=0
GPU.RingFullSkipped=0
GPU.SamplesCompleted=28129
GPU.CancelledSlotsReclaimed=0
GPU.DisjointSamples=0
GPU.QueryFailures=0
GPU.StateErrors=0
Cpu.FrameTotal.Available=true
Cpu.FrameTotal.Unit=us
Cpu.FrameTotal.Samples=28130
Cpu.FrameTotal.RecordedSamples=4096
Cpu.FrameTotal.DroppedSamples=24034
Cpu.FrameTotal.Min=43
Cpu.FrameTotal.Average=60.748
Cpu.FrameTotal.P50=57
Cpu.FrameTotal.P95=72
Cpu.FrameTotal.P99=104
Cpu.FrameTotal.Max=1982
Cpu.WgcDrainInclusive.Available=true
Cpu.WgcDrainInclusive.Unit=us
Cpu.WgcDrainInclusive.Samples=123
Cpu.WgcDrainInclusive.RecordedSamples=123
Cpu.WgcDrainInclusive.DroppedSamples=0
Cpu.WgcDrainInclusive.Min=0
Cpu.WgcDrainInclusive.Average=131.748
Cpu.WgcDrainInclusive.P50=112
Cpu.WgcDrainInclusive.P95=198
Cpu.WgcDrainInclusive.P99=560
Cpu.WgcDrainInclusive.Max=1109
Cpu.WgcOwnedCopySubmit.Available=true
Cpu.WgcOwnedCopySubmit.Unit=us
Cpu.WgcOwnedCopySubmit.Samples=119
Cpu.WgcOwnedCopySubmit.RecordedSamples=119
Cpu.WgcOwnedCopySubmit.DroppedSamples=0
Cpu.WgcOwnedCopySubmit.Min=1
Cpu.WgcOwnedCopySubmit.Average=2.017
Cpu.WgcOwnedCopySubmit.P50=2
Cpu.WgcOwnedCopySubmit.P95=3
Cpu.WgcOwnedCopySubmit.P99=5
Cpu.WgcOwnedCopySubmit.Max=9
Cpu.BackgroundSnapshotSubmit.Available=true
Cpu.BackgroundSnapshotSubmit.Unit=us
Cpu.BackgroundSnapshotSubmit.Samples=3
Cpu.BackgroundSnapshotSubmit.RecordedSamples=3
Cpu.BackgroundSnapshotSubmit.DroppedSamples=0
Cpu.BackgroundSnapshotSubmit.Min=8
Cpu.BackgroundSnapshotSubmit.Average=131.667
Cpu.BackgroundSnapshotSubmit.P50=19
Cpu.BackgroundSnapshotSubmit.P95=368
Cpu.BackgroundSnapshotSubmit.P99=368
Cpu.BackgroundSnapshotSubmit.Max=368
Cpu.FxTotalSubmit.Available=true
Cpu.FxTotalSubmit.Unit=us
Cpu.FxTotalSubmit.Samples=28130
Cpu.FxTotalSubmit.RecordedSamples=4096
Cpu.FxTotalSubmit.DroppedSamples=24034
Cpu.FxTotalSubmit.Min=0
Cpu.FxTotalSubmit.Average=1.038
Cpu.FxTotalSubmit.P50=1
Cpu.FxTotalSubmit.P95=2
Cpu.FxTotalSubmit.P99=3
Cpu.FxTotalSubmit.Max=733
Cpu.FxMaterialsSubmit.Available=true
Cpu.FxMaterialsSubmit.Unit=us
Cpu.FxMaterialsSubmit.Samples=28130
Cpu.FxMaterialsSubmit.RecordedSamples=4096
Cpu.FxMaterialsSubmit.DroppedSamples=24034
Cpu.FxMaterialsSubmit.Min=0
Cpu.FxMaterialsSubmit.Average=0.030
Cpu.FxMaterialsSubmit.P50=0
Cpu.FxMaterialsSubmit.P95=0
Cpu.FxMaterialsSubmit.P99=0
Cpu.FxMaterialsSubmit.Max=630
Cpu.BloomAndCompositeSubmit.Available=true
Cpu.BloomAndCompositeSubmit.Unit=us
Cpu.BloomAndCompositeSubmit.Samples=28130
Cpu.BloomAndCompositeSubmit.RecordedSamples=4096
Cpu.BloomAndCompositeSubmit.DroppedSamples=24034
Cpu.BloomAndCompositeSubmit.Min=0
Cpu.BloomAndCompositeSubmit.Average=0.006
Cpu.BloomAndCompositeSubmit.P50=0
Cpu.BloomAndCompositeSubmit.P95=0
Cpu.BloomAndCompositeSubmit.P99=0
Cpu.BloomAndCompositeSubmit.Max=100
Cpu.DiagnosticReadback.Available=false
Cpu.DiagnosticReadback.Unit=us
Cpu.DiagnosticReadback.Samples=0
Cpu.DiagnosticReadback.RecordedSamples=0
Cpu.DiagnosticReadback.DroppedSamples=0
Cpu.PresentCall.Available=true
Cpu.PresentCall.Unit=us
Cpu.PresentCall.Samples=28130
Cpu.PresentCall.RecordedSamples=4096
Cpu.PresentCall.DroppedSamples=24034
Cpu.PresentCall.Min=19
Cpu.PresentCall.Average=57.933
Cpu.PresentCall.P50=54
Cpu.PresentCall.P95=69
Cpu.PresentCall.P99=88
Cpu.PresentCall.Max=1309
WGC.SampleAge.Available=true
WGC.SampleAge.Unit=us
WGC.SampleAge.Samples=1
WGC.SampleAge.RecordedSamples=1
WGC.SampleAge.DroppedSamples=0
WGC.SampleAge.Min=12770
WGC.SampleAge.Average=12770.000
WGC.SampleAge.P50=12770
WGC.SampleAge.P95=12770
WGC.SampleAge.P99=12770
WGC.SampleAge.Max=12770
Input.PendingEvents.Available=false
Input.PendingEvents.Unit=events
Input.PendingEvents.Samples=0
Input.PendingEvents.RecordedSamples=0
Input.PendingEvents.DroppedSamples=0
Input.Win32QueueAge.Available=false
Input.Win32QueueAge.Unit=ms
Input.Win32QueueAge.Samples=0
Input.Win32QueueAge.RecordedSamples=0
Input.Win32QueueAge.DroppedSamples=0
Input.DispatchToPresentReturn.Available=false
Input.DispatchToPresentReturn.Unit=us
Input.DispatchToPresentReturn.Samples=0
Input.DispatchToPresentReturn.RecordedSamples=0
Input.DispatchToPresentReturn.DroppedSamples=0
Input.MessageToPresentReturn.Available=false
Input.MessageToPresentReturn.Unit=ms
Input.MessageToPresentReturn.Samples=0
Input.MessageToPresentReturn.RecordedSamples=0
Input.MessageToPresentReturn.DroppedSamples=0
ROI.FullScreenPixels.Available=true
ROI.FullScreenPixels.Unit=pixels
ROI.FullScreenPixels.Samples=28130
ROI.FullScreenPixels.RecordedSamples=4096
ROI.FullScreenPixels.DroppedSamples=24034
ROI.FullScreenPixels.Min=8294400
ROI.FullScreenPixels.Average=8294400.000
ROI.FullScreenPixels.P50=8294400
ROI.FullScreenPixels.P95=8294400
ROI.FullScreenPixels.P99=8294400
ROI.FullScreenPixels.Max=8294400
ROI.BloomOutputPixels.Available=true
ROI.BloomOutputPixels.Unit=pixels
ROI.BloomOutputPixels.Samples=6
ROI.BloomOutputPixels.RecordedSamples=6
ROI.BloomOutputPixels.DroppedSamples=0
ROI.BloomOutputPixels.Min=2862864
ROI.BloomOutputPixels.Average=2955686.833
ROI.BloomOutputPixels.P50=2967000
ROI.BloomOutputPixels.P95=2989441
ROI.BloomOutputPixels.P99=2989441
ROI.BloomOutputPixels.Max=2989441
ROI.AlignedWorkPixels.Available=true
ROI.AlignedWorkPixels.Unit=pixels
ROI.AlignedWorkPixels.Samples=6
ROI.AlignedWorkPixels.RecordedSamples=6
ROI.AlignedWorkPixels.DroppedSamples=0
ROI.AlignedWorkPixels.Min=3440640
ROI.AlignedWorkPixels.Average=3440640.000
ROI.AlignedWorkPixels.P50=3440640
ROI.AlignedWorkPixels.P95=3440640
ROI.AlignedWorkPixels.P99=3440640
ROI.AlignedWorkPixels.Max=3440640
ROI.GuardX.Available=true
ROI.GuardX.Unit=pixels
ROI.GuardX.Samples=6
ROI.GuardX.RecordedSamples=6
ROI.GuardX.DroppedSamples=0
ROI.GuardX.Min=762
ROI.GuardX.Average=762.000
ROI.GuardX.P50=762
ROI.GuardX.P95=762
ROI.GuardX.P99=762
ROI.GuardX.Max=762
ROI.GuardY.Available=true
ROI.GuardY.Unit=pixels
ROI.GuardY.Samples=6
ROI.GuardY.RecordedSamples=6
ROI.GuardY.DroppedSamples=0
ROI.GuardY.Min=762
ROI.GuardY.Average=762.000
ROI.GuardY.P50=762
ROI.GuardY.P95=762
ROI.GuardY.P99=762
ROI.GuardY.Max=762
ROI.PhasePeriod.Available=true
ROI.PhasePeriod.Unit=pixels
ROI.PhasePeriod.Samples=6
ROI.PhasePeriod.RecordedSamples=6
ROI.PhasePeriod.DroppedSamples=0
ROI.PhasePeriod.Min=128
ROI.PhasePeriod.Average=128.000
ROI.PhasePeriod.P50=128
ROI.PhasePeriod.P95=128
ROI.PhasePeriod.P99=128
ROI.PhasePeriod.Max=128
ROI.LastDirtyRect.Available=true
ROI.LastDirtyRect.Left=1820
ROI.LastDirtyRect.Top=976
ROI.LastDirtyRect.Right=2025
ROI.LastDirtyRect.Bottom=1181
ROI.LastBloomOutput.Available=true
ROI.LastBloomOutput.Left=1058
ROI.LastBloomOutput.Top=214
ROI.LastBloomOutput.Right=2787
ROI.LastBloomOutput.Bottom=1943
ROI.LastAlignedWork.Available=true
ROI.LastAlignedWork.Left=1024
ROI.LastAlignedWork.Top=128
ROI.LastAlignedWork.Right=2816
ROI.LastAlignedWork.Bottom=2048
GPU.PendingFrames.Available=true
GPU.PendingFrames.Unit=slots
GPU.PendingFrames.Samples=28130
GPU.PendingFrames.RecordedSamples=4096
GPU.PendingFrames.DroppedSamples=24034
GPU.PendingFrames.Min=1
GPU.PendingFrames.Average=1.000
GPU.PendingFrames.P50=1
GPU.PendingFrames.P95=1
GPU.PendingFrames.P99=1
GPU.PendingFrames.Max=1
GPU.WgcDrainAndCopy.Available=true
GPU.WgcDrainAndCopy.Unit=us
GPU.WgcDrainAndCopy.Samples=122
GPU.WgcDrainAndCopy.RecordedSamples=122
GPU.WgcDrainAndCopy.DroppedSamples=0
GPU.WgcDrainAndCopy.Min=0
GPU.WgcDrainAndCopy.Average=383.410
GPU.WgcDrainAndCopy.P50=277
GPU.WgcDrainAndCopy.P95=333
GPU.WgcDrainAndCopy.P99=2398
GPU.WgcDrainAndCopy.Max=9895
GPU.BackgroundSnapshot.Available=true
GPU.BackgroundSnapshot.Unit=us
GPU.BackgroundSnapshot.Samples=3
GPU.BackgroundSnapshot.RecordedSamples=3
GPU.BackgroundSnapshot.DroppedSamples=0
GPU.BackgroundSnapshot.Min=209
GPU.BackgroundSnapshot.Average=210.333
GPU.BackgroundSnapshot.P50=211
GPU.BackgroundSnapshot.P95=211
GPU.BackgroundSnapshot.P99=211
GPU.BackgroundSnapshot.Max=211
GPU.FxMaterials.Available=true
GPU.FxMaterials.Unit=us
GPU.FxMaterials.Samples=5
GPU.FxMaterials.RecordedSamples=5
GPU.FxMaterials.DroppedSamples=0
GPU.FxMaterials.Min=43
GPU.FxMaterials.Average=75.400
GPU.FxMaterials.P50=53
GPU.FxMaterials.P95=178
GPU.FxMaterials.P99=178
GPU.FxMaterials.Max=178
GPU.BloomAndFinalComposite.Available=true
GPU.BloomAndFinalComposite.Unit=us
GPU.BloomAndFinalComposite.Samples=5
GPU.BloomAndFinalComposite.RecordedSamples=5
GPU.BloomAndFinalComposite.DroppedSamples=0
GPU.BloomAndFinalComposite.Min=751
GPU.BloomAndFinalComposite.Average=1015.200
GPU.BloomAndFinalComposite.P50=766
GPU.BloomAndFinalComposite.P95=2031
GPU.BloomAndFinalComposite.P99=2031
GPU.BloomAndFinalComposite.Max=2031
GPU.FxTotal.Available=true
GPU.FxTotal.Unit=us
GPU.FxTotal.Samples=5
GPU.FxTotal.RecordedSamples=5
GPU.FxTotal.DroppedSamples=0
GPU.FxTotal.Min=804
GPU.FxTotal.Average=1091.000
GPU.FxTotal.P50=815
GPU.FxTotal.P95=2074
GPU.FxTotal.P99=2074
GPU.FxTotal.Max=2074
GPU.RenderCommandSpan.Available=true
GPU.RenderCommandSpan.Unit=us
GPU.RenderCommandSpan.Samples=28129
GPU.RenderCommandSpan.RecordedSamples=4096
GPU.RenderCommandSpan.DroppedSamples=24033
GPU.RenderCommandSpan.Min=19
GPU.RenderCommandSpan.Average=82.090
GPU.RenderCommandSpan.P50=65
GPU.RenderCommandSpan.P95=76
GPU.RenderCommandSpan.P99=310
GPU.RenderCommandSpan.Max=11062
---
Log.SchemaVersion=2
Log.SessionId=20260815T125835.779Z-22340-4D1702782F3
Event.Sequence=65
Event.Utc=2026-08-15T12:58:42.179Z
Event.MonotonicUs=6400695
Event.ProcessId=22340
Event.ThreadId=355892
Event.Level=Info
Event.Name=Message
Event.Message=WGC final composite summary; composite-frames=6; rendered-frames=28130
---
Log.SchemaVersion=2
Log.SessionId=20260815T125835.779Z-22340-4D1702782F3
Event.Sequence=66
Event.Utc=2026-08-15T12:58:42.180Z
Event.MonotonicUs=6401071
Event.ProcessId=22340
Event.ThreadId=355892
Event.Level=Info
Event.Name=BackgroundCapture.StopProgress
WGC.Stop.Stage=stop
WGC.Stop.StageState=begin
WGC.Stop.OwnerThreadId=355892
WGC.Stop.CallerThreadId=355892
WGC.Stop.OwnerThreadMatched=true
WGC.Stop.WatchdogArmed=true
WGC.Stop.WatchdogArmStatus=accepted
WGC.Stop.WatchdogTimeoutMs=10000
---
Log.SchemaVersion=2
Log.SessionId=20260815T125835.779Z-22340-4D1702782F3
Event.Sequence=67
Event.Utc=2026-08-15T12:58:42.180Z
Event.MonotonicUs=6401410
Event.ProcessId=22340
Event.ThreadId=355892
Event.Level=Info
Event.Name=BackgroundCapture.StopProgress
WGC.Stop.Stage=frame-arrived-unregister
WGC.Stop.StageState=begin
WGC.Stop.OwnerThreadId=355892
WGC.Stop.CallerThreadId=355892
WGC.Stop.OwnerThreadMatched=true
WGC.Stop.WatchdogArmed=true
WGC.Stop.WatchdogArmStatus=not-requested
WGC.Stop.WatchdogTimeoutMs=10000
---
Log.SchemaVersion=2
Log.SessionId=20260815T125835.779Z-22340-4D1702782F3
Event.Sequence=68
Event.Utc=2026-08-15T12:58:42.180Z
Event.MonotonicUs=6401767
Event.ProcessId=22340
Event.ThreadId=355892
Event.Level=Info
Event.Name=BackgroundCapture.StopProgress
WGC.Stop.Stage=frame-arrived-unregister
WGC.Stop.StageState=succeeded
WGC.Stop.OwnerThreadId=355892
WGC.Stop.CallerThreadId=355892
WGC.Stop.OwnerThreadMatched=true
WGC.Stop.WatchdogArmed=true
WGC.Stop.WatchdogArmStatus=not-requested
WGC.Stop.WatchdogTimeoutMs=10000
---
Log.SchemaVersion=2
Log.SessionId=20260815T125835.779Z-22340-4D1702782F3
Event.Sequence=69
Event.Utc=2026-08-15T12:58:42.181Z
Event.MonotonicUs=6402119
Event.ProcessId=22340
Event.ThreadId=355892
Event.Level=Info
Event.Name=BackgroundCapture.StopProgress
WGC.Stop.Stage=item-closed-unregister
WGC.Stop.StageState=begin
WGC.Stop.OwnerThreadId=355892
WGC.Stop.CallerThreadId=355892
WGC.Stop.OwnerThreadMatched=true
WGC.Stop.WatchdogArmed=true
WGC.Stop.WatchdogArmStatus=not-requested
WGC.Stop.WatchdogTimeoutMs=10000
---
Log.SchemaVersion=2
Log.SessionId=20260815T125835.779Z-22340-4D1702782F3
Event.Sequence=70
Event.Utc=2026-08-15T12:58:42.181Z
Event.MonotonicUs=6402445
Event.ProcessId=22340
Event.ThreadId=355892
Event.Level=Info
Event.Name=BackgroundCapture.StopProgress
WGC.Stop.Stage=item-closed-unregister
WGC.Stop.StageState=succeeded
WGC.Stop.OwnerThreadId=355892
WGC.Stop.CallerThreadId=355892
WGC.Stop.OwnerThreadMatched=true
WGC.Stop.WatchdogArmed=true
WGC.Stop.WatchdogArmStatus=not-requested
WGC.Stop.WatchdogTimeoutMs=10000
---
Log.SchemaVersion=2
Log.SessionId=20260815T125835.779Z-22340-4D1702782F3
Event.Sequence=71
Event.Utc=2026-08-15T12:58:42.181Z
Event.MonotonicUs=6402763
Event.ProcessId=22340
Event.ThreadId=355892
Event.Level=Info
Event.Name=BackgroundCapture.StopProgress
WGC.Stop.Stage=session-close
WGC.Stop.StageState=begin
WGC.Stop.OwnerThreadId=355892
WGC.Stop.CallerThreadId=355892
WGC.Stop.OwnerThreadMatched=true
WGC.Stop.WatchdogArmed=true
WGC.Stop.WatchdogArmStatus=not-requested
WGC.Stop.WatchdogTimeoutMs=10000
---
Log.SchemaVersion=2
Log.SessionId=20260815T125835.779Z-22340-4D1702782F3
Event.Sequence=72
Event.Utc=2026-08-15T12:58:42.183Z
Event.MonotonicUs=6403894
Event.ProcessId=22340
Event.ThreadId=355892
Event.Level=Info
Event.Name=BackgroundCapture.StopProgress
WGC.Stop.Stage=session-close
WGC.Stop.StageState=succeeded
WGC.Stop.OwnerThreadId=355892
WGC.Stop.CallerThreadId=355892
WGC.Stop.OwnerThreadMatched=true
WGC.Stop.WatchdogArmed=true
WGC.Stop.WatchdogArmStatus=not-requested
WGC.Stop.WatchdogTimeoutMs=10000
---
Log.SchemaVersion=2
Log.SessionId=20260815T125835.779Z-22340-4D1702782F3
Event.Sequence=73
Event.Utc=2026-08-15T12:58:42.183Z
Event.MonotonicUs=6404242
Event.ProcessId=22340
Event.ThreadId=355892
Event.Level=Info
Event.Name=BackgroundCapture.StopProgress
WGC.Stop.Stage=frame-pool-close
WGC.Stop.StageState=begin
WGC.Stop.OwnerThreadId=355892
WGC.Stop.CallerThreadId=355892
WGC.Stop.OwnerThreadMatched=true
WGC.Stop.WatchdogArmed=true
WGC.Stop.WatchdogArmStatus=not-requested
WGC.Stop.WatchdogTimeoutMs=10000
---
Log.SchemaVersion=2
Log.SessionId=20260815T125835.779Z-22340-4D1702782F3
Event.Sequence=74
Event.Utc=2026-08-15T12:58:42.183Z
Event.MonotonicUs=6404572
Event.ProcessId=22340
Event.ThreadId=355892
Event.Level=Info
Event.Name=BackgroundCapture.StopProgress
WGC.Stop.Stage=frame-pool-close
WGC.Stop.StageState=succeeded
WGC.Stop.OwnerThreadId=355892
WGC.Stop.CallerThreadId=355892
WGC.Stop.OwnerThreadMatched=true
WGC.Stop.WatchdogArmed=true
WGC.Stop.WatchdogArmStatus=not-requested
WGC.Stop.WatchdogTimeoutMs=10000
---
Log.SchemaVersion=2
Log.SessionId=20260815T125835.779Z-22340-4D1702782F3
Event.Sequence=75
Event.Utc=2026-08-15T12:58:42.184Z
Event.MonotonicUs=6405297
Event.ProcessId=22340
Event.ThreadId=355892
Event.Level=Info
Event.Name=BackgroundCapture.StopProgress
WGC.Stop.Stage=stop
WGC.Stop.StageState=succeeded
WGC.Stop.OwnerThreadId=355892
WGC.Stop.CallerThreadId=355892
WGC.Stop.OwnerThreadMatched=true
WGC.Stop.WatchdogArmed=false
WGC.Stop.WatchdogArmStatus=not-requested
WGC.Stop.WatchdogTimeoutMs=10000
---
Log.SchemaVersion=2
Log.SessionId=20260815T125835.779Z-22340-4D1702782F3
Event.Sequence=76
Event.Utc=2026-08-15T12:58:42.184Z
Event.MonotonicUs=6405628
Event.ProcessId=22340
Event.ThreadId=355892
Event.Level=Info
Event.Name=Message
Event.Message=BackgroundCapture.Stop.Phase=shutdown;WGC.Stop.SensorPresent=true;WGC.Stop.FrameArrivedUnregisterFailed=false;WGC.Stop.ItemClosedUnregisterFailed=false;WGC.Stop.SessionCloseFailed=false;WGC.Stop.FramePoolCloseFailed=false;WGC.Stop.OwnerThreadMismatch=false;WGC.Stop.Completed=true;WGC.Stop.OverallSucceeded=true;WGC.Stop.DeferredReport=false;WGC.Stop.FrameArrivedUnregisterUs=2;WGC.Stop.ItemClosedUnregisterUs=1;WGC.Stop.SessionCloseUs=743;WGC.Stop.FramePoolCloseUs=2;WGC.Stop.TotalUs=4222
---
Log.SchemaVersion=2
Log.SessionId=20260815T125835.779Z-22340-4D1702782F3
Event.Sequence=77
Event.Utc=2026-08-15T12:58:42.185Z
Event.MonotonicUs=6405943
Event.ProcessId=22340
Event.ThreadId=355892
Event.Level=Info
Event.Name=Message
Event.Message=BackgroundCapture.ResourceLedger.Phase=shutdown;WGC.ResourceLedger.FramesAcquired=228;FramesClosed=228;FramePoolsCreated=2;FramePoolsClosed=2;FramePoolsRecreated=0;SessionsCreated=2;SessionsClosed=2;FrameArrivedRegistrations=2;FrameArrivedUnregistrations=2;ItemClosedRegistrations=2;ItemClosedUnregistrations=2;LiveFrames=0;LiveFramePools=0;LiveSessions=0;LiveFrameArrivedRegistrations=0;LiveItemClosedRegistrations=0;Failures=0;AllReleased=true
---
Log.SchemaVersion=2
Log.SessionId=20260815T125835.779Z-22340-4D1702782F3
Event.Sequence=78
Event.Utc=2026-08-15T12:58:42.185Z
Event.MonotonicUs=6406250
Event.ProcessId=22340
Event.ThreadId=355892
Event.Level=Info
Event.Name=BackgroundSnapshot.Invalidated
Control.Generation=3
Frame.Id=0
WGC.Epoch=2
WGC.Generation=118
BackgroundSnapshot.Epoch=2
BackgroundSnapshot.Generation=118
BackgroundSnapshot.InvalidationReason=capture-disabled
---
Log.SchemaVersion=2
Log.SessionId=20260815T125835.779Z-22340-4D1702782F3
Event.Sequence=79
Event.Utc=2026-08-15T12:58:42.217Z
Event.MonotonicUs=6438315
Event.ProcessId=22340
Event.ThreadId=355892
Event.Level=Info
Event.Name=Process.Exited
---
