Log.SchemaVersion=2
Log.SessionId=20260814T174042.736Z-356820-42FAEFE75B7
Event.Sequence=1
Event.Utc=2026-08-14T17:40:42.736Z
Event.MonotonicUs=10
Event.ProcessId=356820
Event.ThreadId=343280
Event.Level=Info
Event.Name=Process.Startup
Product.Version=0.1.0-alpha.12
Process.Mode=interactive
---
Log.SchemaVersion=2
Log.SessionId=20260814T174042.736Z-356820-42FAEFE75B7
Event.Sequence=2
Event.Utc=2026-08-14T17:40:42.737Z
Event.MonotonicUs=1517
Event.ProcessId=356820
Event.ThreadId=343280
Event.Level=Info
Event.Name=Message
Event.Message=Package.Identity=absent;FullNameError=0x00003D54;PathError=0x00003D54
---
Log.SchemaVersion=2
Log.SessionId=20260814T174042.736Z-356820-42FAEFE75B7
Event.Sequence=3
Event.Utc=2026-08-14T17:40:43.108Z
Event.MonotonicUs=371792
Event.ProcessId=356820
Event.ThreadId=343280
Event.Level=Info
Event.Name=Message
Event.Message=IPC control service started
---
Log.SchemaVersion=2
Log.SessionId=20260814T174042.736Z-356820-42FAEFE75B7
Event.Sequence=4
Event.Utc=2026-08-14T17:40:43.108Z
Event.MonotonicUs=372263
Event.ProcessId=356820
Event.ThreadId=343280
Event.Level=Info
Event.Name=Message
Event.Message=BackgroundCapture.Action.Begin=stop-sensor;Index=0
---
Log.SchemaVersion=2
Log.SessionId=20260814T174042.736Z-356820-42FAEFE75B7
Event.Sequence=5
Event.Utc=2026-08-14T17:40:43.109Z
Event.MonotonicUs=372808
Event.ProcessId=356820
Event.ThreadId=343280
Event.Level=Info
Event.Name=Message
Event.Message=BackgroundCapture.Action.End=stop-sensor;Index=0;Succeeded=true;ElapsedUs=0
---
Log.SchemaVersion=2
Log.SessionId=20260814T174042.736Z-356820-42FAEFE75B7
Event.Sequence=6
Event.Utc=2026-08-14T17:40:43.109Z
Event.MonotonicUs=373318
Event.ProcessId=356820
Event.ThreadId=343280
Event.Level=Info
Event.Name=Message
Event.Message=BackgroundCapture.Action.Begin=set-affinity-included;Index=1
---
Log.SchemaVersion=2
Log.SessionId=20260814T174042.736Z-356820-42FAEFE75B7
Event.Sequence=7
Event.Utc=2026-08-14T17:40:43.109Z
Event.MonotonicUs=373696
Event.ProcessId=356820
Event.ThreadId=343280
Event.Level=Info
Event.Name=Message
Event.Message=Capture.Exclusion.Requested=0x00000000;Observed=0x00000000;Set=succeeded;SetError=0x00000000;Query=succeeded;QueryError=0x00000000
---
Log.SchemaVersion=2
Log.SessionId=20260814T174042.736Z-356820-42FAEFE75B7
Event.Sequence=8
Event.Utc=2026-08-14T17:40:43.110Z
Event.MonotonicUs=374012
Event.ProcessId=356820
Event.ThreadId=343280
Event.Level=Info
Event.Name=Message
Event.Message=BackgroundCapture.Action.End=set-affinity-included;Index=1;Succeeded=true;ElapsedUs=342
---
Log.SchemaVersion=2
Log.SessionId=20260814T174042.736Z-356820-42FAEFE75B7
Event.Sequence=9
Event.Utc=2026-08-14T17:40:43.110Z
Event.MonotonicUs=374298
Event.ProcessId=356820
Event.ThreadId=343280
Event.Level=Info
Event.Name=Message
Event.Message=BackgroundCapture.Action.Begin=apply-overlay-profile;Index=2
---
Log.SchemaVersion=2
Log.SessionId=20260814T174042.736Z-356820-42FAEFE75B7
Event.Sequence=10
Event.Utc=2026-08-14T17:40:43.110Z
Event.MonotonicUs=374572
Event.ProcessId=356820
Event.ThreadId=343280
Event.Level=Info
Event.Name=Message
Event.Message=BackgroundCapture.Action.End=apply-overlay-profile;Index=2;Succeeded=true;ElapsedUs=0
---
Log.SchemaVersion=2
Log.SessionId=20260814T174042.736Z-356820-42FAEFE75B7
Event.Sequence=11
Event.Utc=2026-08-14T17:40:43.111Z
Event.MonotonicUs=374855
Event.ProcessId=356820
Event.ThreadId=343280
Event.Level=Info
Event.Name=Message
Event.Message=BackgroundCapture.Transaction.End;Actions=3;ElapsedUs=2671
---
Log.SchemaVersion=2
Log.SessionId=20260814T174042.736Z-356820-42FAEFE75B7
Event.Sequence=12
Event.Utc=2026-08-14T17:40:43.111Z
Event.MonotonicUs=375150
Event.ProcessId=356820
Event.ThreadId=343280
Event.Level=Info
Event.Name=Message
Event.Message=WGC background capture disabled by configuration; using FX-only rendering
---
Log.SchemaVersion=2
Log.SessionId=20260814T174042.736Z-356820-42FAEFE75B7
Event.Sequence=13
Event.Utc=2026-08-14T17:40:43.111Z
Event.MonotonicUs=375470
Event.ProcessId=356820
Event.ThreadId=343280
Event.Level=Info
Event.Name=SupportReport
Report.GeneratedUtc=2026-08-14T17:40:43.111Z
Product.Name=ba-click-fx-desktop
Product.Version=0.1.0-alpha.12
Status=Ready
Support.Scope=single-primary-monitor;fx-only-or-wgc;sdr-tested
Support.HDR=not-supported
Support.WGC=fallback-fx-only
Support.MultiDisplay=not-supported
Configuration.SchemaVersion=7
IPC.ControlService=active
OS.Version=10.0.19045
OS.Architecture=x64
Display.Primary=3840x2160@0,0
Display.PrimaryDpi=144
Display.RefreshRateSource=dwm-composition-timing
Display.RefreshRateNumerator=170
Display.RefreshRateDenominator=1
Display.RefreshRateHz=170.000
Display.RefreshPeriodUs=5882.353
Display.ColorMode=rgb-full-g22-p709;capability-only;luminance-valid;alpha-scope-sdr-only
Display.DxgiColorSpaceValue=0x00000000
Display.BitsPerColor=10
Display.MinLuminanceNits=0.018
Display.MaxLuminanceNits=1435.000
Display.MaxFullFrameLuminanceNits=1374.000
Log.Path=D:\C++project\ba-click-fx-desktop\artifacts\local\performance-baseline-frame-pacing-v3-c87c83a-20260815\fx-only\ba-click-fx-desktop-support.log
Log.SchemaVersion=2
Log.SessionId=20260814T174042.736Z-356820-42FAEFE75B7
Graphics.DriverType=Hardware
Graphics.Adapter=NVIDIA GeForce RTX 4060 Laptop GPU
Graphics.AdapterLuid=00000000:0001153F
Graphics.VendorId=0x000010DE
Graphics.DeviceId=0x000028E0
Graphics.SubsystemId=0x199D1043
Graphics.Revision=161
Graphics.DedicatedVideoMemory=8342470656
Graphics.DedicatedSystemMemory=0
Graphics.SharedSystemMemory=16760870912
Graphics.DriverVersion=32.0.16.1074
Graphics.FeatureLevel=11_1
Graphics.HardwareCreateHResult=0x00000000
Graphics.HardwareFallback=none
Exit.PrimaryHotKey=registered
Exit.FallbackHotKey=polling-fallback
Exit.NotificationIcon=available
Exit.PollingFallback=enabled
---
Log.SchemaVersion=2
Log.SessionId=20260814T174042.736Z-356820-42FAEFE75B7
Event.Sequence=14
Event.Utc=2026-08-14T17:40:43.111Z
Event.MonotonicUs=375814
Event.ProcessId=356820
Event.ThreadId=343280
Event.Level=Info
Event.Name=Configuration.Applied
Configuration.Reason=startup
Configuration.SchemaVersion=7
Effects.Enabled=true
Effects.ClickEnabled=true
Effects.TrailEnabled=true
Effects.GlobalScale=1.000
Effects.TrailLength=1.000
Effects.TrailWidth=1.000
Effects.BloomIntensity=1.000
Effects.BloomQuality=high
Effects.BloomDiffusion=7.000
Background.Mode=recording-compatible
Background.CursorExcluded=true
Background.AllowSystemBorder=true
Input.LeftClick=true
Input.RightClick=true
Input.MiddleClick=false
Input.SamplingRateHz=0
Input.TrailOnlyWhilePressed=true
Performance.IdleOptimization=true
Performance.FramePacing=match-display
Output.Width=3840
Output.Height=2160
---
Log.SchemaVersion=2
Log.SessionId=20260814T174042.736Z-356820-42FAEFE75B7
Event.Sequence=15
Event.Utc=2026-08-14T17:40:53.119Z
Event.MonotonicUs=10383469
Event.ProcessId=356820
Event.ThreadId=343280
Event.Level=Info
Event.Name=Performance.Interval
Configuration.SchemaVersion=7
Effects.Enabled=true
Effects.ClickEnabled=true
Effects.TrailEnabled=true
Effects.GlobalScale=1.000
Effects.TrailLength=1.000
Effects.TrailWidth=1.000
Effects.BloomIntensity=1.000
Effects.BloomQuality=high
Effects.BloomDiffusion=7.000
Background.Mode=recording-compatible
Background.CursorExcluded=true
Background.AllowSystemBorder=true
Input.LeftClick=true
Input.RightClick=true
Input.MiddleClick=false
Input.SamplingRateHz=0
Input.TrailOnlyWhilePressed=true
Performance.IdleOptimization=true
Performance.FramePacing=match-display
Output.Width=3840
Output.Height=2160
Window.Final=false
Window.DurationUs=10003414
Window.FrameCount=1667
Window.PresentedFps=166.643
Runtime.Paused=false
Background.CompositeStatus=inactive
Timing.CpuSemantic=inclusive-api-call-duration-not-gpu-execution
Timing.PresentSemantic=Present-call-return-not-dwm-composition-or-scanout
Timing.InputSemantic=input-to-Present-return-not-photon-latency
Timing.GpuSemantic=asynchronous-D3D11-timestamp-command-execution-not-Present-DWM-or-scanout
GPU.SampleCompletionSemantic=completed-sample-may-belong-to-an-older-reporting-window
GPU.StageApplicabilitySemantic=WGC-drain-attempted-snapshot-attempted-and-visual-FX-only
WGC.ProducerSemantic=FrameArrived-callback-rate-proxy
Diagnostics.PreviousLogWriteCpuUs=0
WGC.ActiveFrames=0
WGC.DrainPolicy=active-fx-only
WGC.DrainAttemptedFrames=0
WGC.IdleDrainSkippedFrames=0
WGC.ProducerCallbacks=0
WGC.ProducerCallbackFps=0.000
WGC.FramesAcquired=0
WGC.FramesSuperseded=0
WGC.TimestampRejectedFrames=0
WGC.OwnedCopiesSubmitted=0
WGC.SamplesAccepted=0
WGC.AcceptedFps=0.000
Background.SnapshotAttempts=0
Background.SnapshotsRefreshed=0
Background.ParticipatingFrames=0
Input.RawMessages=0
Input.MoveEvents=0
Input.ButtonEdges=0
Input.CancelEvents=0
Input.CompactedMoveEvents=0
Input.OverflowMoveDrops=0
Input.MessageTimeUnavailable=0
MessagePump.InputDispatched=0
MessagePump.OtherDispatched=706
MessagePump.InputBudgetExhaustions=0
MessagePump.OtherBudgetExhaustions=0
FramePacing.FrameReadyWakes=1667
FramePacing.MessageWakes=213
FramePacing.Timeouts=0
FramePacing.Failures=0
GPU.TimestampProfiler.Observed=true
GPU.TimestampProfiler.Available=true
GPU.TimestampProfiler.InitializationHresult=0x00000000
GPU.FramesStarted=1667
GPU.FramesSubmitted=1667
GPU.PendingPolls=0
GPU.RingFullSkipped=0
GPU.SamplesCompleted=1666
GPU.CancelledSlotsReclaimed=0
GPU.DisjointSamples=0
GPU.QueryFailures=0
GPU.StateErrors=0
Cpu.FrameTotal.Available=true
Cpu.FrameTotal.Unit=us
Cpu.FrameTotal.Samples=1667
Cpu.FrameTotal.RecordedSamples=1667
Cpu.FrameTotal.DroppedSamples=0
Cpu.FrameTotal.Min=128
Cpu.FrameTotal.Average=277.911
Cpu.FrameTotal.P50=258
Cpu.FrameTotal.P95=411
Cpu.FrameTotal.P99=529
Cpu.FrameTotal.Max=6076
Cpu.WgcDrainInclusive.Available=false
Cpu.WgcDrainInclusive.Unit=us
Cpu.WgcDrainInclusive.Samples=0
Cpu.WgcDrainInclusive.RecordedSamples=0
Cpu.WgcDrainInclusive.DroppedSamples=0
Cpu.WgcOwnedCopySubmit.Available=false
Cpu.WgcOwnedCopySubmit.Unit=us
Cpu.WgcOwnedCopySubmit.Samples=0
Cpu.WgcOwnedCopySubmit.RecordedSamples=0
Cpu.WgcOwnedCopySubmit.DroppedSamples=0
Cpu.BackgroundSnapshotSubmit.Available=false
Cpu.BackgroundSnapshotSubmit.Unit=us
Cpu.BackgroundSnapshotSubmit.Samples=0
Cpu.BackgroundSnapshotSubmit.RecordedSamples=0
Cpu.BackgroundSnapshotSubmit.DroppedSamples=0
Cpu.FxTotalSubmit.Available=true
Cpu.FxTotalSubmit.Unit=us
Cpu.FxTotalSubmit.Samples=1667
Cpu.FxTotalSubmit.RecordedSamples=1667
Cpu.FxTotalSubmit.DroppedSamples=0
Cpu.FxTotalSubmit.Min=1
Cpu.FxTotalSubmit.Average=42.984
Cpu.FxTotalSubmit.P50=40
Cpu.FxTotalSubmit.P95=70
Cpu.FxTotalSubmit.P99=94
Cpu.FxTotalSubmit.Max=412
Cpu.FxMaterialsSubmit.Available=true
Cpu.FxMaterialsSubmit.Unit=us
Cpu.FxMaterialsSubmit.Samples=1667
Cpu.FxMaterialsSubmit.RecordedSamples=1667
Cpu.FxMaterialsSubmit.DroppedSamples=0
Cpu.FxMaterialsSubmit.Min=0
Cpu.FxMaterialsSubmit.Average=26.588
Cpu.FxMaterialsSubmit.P50=25
Cpu.FxMaterialsSubmit.P95=43
Cpu.FxMaterialsSubmit.P99=62
Cpu.FxMaterialsSubmit.Max=318
Cpu.BloomAndCompositeSubmit.Available=true
Cpu.BloomAndCompositeSubmit.Unit=us
Cpu.BloomAndCompositeSubmit.Samples=1667
Cpu.BloomAndCompositeSubmit.RecordedSamples=1667
Cpu.BloomAndCompositeSubmit.DroppedSamples=0
Cpu.BloomAndCompositeSubmit.Min=0
Cpu.BloomAndCompositeSubmit.Average=15.140
Cpu.BloomAndCompositeSubmit.P50=14
Cpu.BloomAndCompositeSubmit.P95=26
Cpu.BloomAndCompositeSubmit.P99=36
Cpu.BloomAndCompositeSubmit.Max=168
Cpu.DiagnosticReadback.Available=false
Cpu.DiagnosticReadback.Unit=us
Cpu.DiagnosticReadback.Samples=0
Cpu.DiagnosticReadback.RecordedSamples=0
Cpu.DiagnosticReadback.DroppedSamples=0
Cpu.PresentCall.Available=true
Cpu.PresentCall.Unit=us
Cpu.PresentCall.Samples=1667
Cpu.PresentCall.RecordedSamples=1667
Cpu.PresentCall.DroppedSamples=0
Cpu.PresentCall.Min=106
Cpu.PresentCall.Average=231.755
Cpu.PresentCall.P50=211
Cpu.PresentCall.P95=346
Cpu.PresentCall.P99=450
Cpu.PresentCall.Max=5661
WGC.SampleAge.Available=false
WGC.SampleAge.Unit=us
WGC.SampleAge.Samples=0
WGC.SampleAge.RecordedSamples=0
WGC.SampleAge.DroppedSamples=0
Input.PendingEvents.Available=false
Input.PendingEvents.Unit=events
Input.PendingEvents.Samples=0
Input.PendingEvents.RecordedSamples=0
Input.PendingEvents.DroppedSamples=0
Input.Win32QueueAge.Available=false
Input.Win32QueueAge.Unit=ms
Input.Win32QueueAge.Samples=0
Input.Win32QueueAge.RecordedSamples=0
Input.Win32QueueAge.DroppedSamples=0
Input.DispatchToPresentReturn.Available=false
Input.DispatchToPresentReturn.Unit=us
Input.DispatchToPresentReturn.Samples=0
Input.DispatchToPresentReturn.RecordedSamples=0
Input.DispatchToPresentReturn.DroppedSamples=0
Input.MessageToPresentReturn.Available=false
Input.MessageToPresentReturn.Unit=ms
Input.MessageToPresentReturn.Samples=0
Input.MessageToPresentReturn.RecordedSamples=0
Input.MessageToPresentReturn.DroppedSamples=0
GPU.PendingFrames.Available=true
GPU.PendingFrames.Unit=slots
GPU.PendingFrames.Samples=1667
GPU.PendingFrames.RecordedSamples=1667
GPU.PendingFrames.DroppedSamples=0
GPU.PendingFrames.Min=1
GPU.PendingFrames.Average=1.000
GPU.PendingFrames.P50=1
GPU.PendingFrames.P95=1
GPU.PendingFrames.P99=1
GPU.PendingFrames.Max=1
GPU.WgcDrainAndCopy.Available=false
GPU.WgcDrainAndCopy.Unit=us
GPU.WgcDrainAndCopy.Samples=0
GPU.WgcDrainAndCopy.RecordedSamples=0
GPU.WgcDrainAndCopy.DroppedSamples=0
GPU.BackgroundSnapshot.Available=false
GPU.BackgroundSnapshot.Unit=us
GPU.BackgroundSnapshot.Samples=0
GPU.BackgroundSnapshot.RecordedSamples=0
GPU.BackgroundSnapshot.DroppedSamples=0
GPU.FxMaterials.Available=true
GPU.FxMaterials.Unit=us
GPU.FxMaterials.Samples=1657
GPU.FxMaterials.RecordedSamples=1657
GPU.FxMaterials.DroppedSamples=0
GPU.FxMaterials.Min=32
GPU.FxMaterials.Average=53.747
GPU.FxMaterials.P50=54
GPU.FxMaterials.P95=64
GPU.FxMaterials.P99=103
GPU.FxMaterials.Max=1737
GPU.BloomAndFinalComposite.Available=true
GPU.BloomAndFinalComposite.Unit=us
GPU.BloomAndFinalComposite.Samples=1657
GPU.BloomAndFinalComposite.RecordedSamples=1657
GPU.BloomAndFinalComposite.DroppedSamples=0
GPU.BloomAndFinalComposite.Min=437
GPU.BloomAndFinalComposite.Average=1633.684
GPU.BloomAndFinalComposite.P50=2003
GPU.BloomAndFinalComposite.P95=2392
GPU.BloomAndFinalComposite.P99=2684
GPU.BloomAndFinalComposite.Max=23282
GPU.FxTotal.Available=true
GPU.FxTotal.Unit=us
GPU.FxTotal.Samples=1657
GPU.FxTotal.RecordedSamples=1657
GPU.FxTotal.DroppedSamples=0
GPU.FxTotal.Min=472
GPU.FxTotal.Average=1687.813
GPU.FxTotal.P50=2053
GPU.FxTotal.P95=2453
GPU.FxTotal.P99=2752
GPU.FxTotal.Max=23346
GPU.RenderCommandSpan.Available=true
GPU.RenderCommandSpan.Unit=us
GPU.RenderCommandSpan.Samples=1666
GPU.RenderCommandSpan.RecordedSamples=1666
GPU.RenderCommandSpan.DroppedSamples=0
GPU.RenderCommandSpan.Min=246
GPU.RenderCommandSpan.Average=1681.253
GPU.RenderCommandSpan.P50=2051
GPU.RenderCommandSpan.P95=2453
GPU.RenderCommandSpan.P99=2752
GPU.RenderCommandSpan.Max=23346
---
Log.SchemaVersion=2
Log.SessionId=20260814T174042.736Z-356820-42FAEFE75B7
Event.Sequence=16
Event.Utc=2026-08-14T17:40:53.618Z
Event.MonotonicUs=10882423
Event.ProcessId=356820
Event.ThreadId=343280
Event.Level=Info
Event.Name=Performance.Interval
Configuration.SchemaVersion=7
Effects.Enabled=true
Effects.ClickEnabled=true
Effects.TrailEnabled=true
Effects.GlobalScale=1.000
Effects.TrailLength=1.000
Effects.TrailWidth=1.000
Effects.BloomIntensity=1.000
Effects.BloomQuality=high
Effects.BloomDiffusion=7.000
Background.Mode=recording-compatible
Background.CursorExcluded=true
Background.AllowSystemBorder=true
Input.LeftClick=true
Input.RightClick=true
Input.MiddleClick=false
Input.SamplingRateHz=0
Input.TrailOnlyWhilePressed=true
Performance.IdleOptimization=true
Performance.FramePacing=match-display
Output.Width=3840
Output.Height=2160
Window.Final=true
Window.DurationUs=498136
Window.FrameCount=84
Window.PresentedFps=168.629
Runtime.Paused=false
Background.CompositeStatus=inactive
Timing.CpuSemantic=inclusive-api-call-duration-not-gpu-execution
Timing.PresentSemantic=Present-call-return-not-dwm-composition-or-scanout
Timing.InputSemantic=input-to-Present-return-not-photon-latency
Timing.GpuSemantic=asynchronous-D3D11-timestamp-command-execution-not-Present-DWM-or-scanout
GPU.SampleCompletionSemantic=completed-sample-may-belong-to-an-older-reporting-window
GPU.StageApplicabilitySemantic=WGC-drain-attempted-snapshot-attempted-and-visual-FX-only
WGC.ProducerSemantic=FrameArrived-callback-rate-proxy
Diagnostics.PreviousLogWriteCpuUs=828
WGC.ActiveFrames=0
WGC.DrainPolicy=active-fx-only
WGC.DrainAttemptedFrames=0
WGC.IdleDrainSkippedFrames=0
WGC.ProducerCallbacks=0
WGC.ProducerCallbackFps=0.000
WGC.FramesAcquired=0
WGC.FramesSuperseded=0
WGC.TimestampRejectedFrames=0
WGC.OwnedCopiesSubmitted=0
WGC.SamplesAccepted=0
WGC.AcceptedFps=0.000
Background.SnapshotAttempts=0
Background.SnapshotsRefreshed=0
Background.ParticipatingFrames=0
Input.RawMessages=0
Input.MoveEvents=0
Input.ButtonEdges=0
Input.CancelEvents=0
Input.CompactedMoveEvents=0
Input.OverflowMoveDrops=0
Input.MessageTimeUnavailable=0
MessagePump.InputDispatched=0
MessagePump.OtherDispatched=0
MessagePump.InputBudgetExhaustions=0
MessagePump.OtherBudgetExhaustions=0
FramePacing.FrameReadyWakes=85
FramePacing.MessageWakes=0
FramePacing.Timeouts=0
FramePacing.Failures=0
GPU.TimestampProfiler.Observed=true
GPU.TimestampProfiler.Available=true
GPU.TimestampProfiler.InitializationHresult=0x00000000
GPU.FramesStarted=84
GPU.FramesSubmitted=84
GPU.PendingPolls=0
GPU.RingFullSkipped=0
GPU.SamplesCompleted=84
GPU.CancelledSlotsReclaimed=0
GPU.DisjointSamples=0
GPU.QueryFailures=0
GPU.StateErrors=0
Cpu.FrameTotal.Available=true
Cpu.FrameTotal.Unit=us
Cpu.FrameTotal.Samples=84
Cpu.FrameTotal.RecordedSamples=84
Cpu.FrameTotal.DroppedSamples=0
Cpu.FrameTotal.Min=149
Cpu.FrameTotal.Average=230.250
Cpu.FrameTotal.P50=212
Cpu.FrameTotal.P95=340
Cpu.FrameTotal.P99=420
Cpu.FrameTotal.Max=420
Cpu.WgcDrainInclusive.Available=false
Cpu.WgcDrainInclusive.Unit=us
Cpu.WgcDrainInclusive.Samples=0
Cpu.WgcDrainInclusive.RecordedSamples=0
Cpu.WgcDrainInclusive.DroppedSamples=0
Cpu.WgcOwnedCopySubmit.Available=false
Cpu.WgcOwnedCopySubmit.Unit=us
Cpu.WgcOwnedCopySubmit.Samples=0
Cpu.WgcOwnedCopySubmit.RecordedSamples=0
Cpu.WgcOwnedCopySubmit.DroppedSamples=0
Cpu.BackgroundSnapshotSubmit.Available=false
Cpu.BackgroundSnapshotSubmit.Unit=us
Cpu.BackgroundSnapshotSubmit.Samples=0
Cpu.BackgroundSnapshotSubmit.RecordedSamples=0
Cpu.BackgroundSnapshotSubmit.DroppedSamples=0
Cpu.FxTotalSubmit.Available=true
Cpu.FxTotalSubmit.Unit=us
Cpu.FxTotalSubmit.Samples=84
Cpu.FxTotalSubmit.RecordedSamples=84
Cpu.FxTotalSubmit.DroppedSamples=0
Cpu.FxTotalSubmit.Min=22
Cpu.FxTotalSubmit.Average=35.667
Cpu.FxTotalSubmit.P50=34
Cpu.FxTotalSubmit.P95=53
Cpu.FxTotalSubmit.P99=62
Cpu.FxTotalSubmit.Max=62
Cpu.FxMaterialsSubmit.Available=true
Cpu.FxMaterialsSubmit.Unit=us
Cpu.FxMaterialsSubmit.Samples=84
Cpu.FxMaterialsSubmit.RecordedSamples=84
Cpu.FxMaterialsSubmit.DroppedSamples=0
Cpu.FxMaterialsSubmit.Min=14
Cpu.FxMaterialsSubmit.Average=22.310
Cpu.FxMaterialsSubmit.P50=22
Cpu.FxMaterialsSubmit.P95=33
Cpu.FxMaterialsSubmit.P99=39
Cpu.FxMaterialsSubmit.Max=39
Cpu.BloomAndCompositeSubmit.Available=true
Cpu.BloomAndCompositeSubmit.Unit=us
Cpu.BloomAndCompositeSubmit.Samples=84
Cpu.BloomAndCompositeSubmit.RecordedSamples=84
Cpu.BloomAndCompositeSubmit.DroppedSamples=0
Cpu.BloomAndCompositeSubmit.Min=7
Cpu.BloomAndCompositeSubmit.Average=12.190
Cpu.BloomAndCompositeSubmit.P50=12
Cpu.BloomAndCompositeSubmit.P95=19
Cpu.BloomAndCompositeSubmit.P99=22
Cpu.BloomAndCompositeSubmit.Max=22
Cpu.DiagnosticReadback.Available=false
Cpu.DiagnosticReadback.Unit=us
Cpu.DiagnosticReadback.Samples=0
Cpu.DiagnosticReadback.RecordedSamples=0
Cpu.DiagnosticReadback.DroppedSamples=0
Cpu.PresentCall.Available=true
Cpu.PresentCall.Unit=us
Cpu.PresentCall.Samples=84
Cpu.PresentCall.RecordedSamples=84
Cpu.PresentCall.DroppedSamples=0
Cpu.PresentCall.Min=121
Cpu.PresentCall.Average=191.738
Cpu.PresentCall.P50=172
Cpu.PresentCall.P95=297
Cpu.PresentCall.P99=383
Cpu.PresentCall.Max=383
WGC.SampleAge.Available=false
WGC.SampleAge.Unit=us
WGC.SampleAge.Samples=0
WGC.SampleAge.RecordedSamples=0
WGC.SampleAge.DroppedSamples=0
Input.PendingEvents.Available=false
Input.PendingEvents.Unit=events
Input.PendingEvents.Samples=0
Input.PendingEvents.RecordedSamples=0
Input.PendingEvents.DroppedSamples=0
Input.Win32QueueAge.Available=false
Input.Win32QueueAge.Unit=ms
Input.Win32QueueAge.Samples=0
Input.Win32QueueAge.RecordedSamples=0
Input.Win32QueueAge.DroppedSamples=0
Input.DispatchToPresentReturn.Available=false
Input.DispatchToPresentReturn.Unit=us
Input.DispatchToPresentReturn.Samples=0
Input.DispatchToPresentReturn.RecordedSamples=0
Input.DispatchToPresentReturn.DroppedSamples=0
Input.MessageToPresentReturn.Available=false
Input.MessageToPresentReturn.Unit=ms
Input.MessageToPresentReturn.Samples=0
Input.MessageToPresentReturn.RecordedSamples=0
Input.MessageToPresentReturn.DroppedSamples=0
GPU.PendingFrames.Available=true
GPU.PendingFrames.Unit=slots
GPU.PendingFrames.Samples=84
GPU.PendingFrames.RecordedSamples=84
GPU.PendingFrames.DroppedSamples=0
GPU.PendingFrames.Min=1
GPU.PendingFrames.Average=1.000
GPU.PendingFrames.P50=1
GPU.PendingFrames.P95=1
GPU.PendingFrames.P99=1
GPU.PendingFrames.Max=1
GPU.WgcDrainAndCopy.Available=false
GPU.WgcDrainAndCopy.Unit=us
GPU.WgcDrainAndCopy.Samples=0
GPU.WgcDrainAndCopy.RecordedSamples=0
GPU.WgcDrainAndCopy.DroppedSamples=0
GPU.BackgroundSnapshot.Available=false
GPU.BackgroundSnapshot.Unit=us
GPU.BackgroundSnapshot.Samples=0
GPU.BackgroundSnapshot.RecordedSamples=0
GPU.BackgroundSnapshot.DroppedSamples=0
GPU.FxMaterials.Available=true
GPU.FxMaterials.Unit=us
GPU.FxMaterials.Samples=84
GPU.FxMaterials.RecordedSamples=84
GPU.FxMaterials.DroppedSamples=0
GPU.FxMaterials.Min=63
GPU.FxMaterials.Average=65.500
GPU.FxMaterials.P50=64
GPU.FxMaterials.P95=65
GPU.FxMaterials.P99=103
GPU.FxMaterials.Max=103
GPU.BloomAndFinalComposite.Available=true
GPU.BloomAndFinalComposite.Unit=us
GPU.BloomAndFinalComposite.Samples=84
GPU.BloomAndFinalComposite.RecordedSamples=84
GPU.BloomAndFinalComposite.DroppedSamples=0
GPU.BloomAndFinalComposite.Min=667
GPU.BloomAndFinalComposite.Average=2174.667
GPU.BloomAndFinalComposite.P50=2210
GPU.BloomAndFinalComposite.P95=2465
GPU.BloomAndFinalComposite.P99=2634
GPU.BloomAndFinalComposite.Max=2634
GPU.FxTotal.Available=true
GPU.FxTotal.Unit=us
GPU.FxTotal.Samples=84
GPU.FxTotal.RecordedSamples=84
GPU.FxTotal.DroppedSamples=0
GPU.FxTotal.Min=732
GPU.FxTotal.Average=2240.726
GPU.FxTotal.P50=2276
GPU.FxTotal.P95=2531
GPU.FxTotal.P99=2699
GPU.FxTotal.Max=2699
GPU.RenderCommandSpan.Available=true
GPU.RenderCommandSpan.Unit=us
GPU.RenderCommandSpan.Samples=84
GPU.RenderCommandSpan.RecordedSamples=84
GPU.RenderCommandSpan.DroppedSamples=0
GPU.RenderCommandSpan.Min=732
GPU.RenderCommandSpan.Average=2240.750
GPU.RenderCommandSpan.P50=2276
GPU.RenderCommandSpan.P95=2531
GPU.RenderCommandSpan.P99=2699
GPU.RenderCommandSpan.Max=2699
---
Log.SchemaVersion=2
Log.SessionId=20260814T174042.736Z-356820-42FAEFE75B7
Event.Sequence=17
Event.Utc=2026-08-14T17:40:53.657Z
Event.MonotonicUs=10921501
Event.ProcessId=356820
Event.ThreadId=343280
Event.Level=Info
Event.Name=Process.Exited
---
